Archive member included to satisfy reference by file (symbol)

c:/ac6/systemworkbench/plugins/fr.ac6.mcu.externaltools.arm-none.win32_1.16.0.201807130628/tools/compiler/bin/../lib/gcc/arm-none-eabi/7.2.1/../../../../arm-none-eabi/lib/thumb/v7e-m/fpv4-sp/hard\libc_nano.a(lib_a-exit.o)
                              c:/ac6/systemworkbench/plugins/fr.ac6.mcu.externaltools.arm-none.win32_1.16.0.201807130628/tools/compiler/bin/../lib/gcc/arm-none-eabi/7.2.1/../../../../arm-none-eabi/lib/thumb/v7e-m/fpv4-sp/hard/crt0.o (exit)
c:/ac6/systemworkbench/plugins/fr.ac6.mcu.externaltools.arm-none.win32_1.16.0.201807130628/tools/compiler/bin/../lib/gcc/arm-none-eabi/7.2.1/../../../../arm-none-eabi/lib/thumb/v7e-m/fpv4-sp/hard\libc_nano.a(lib_a-impure.o)
                              c:/ac6/systemworkbench/plugins/fr.ac6.mcu.externaltools.arm-none.win32_1.16.0.201807130628/tools/compiler/bin/../lib/gcc/arm-none-eabi/7.2.1/../../../../arm-none-eabi/lib/thumb/v7e-m/fpv4-sp/hard\libc_nano.a(lib_a-exit.o) (_global_impure_ptr)
c:/ac6/systemworkbench/plugins/fr.ac6.mcu.externaltools.arm-none.win32_1.16.0.201807130628/tools/compiler/bin/../lib/gcc/arm-none-eabi/7.2.1/../../../../arm-none-eabi/lib/thumb/v7e-m/fpv4-sp/hard\libc_nano.a(lib_a-init.o)
                              c:/ac6/systemworkbench/plugins/fr.ac6.mcu.externaltools.arm-none.win32_1.16.0.201807130628/tools/compiler/bin/../lib/gcc/arm-none-eabi/7.2.1/../../../../arm-none-eabi/lib/thumb/v7e-m/fpv4-sp/hard/crt0.o (__libc_init_array)
c:/ac6/systemworkbench/plugins/fr.ac6.mcu.externaltools.arm-none.win32_1.16.0.201807130628/tools/compiler/bin/../lib/gcc/arm-none-eabi/7.2.1/../../../../arm-none-eabi/lib/thumb/v7e-m/fpv4-sp/hard\libc_nano.a(lib_a-malloc.o)
                              Application/User/Lcd_driver/src/tm_stm32_delay.o (malloc)
c:/ac6/systemworkbench/plugins/fr.ac6.mcu.externaltools.arm-none.win32_1.16.0.201807130628/tools/compiler/bin/../lib/gcc/arm-none-eabi/7.2.1/../../../../arm-none-eabi/lib/thumb/v7e-m/fpv4-sp/hard\libc_nano.a(lib_a-memset.o)
                              c:/ac6/systemworkbench/plugins/fr.ac6.mcu.externaltools.arm-none.win32_1.16.0.201807130628/tools/compiler/bin/../lib/gcc/arm-none-eabi/7.2.1/../../../../arm-none-eabi/lib/thumb/v7e-m/fpv4-sp/hard/crt0.o (memset)
c:/ac6/systemworkbench/plugins/fr.ac6.mcu.externaltools.arm-none.win32_1.16.0.201807130628/tools/compiler/bin/../lib/gcc/arm-none-eabi/7.2.1/../../../../arm-none-eabi/lib/thumb/v7e-m/fpv4-sp/hard\libc_nano.a(lib_a-nano-freer.o)
                              c:/ac6/systemworkbench/plugins/fr.ac6.mcu.externaltools.arm-none.win32_1.16.0.201807130628/tools/compiler/bin/../lib/gcc/arm-none-eabi/7.2.1/../../../../arm-none-eabi/lib/thumb/v7e-m/fpv4-sp/hard\libc_nano.a(lib_a-malloc.o) (_free_r)
c:/ac6/systemworkbench/plugins/fr.ac6.mcu.externaltools.arm-none.win32_1.16.0.201807130628/tools/compiler/bin/../lib/gcc/arm-none-eabi/7.2.1/../../../../arm-none-eabi/lib/thumb/v7e-m/fpv4-sp/hard\libc_nano.a(lib_a-nano-mallocr.o)
                              c:/ac6/systemworkbench/plugins/fr.ac6.mcu.externaltools.arm-none.win32_1.16.0.201807130628/tools/compiler/bin/../lib/gcc/arm-none-eabi/7.2.1/../../../../arm-none-eabi/lib/thumb/v7e-m/fpv4-sp/hard\libc_nano.a(lib_a-malloc.o) (_malloc_r)
c:/ac6/systemworkbench/plugins/fr.ac6.mcu.externaltools.arm-none.win32_1.16.0.201807130628/tools/compiler/bin/../lib/gcc/arm-none-eabi/7.2.1/../../../../arm-none-eabi/lib/thumb/v7e-m/fpv4-sp/hard\libc_nano.a(lib_a-sbrkr.o)
                              c:/ac6/systemworkbench/plugins/fr.ac6.mcu.externaltools.arm-none.win32_1.16.0.201807130628/tools/compiler/bin/../lib/gcc/arm-none-eabi/7.2.1/../../../../arm-none-eabi/lib/thumb/v7e-m/fpv4-sp/hard\libc_nano.a(lib_a-nano-mallocr.o) (_sbrk_r)
c:/ac6/systemworkbench/plugins/fr.ac6.mcu.externaltools.arm-none.win32_1.16.0.201807130628/tools/compiler/bin/../lib/gcc/arm-none-eabi/7.2.1/../../../../arm-none-eabi/lib/thumb/v7e-m/fpv4-sp/hard\libc_nano.a(lib_a-mlock.o)
                              c:/ac6/systemworkbench/plugins/fr.ac6.mcu.externaltools.arm-none.win32_1.16.0.201807130628/tools/compiler/bin/../lib/gcc/arm-none-eabi/7.2.1/../../../../arm-none-eabi/lib/thumb/v7e-m/fpv4-sp/hard\libc_nano.a(lib_a-nano-freer.o) (__malloc_lock)
c:/ac6/systemworkbench/plugins/fr.ac6.mcu.externaltools.arm-none.win32_1.16.0.201807130628/tools/compiler/bin/../lib/gcc/arm-none-eabi/7.2.1/../../../../arm-none-eabi/lib/thumb/v7e-m/fpv4-sp/hard\libc_nano.a(lib_a-reent.o)
                              c:/ac6/systemworkbench/plugins/fr.ac6.mcu.externaltools.arm-none.win32_1.16.0.201807130628/tools/compiler/bin/../lib/gcc/arm-none-eabi/7.2.1/../../../../arm-none-eabi/lib/thumb/v7e-m/fpv4-sp/hard\libc_nano.a(lib_a-sbrkr.o) (errno)
c:/ac6/systemworkbench/plugins/fr.ac6.mcu.externaltools.arm-none.win32_1.16.0.201807130628/tools/compiler/bin/../lib/gcc/arm-none-eabi/7.2.1/../../../../arm-none-eabi/lib/thumb/v7e-m/fpv4-sp/hard\libnosys.a(sbrk.o)
[...]
Memory Configuration

Name             Origin             Length             Attributes
RAM              0x20000000         0x00008000         xrw
FLASH            0x08000000         0x00020000         xr
*default*        0x00000000         0xffffffff

Linker script and memory map

LOAD c:/ac6/systemworkbench/plugins/fr.ac6.mcu.externaltools.arm-none.win32_1.16.0.201807130628/tools/compiler/bin/../lib/gcc/arm-none-eabi/7.2.1/thumb/v7e-m/fpv4-sp/hard/crti.o
LOAD c:/ac6/systemworkbench/plugins/fr.ac6.mcu.externaltools.arm-none.win32_1.16.0.201807130628/tools/compiler/bin/../lib/gcc/arm-none-eabi/7.2.1/thumb/v7e-m/fpv4-sp/hard/crtbegin.o
LOAD c:/ac6/systemworkbench/plugins/fr.ac6.mcu.externaltools.arm-none.win32_1.16.0.201807130628/tools/compiler/bin/../lib/gcc/arm-none-eabi/7.2.1/../../../../arm-none-eabi/lib/thumb/v7e-m/fpv4-sp/hard/crt0.o
LOAD Application/SW4STM32/startup_stm32f410rx.o
LOAD Application/User/KeyPad_4x4/src/KeyPad_4x4.o
LOAD Application/User/Lcd_driver/src/tm_stm32_delay.o
LOAD Application/User/Lcd_driver/src/tm_stm32_gpio.o
LOAD Application/User/Lcd_driver/src/tm_stm32_hd44780.o
LOAD Application/User/main.o
LOAD Application/User/stm32f4xx_hal_msp.o
LOAD Application/User/stm32f4xx_it.o
LOAD Drivers/CMSIS/system_stm32f4xx.o
LOAD Drivers/STM32F4xx_HAL_Driver/stm32f4xx_hal.o
LOAD Drivers/STM32F4xx_HAL_Driver/stm32f4xx_hal_cortex.o
LOAD Drivers/STM32F4xx_HAL_Driver/stm32f4xx_hal_dma.o
LOAD Drivers/STM32F4xx_HAL_Driver/stm32f4xx_hal_dma_ex.o
LOAD Drivers/STM32F4xx_HAL_Driver/stm32f4xx_hal_flash.o
LOAD Drivers/STM32F4xx_HAL_Driver/stm32f4xx_hal_flash_ex.o
LOAD Drivers/STM32F4xx_HAL_Driver/stm32f4xx_hal_flash_ramfunc.o
LOAD Drivers/STM32F4xx_HAL_Driver/stm32f4xx_hal_gpio.o
LOAD Drivers/STM32F4xx_HAL_Driver/stm32f4xx_hal_pwr.o
LOAD Drivers/STM32F4xx_HAL_Driver/stm32f4xx_hal_pwr_ex.o
LOAD Drivers/STM32F4xx_HAL_Driver/stm32f4xx_hal_rcc.o
LOAD Drivers/STM32F4xx_HAL_Driver/stm32f4xx_hal_rcc_ex.o
LOAD Drivers/STM32F4xx_HAL_Driver/stm32f4xx_hal_tim.o
LOAD Drivers/STM32F4xx_HAL_Driver/stm32f4xx_hal_tim_ex.o
LOAD c:/ac6/systemworkbench/plugins/fr.ac6.mcu.externaltools.arm-none.win32_1.16.0.201807130628/tools/compiler/bin/../lib/gcc/arm-none-eabi/7.2.1/../../../../arm-none-eabi/lib/thumb/v7e-m/fpv4-sp/hard\libm.a
START GROUP
LOAD c:/ac6/systemworkbench/plugins/fr.ac6.mcu.externaltools.arm-none.win32_1.16.0.201807130628/tools/compiler/bin/../lib/gcc/arm-none-eabi/7.2.1/thumb/v7e-m/fpv4-sp/hard\libgcc.a
LOAD c:/ac6/systemworkbench/plugins/fr.ac6.mcu.externaltools.arm-none.win32_1.16.0.201807130628/tools/compiler/bin/../lib/gcc/arm-none-eabi/7.2.1/../../../../arm-none-eabi/lib/thumb/v7e-m/fpv4-sp/hard\libc_nano.a
END GROUP
START GROUP
LOAD c:/ac6/systemworkbench/plugins/fr.ac6.mcu.externaltools.arm-none.win32_1.16.0.201807130628/tools/compiler/bin/../lib/gcc/arm-none-eabi/7.2.1/thumb/v7e-m/fpv4-sp/hard\libgcc.a
LOAD c:/ac6/systemworkbench/plugins/fr.ac6.mcu.externaltools.arm-none.win32_1.16.0.201807130628/tools/compiler/bin/../lib/gcc/arm-none-eabi/7.2.1/../../../../arm-none-eabi/lib/thumb/v7e-m/fpv4-sp/hard\libc_nano.a
LOAD c:/ac6/systemworkbench/plugins/fr.ac6.mcu.externaltools.arm-none.win32_1.16.0.201807130628/tools/compiler/bin/../lib/gcc/arm-none-eabi/7.2.1/../../../../arm-none-eabi/lib/thumb/v7e-m/fpv4-sp/hard\libnosys.a
END GROUP
START GROUP
LOAD c:/ac6/systemworkbench/plugins/fr.ac6.mcu.externaltools.arm-none.win32_1.16.0.201807130628/tools/compiler/bin/../lib/gcc/arm-none-eabi/7.2.1/thumb/v7e-m/fpv4-sp/hard\libgcc.a
LOAD c:/ac6/systemworkbench/plugins/fr.ac6.mcu.externaltools.arm-none.win32_1.16.0.201807130628/tools/compiler/bin/../lib/gcc/arm-none-eabi/7.2.1/../../../../arm-none-eabi/lib/thumb/v7e-m/fpv4-sp/hard\libc_nano.a
LOAD c:/ac6/systemworkbench/plugins/fr.ac6.mcu.externaltools.arm-none.win32_1.16.0.201807130628/tools/compiler/bin/../lib/gcc/arm-none-eabi/7.2.1/../../../../arm-none-eabi/lib/thumb/v7e-m/fpv4-sp/hard\libnosys.a
END GROUP
LOAD c:/ac6/systemworkbench/plugins/fr.ac6.mcu.externaltools.arm-none.win32_1.16.0.201807130628/tools/compiler/bin/../lib/gcc/arm-none-eabi/7.2.1/thumb/v7e-m/fpv4-sp/hard/crtend.o
LOAD c:/ac6/systemworkbench/plugins/fr.ac6.mcu.externaltools.arm-none.win32_1.16.0.201807130628/tools/compiler/bin/../lib/gcc/arm-none-eabi/7.2.1/thumb/v7e-m/fpv4-sp/hard/crtn.o
                0x20008000                _estack = 0x20008000
                0x00000200                _Min_Heap_Size = 0x200
                0x00000400                _Min_Stack_Size = 0x400

.isr_vector     0x08000000      0x1c8
                0x08000000                . = ALIGN (0x4)
 *(.isr_vector)
 .isr_vector    0x08000000      0x1c8 Application/SW4STM32/startup_stm32f410rx.o
                0x08000000                g_pfnVectors
                0x080001c8                . = ALIGN (0x4)

.text           0x080001c8      0xf80
                0x080001c8                . = ALIGN (0x4)
 *(.text)
 .text          0x080001c8       0x40 c:/ac6/systemworkbench/plugins/fr.ac6.mcu.externaltools.arm-none.win32_1.16.0.201807130628/tools/compiler/bin/../lib/gcc/arm-none-eabi/7.2.1/thumb/v7e-m/fpv4-sp/hard/crtbegin.o
 *(.text*)
 .text.Reset_Handler
                0x08000208       0x50 Application/SW4STM32/startup_stm32f410rx.o
                0x08000208                Reset_Handler
 .text.Default_Handler
                0x08000258        0x2 Application/SW4STM32/startup_stm32f410rx.o
                0x08000258                RTC_Alarm_IRQHandler
                0x08000258                EXTI2_IRQHandler
                0x08000258                DebugMon_Handler
                0x08000258                FMPI2C1_EV_IRQHandler
                0x08000258                TIM1_CC_IRQHandler
                0x08000258                DMA2_Stream5_IRQHandler
                0x08000258                HardFault_Handler
                0x08000258                DMA1_Stream5_IRQHandler
                0x08000258                PVD_IRQHandler
                0x08000258                TAMP_STAMP_IRQHandler
                0x08000258                NMI_Handler
                0x08000258                EXTI3_IRQHandler
                0x08000258                EXTI0_IRQHandler
                0x08000258                I2C2_EV_IRQHandler
                0x08000258                DMA1_Stream2_IRQHandler
                0x08000258                FPU_IRQHandler
                0x08000258                UsageFault_Handler
                0x08000258                DMA2_Stream2_IRQHandler
                0x08000258                SPI1_IRQHandler
                0x08000258                TIM6_DAC_IRQHandler
                0x08000258                TIM1_BRK_TIM9_IRQHandler
                0x08000258                DMA2_Stream3_IRQHandler
                0x08000258                USART6_IRQHandler
                0x08000258                DMA2_Stream0_IRQHandler
                0x08000258                I2C1_EV_IRQHandler
                0x08000258                DMA1_Stream6_IRQHandler
                0x08000258                DMA1_Stream1_IRQHandler
                0x08000258                RCC_IRQHandler
                0x08000258                Default_Handler
                0x08000258                EXTI15_10_IRQHandler
                0x08000258                ADC_IRQHandler
                0x08000258                DMA1_Stream7_IRQHandler
                0x08000258                SPI5_IRQHandler
                0x08000258                TIM5_IRQHandler
                0x08000258                DMA2_Stream7_IRQHandler
                0x08000258                EXTI9_5_IRQHandler
                0x08000258                RTC_WKUP_IRQHandler
                0x08000258                SPI2_IRQHandler
                0x08000258                MemManage_Handler
                0x08000258                DMA1_Stream0_IRQHandler
                0x08000258                FMPI2C1_ER_IRQHandler
                0x08000258                EXTI4_IRQHandler
                0x08000258                RNG_IRQHandler
                0x08000258                TIM1_UP_IRQHandler
                0x08000258                WWDG_IRQHandler
                0x08000258                TIM1_TRG_COM_TIM11_IRQHandler
                0x08000258                EXTI1_IRQHandler
                0x08000258                USART2_IRQHandler
                0x08000258                I2C2_ER_IRQHandler
                0x08000258                DMA2_Stream1_IRQHandler
                0x08000258                FLASH_IRQHandler
                0x08000258                DMA2_Stream4_IRQHandler
                0x08000258                BusFault_Handler
                0x08000258                USART1_IRQHandler
                0x08000258                DMA1_Stream4_IRQHandler
                0x08000258                I2C1_ER_IRQHandler
                0x08000258                LPTIM1_IRQHandler
                0x08000258                DMA2_Stream6_IRQHandler
                0x08000258                DMA1_Stream3_IRQHandler
 *fill*         0x0800025a        0x2 
 .text.TM_DELAY_Init
                0x0800025c       0x3c Application/User/Lcd_driver/src/tm_stm32_delay.o
                0x0800025c                TM_DELAY_Init
 .text.TM_DELAY_1msHandler
                0x08000298        0x2 Application/User/Lcd_driver/src/tm_stm32_delay.o
                0x08000298                TM_DELAY_1msHandler
 *fill*         0x0800029a        0x2 
 .text.HAL_IncTick
                0x0800029c       0x80 Application/User/Lcd_driver/src/tm_stm32_delay.o
                0x0800029c                HAL_IncTick
 .text.HAL_GetTick
                0x0800031c        0xc Application/User/Lcd_driver/src/tm_stm32_delay.o
                0x0800031c                HAL_GetTick
 .text.TM_GPIO_GetPortSource
                0x08000328        0xe Application/User/Lcd_driver/src/tm_stm32_gpio.o
                0x08000328                TM_GPIO_GetPortSource
 *fill*         0x08000336        0x2 
 .text.TM_GPIO_INT_EnableClock
                0x08000338       0x1c Application/User/Lcd_driver/src/tm_stm32_gpio.o
                0x08000338                TM_GPIO_INT_EnableClock
 .text.TM_GPIO_INT_Init
                0x08000354       0xa8 Application/User/Lcd_driver/src/tm_stm32_gpio.o
                0x08000354                TM_GPIO_INT_Init
 .text.TM_GPIO_Init
                0x080003fc       0x30 Application/User/Lcd_driver/src/tm_stm32_gpio.o
                0x080003fc                TM_GPIO_Init
 .text.TM_HD44780_InitPins
                0x0800042c       0x9c Application/User/Lcd_driver/src/tm_stm32_hd44780.o
 .text.TM_HD44780_Cmd4bit
                0x080004c8       0xbc Application/User/Lcd_driver/src/tm_stm32_hd44780.o
 .text.TM_HD44780_Cmd
                0x08000584       0x20 Application/User/Lcd_driver/src/tm_stm32_hd44780.o
 .text.TM_HD44780_CursorSet
                0x080005a4       0x40 Application/User/Lcd_driver/src/tm_stm32_hd44780.o
 .text.TM_HD44780_Data
                0x080005e4       0x20 Application/User/Lcd_driver/src/tm_stm32_hd44780.o
 .text.TM_HD44780_Clear
                0x08000604       0x34 Application/User/Lcd_driver/src/tm_stm32_hd44780.o
                0x08000604                TM_HD44780_Clear
 .text.TM_HD44780_Puts
                0x08000638       0x68 Application/User/Lcd_driver/src/tm_stm32_hd44780.o
                0x08000638                TM_HD44780_Puts
 .text.TM_HD44780_DisplayOn
                0x080006a0       0x1c Application/User/Lcd_driver/src/tm_stm32_hd44780.o
                0x080006a0                TM_HD44780_DisplayOn
 .text.TM_HD44780_Init
                0x080006bc      0x138 Application/User/Lcd_driver/src/tm_stm32_hd44780.o
                0x080006bc                TM_HD44780_Init
 .text._Error_Handler
                0x080007f4        0x2 Application/User/main.o
                0x080007f4                _Error_Handler
 *fill*         0x080007f6        0x2 
 .text.SystemClock_Config
                0x080007f8       0xc0 Application/User/main.o
                0x080007f8                SystemClock_Config
 .text.main     0x080008b8       0x30 Application/User/main.o
                0x080008b8                main
 .text.HAL_MspInit
                0x080008e8       0x5e Application/User/stm32f4xx_hal_msp.o
                0x080008e8                HAL_MspInit
 .text.SVC_Handler
                0x08000946        0x2 Application/User/stm32f4xx_it.o
                0x08000946                SVC_Handler
 .text.PendSV_Handler
                0x08000948        0x2 Application/User/stm32f4xx_it.o
                0x08000948                PendSV_Handler
 .text.SysTick_Handler
                0x0800094a        0xc Application/User/stm32f4xx_it.o
                0x0800094a                SysTick_Handler
 *fill*         0x08000956        0x2 
 .text.SystemInit
                0x08000958       0x4c Drivers/CMSIS/system_stm32f4xx.o
                0x08000958                SystemInit
 .text.HAL_InitTick
                0x080009a4       0x2c Drivers/STM32F4xx_HAL_Driver/stm32f4xx_hal.o
                0x080009a4                HAL_InitTick
 .text.HAL_Init
                0x080009d0       0x34 Drivers/STM32F4xx_HAL_Driver/stm32f4xx_hal.o
                0x080009d0                HAL_Init
 .text.HAL_NVIC_SetPriorityGrouping
                0x08000a04       0x24 Drivers/STM32F4xx_HAL_Driver/stm32f4xx_hal_cortex.o
                0x08000a04                HAL_NVIC_SetPriorityGrouping
 .text.HAL_NVIC_SetPriority
                0x08000a28       0x68 Drivers/STM32F4xx_HAL_Driver/stm32f4xx_hal_cortex.o
                0x08000a28                HAL_NVIC_SetPriority
 .text.HAL_SYSTICK_Config
                0x08000a90       0x2c Drivers/STM32F4xx_HAL_Driver/stm32f4xx_hal_cortex.o
                0x08000a90                HAL_SYSTICK_Config
 .text.HAL_SYSTICK_CLKSourceConfig
                0x08000abc       0x20 Drivers/STM32F4xx_HAL_Driver/stm32f4xx_hal_cortex.o
                0x08000abc                HAL_SYSTICK_CLKSourceConfig
 .text.HAL_SYSTICK_Callback
                0x08000adc        0x2 Drivers/STM32F4xx_HAL_Driver/stm32f4xx_hal_cortex.o
                0x08000adc                HAL_SYSTICK_Callback
 .text.HAL_SYSTICK_IRQHandler
                0x08000ade        0x8 Drivers/STM32F4xx_HAL_Driver/stm32f4xx_hal_cortex.o
                0x08000ade                HAL_SYSTICK_IRQHandler
 *fill*         0x08000ae6        0x2 
 .text.HAL_RCC_GetSysClockFreq
                0x08000ae8       0x94 Drivers/STM32F4xx_HAL_Driver/stm32f4xx_hal_rcc.o
                0x08000ae8                HAL_RCC_GetSysClockFreq
 .text.HAL_RCC_ClockConfig
                0x08000b7c      0x19c Drivers/STM32F4xx_HAL_Driver/stm32f4xx_hal_rcc.o
                0x08000b7c                HAL_RCC_ClockConfig
 .text.HAL_RCC_GetHCLKFreq
                0x08000d18        0xc Drivers/STM32F4xx_HAL_Driver/stm32f4xx_hal_rcc.o
                0x08000d18                HAL_RCC_GetHCLKFreq
 .text.HAL_RCC_OscConfig
                0x08000d24      0x3c4 Drivers/STM32F4xx_HAL_Driver/stm32f4xx_hal_rcc_ex.o
                0x08000d24                HAL_RCC_OscConfig
 .text.__libc_init_array
                0x080010e8       0x48 c:/ac6/systemworkbench/plugins/fr.ac6.mcu.externaltools.arm-none.win32_1.16.0.201807130628/tools/compiler/bin/../lib/gcc/arm-none-eabi/7.2.1/../../../../arm-none-eabi/lib/thumb/v7e-m/fpv4-sp/hard\libc_nano.a(lib_a-init.o)
                0x080010e8                __libc_init_array
 *(.glue_7)
 .glue_7        0x08001130        0x0 linker stubs
 *(.glue_7t)
 .glue_7t       0x08001130        0x0 linker stubs
 *(.eh_frame)
 .eh_frame      0x08001130        0x0 c:/ac6/systemworkbench/plugins/fr.ac6.mcu.externaltools.arm-none.win32_1.16.0.201807130628/tools/compiler/bin/../lib/gcc/arm-none-eabi/7.2.1/thumb/v7e-m/fpv4-sp/hard/crtbegin.o
 *(.init)
 .init          0x08001130        0x4 c:/ac6/systemworkbench/plugins/fr.ac6.mcu.externaltools.arm-none.win32_1.16.0.201807130628/tools/compiler/bin/../lib/gcc/arm-none-eabi/7.2.1/thumb/v7e-m/fpv4-sp/hard/crti.o
                0x08001130                _init
 .init          0x08001134        0x8 c:/ac6/systemworkbench/plugins/fr.ac6.mcu.externaltools.arm-none.win32_1.16.0.201807130628/tools/compiler/bin/../lib/gcc/arm-none-eabi/7.2.1/thumb/v7e-m/fpv4-sp/hard/crtn.o
 *(.fini)
 .fini          0x0800113c        0x4 c:/ac6/systemworkbench/plugins/fr.ac6.mcu.externaltools.arm-none.win32_1.16.0.201807130628/tools/compiler/bin/../lib/gcc/arm-none-eabi/7.2.1/thumb/v7e-m/fpv4-sp/hard/crti.o
                0x0800113c                _fini
 .fini          0x08001140        0x8 c:/ac6/systemworkbench/plugins/fr.ac6.mcu.externaltools.arm-none.win32_1.16.0.201807130628/tools/compiler/bin/../lib/gcc/arm-none-eabi/7.2.1/thumb/v7e-m/fpv4-sp/hard/crtn.o
                0x08001148                . = ALIGN (0x4)
                0x08001148                _etext = .

.vfp11_veneer   0x08001148        0x0
 .vfp11_veneer  0x08001148        0x0 linker stubs

.v4_bx          0x08001148        0x0
 .v4_bx         0x08001148        0x0 linker stubs

.iplt           0x08001148        0x0
 .iplt          0x08001148        0x0 c:/ac6/systemworkbench/plugins/fr.ac6.mcu.externaltools.arm-none.win32_1.16.0.201807130628/tools/compiler/bin/../lib/gcc/arm-none-eabi/7.2.1/thumb/v7e-m/fpv4-sp/hard/crtbegin.o

.rodata         0x08001148       0x60
                0x08001148                . = ALIGN (0x4)
 *(.rodata)
 .rodata        0x08001148        0x4 Application/User/Lcd_driver/src/tm_stm32_hd44780.o
 .rodata        0x0800114c       0x18 Drivers/CMSIS/system_stm32f4xx.o
                0x0800114c                AHBPrescTable
                0x0800115c                APBPrescTable
 *(.rodata*)
 .rodata.str1.4
                0x08001164       0x44 Application/User/main.o
                                 0x41 (size before relaxing)
                0x080011a8                . = ALIGN (0x4)

.rel.dyn        0x080011a8        0x0
 .rel.iplt      0x080011a8        0x0 c:/ac6/systemworkbench/plugins/fr.ac6.mcu.externaltools.arm-none.win32_1.16.0.201807130628/tools/compiler/bin/../lib/gcc/arm-none-eabi/7.2.1/thumb/v7e-m/fpv4-sp/hard/crtbegin.o

.ARM.extab
 *(.ARM.extab* .gnu.linkonce.armextab.*)

.ARM            0x080011a8        0x0
                0x080011a8                __exidx_start = .
 *(.ARM.exidx*)
                0x080011a8                __exidx_end = .

.preinit_array  0x080011a8        0x0
                0x080011a8                PROVIDE (__preinit_array_start, .)
 *(.preinit_array*)
                0x080011a8                PROVIDE (__preinit_array_end, .)

.init_array     0x080011a8        0x4
                0x080011a8                PROVIDE (__init_array_start, .)
 *(SORT_BY_NAME(.init_array.*))
 *(.init_array*)
 .init_array    0x080011a8        0x4 c:/ac6/systemworkbench/plugins/fr.ac6.mcu.externaltools.arm-none.win32_1.16.0.201807130628/tools/compiler/bin/../lib/gcc/arm-none-eabi/7.2.1/thumb/v7e-m/fpv4-sp/hard/crtbegin.o
                0x080011ac                PROVIDE (__init_array_end, .)

.fini_array     0x080011ac        0x4
                [!provide]                PROVIDE (__fini_array_start, .)
 *(SORT_BY_NAME(.fini_array.*))
 *(.fini_array*)
 .fini_array    0x080011ac        0x4 c:/ac6/systemworkbench/plugins/fr.ac6.mcu.externaltools.arm-none.win32_1.16.0.201807130628/tools/compiler/bin/../lib/gcc/arm-none-eabi/7.2.1/thumb/v7e-m/fpv4-sp/hard/crtbegin.o
                [!provide]                PROVIDE (__fini_array_end, .)
                0x080011b0                _sidata = LOADADDR (.data)

.data           0x20000000        0x4 load address 0x080011b0
                0x20000000                . = ALIGN (0x4)
                0x20000000                _sdata = .
 *(.data)
 .data          0x20000000        0x4 Drivers/CMSIS/system_stm32f4xx.o
                0x20000000                SystemCoreClock
 *(.data*)
                0x20000004                . = ALIGN (0x4)
                0x20000004                _edata = .

.igot.plt       0x20000004        0x0 load address 0x080011b4
 .igot.plt      0x20000004        0x0 c:/ac6/systemworkbench/plugins/fr.ac6.mcu.externaltools.arm-none.win32_1.16.0.201807130628/tools/compiler/bin/../lib/gcc/arm-none-eabi/7.2.1/thumb/v7e-m/fpv4-sp/hard/crtbegin.o
                0x20000004                . = ALIGN (0x4)

.bss            0x20000004       0x60 load address 0x080011b4
                0x20000004                _sbss = .
                0x20000004                __bss_start__ = _sbss
 *(.bss)
 .bss           0x20000004       0x1c c:/ac6/systemworkbench/plugins/fr.ac6.mcu.externaltools.arm-none.win32_1.16.0.201807130628/tools/compiler/bin/../lib/gcc/arm-none-eabi/7.2.1/thumb/v7e-m/fpv4-sp/hard/crtbegin.o
 .bss           0x20000020       0x20 Application/User/Lcd_driver/src/tm_stm32_delay.o
                0x20000038                TM_Time
                0x2000003c                TM_Time2
 .bss           0x20000040       0x1a Application/User/Lcd_driver/src/tm_stm32_gpio.o
 *fill*         0x2000005a        0x2 
 .bss           0x2000005c        0x7 Application/User/Lcd_driver/src/tm_stm32_hd44780.o
 *(.bss*)
 *(COMMON)
                0x20000064                . = ALIGN (0x4)
 *fill*         0x20000063        0x1 
                0x20000064                _ebss = .
                0x20000064                __bss_end__ = _ebss

._user_heap_stack
                0x20000064      0x604 load address 0x080011b4
                0x20000068                . = ALIGN (0x8)
 *fill*         0x20000064        0x4 
                0x20000068                PROVIDE (end, .)
                [!provide]                PROVIDE (_end, .)
                0x20000268                . = (. + _Min_Heap_Size)
 *fill*         0x20000068      0x200 
                0x20000668                . = (. + _Min_Stack_Size)
 *fill*         0x20000268      0x400 
                0x20000668                . = ALIGN (0x8)

/DISCARD/
 libc.a(*)
 libm.a(*)
 libgcc.a(*)

.ARM.attributes
                0x00000000       0x30
 *(.ARM.attributes)
 .ARM.attributes
                0x00000000       0x22 c:/ac6/systemworkbench/plugins/fr.ac6.mcu.externaltools.arm-none.win32_1.16.0.201807130628/tools/compiler/bin/../lib/gcc/arm-none-eabi/7.2.1/thumb/v7e-m/fpv4-sp/hard/crti.o
 .ARM.attributes
                0x00000022       0x34 c:/ac6/systemworkbench/plugins/fr.ac6.mcu.externaltools.arm-none.win32_1.16.0.201807130628/tools/compiler/bin/../lib/gcc/arm-none-eabi/7.2.1/thumb/v7e-m/fpv4-sp/hard/crtbegin.o
 .ARM.attributes
                0x00000056       0x21 Application/SW4STM32/startup_stm32f410rx.o
 .ARM.attributes
                0x00000077       0x39 Application/User/Lcd_driver/src/tm_stm32_delay.o
 .ARM.attributes
                0x000000b0       0x39 Application/User/Lcd_driver/src/tm_stm32_gpio.o
 .ARM.attributes
                0x000000e9       0x39 Application/User/Lcd_driver/src/tm_stm32_hd44780.o
 .ARM.attributes
                0x00000122       0x39 Application/User/main.o
 .ARM.attributes
                0x0000015b       0x39 Application/User/stm32f4xx_hal_msp.o
 .ARM.attributes
                0x00000194       0x39 Application/User/stm32f4xx_it.o
 .ARM.attributes
                0x000001cd       0x39 Drivers/CMSIS/system_stm32f4xx.o
 .ARM.attributes
                0x00000206       0x39 Drivers/STM32F4xx_HAL_Driver/stm32f4xx_hal.o
 .ARM.attributes
                0x0000023f       0x39 Drivers/STM32F4xx_HAL_Driver/stm32f4xx_hal_cortex.o
 .ARM.attributes
                0x00000278       0x39 Drivers/STM32F4xx_HAL_Driver/stm32f4xx_hal_rcc.o
 .ARM.attributes
                0x000002b1       0x39 Drivers/STM32F4xx_HAL_Driver/stm32f4xx_hal_rcc_ex.o
 .ARM.attributes
                0x000002ea       0x34 c:/ac6/systemworkbench/plugins/fr.ac6.mcu.externaltools.arm-none.win32_1.16.0.201807130628/tools/compiler/bin/../lib/gcc/arm-none-eabi/7.2.1/../../../../arm-none-eabi/lib/thumb/v7e-m/fpv4-sp/hard\libc_nano.a(lib_a-init.o)
 .ARM.attributes
                0x0000031e       0x22 c:/ac6/systemworkbench/plugins/fr.ac6.mcu.externaltools.arm-none.win32_1.16.0.201807130628/tools/compiler/bin/../lib/gcc/arm-none-eabi/7.2.1/thumb/v7e-m/fpv4-sp/hard/crtn.o
OUTPUT(lcd_test_f4.elf elf32-littlearm)

.debug_line     0x00000000     0x66e3
 .debug_line    0x00000000       0xbc Application/SW4STM32/startup_stm32f410rx.o
 .debug_line    0x000000bc      0x978 Application/User/Lcd_driver/src/tm_stm32_delay.o
 .debug_line    0x00000a34      0x993 Application/User/Lcd_driver/src/tm_stm32_gpio.o
 .debug_line    0x000013c7      0xa72 Application/User/Lcd_driver/src/tm_stm32_hd44780.o
 .debug_line    0x00001e39      0x8c8 Application/User/main.o
 .debug_line    0x00002701      0x7b9 Application/User/stm32f4xx_hal_msp.o
 .debug_line    0x00002eba      0x7e2 Application/User/stm32f4xx_it.o
 .debug_line    0x0000369c      0x7e5 Drivers/CMSIS/system_stm32f4xx.o
 .debug_line    0x00003e81      0x96d Drivers/STM32F4xx_HAL_Driver/stm32f4xx_hal.o
 .debug_line    0x000047ee      0x9f9 Drivers/STM32F4xx_HAL_Driver/stm32f4xx_hal_cortex.o
 .debug_line    0x000051e7      0xad0 Drivers/STM32F4xx_HAL_Driver/stm32f4xx_hal_rcc.o
 .debug_line    0x00005cb7      0xa2c Drivers/STM32F4xx_HAL_Driver/stm32f4xx_hal_rcc_ex.o

.debug_info     0x00000000     0xb5e7
 .debug_info    0x00000000       0x22 Application/SW4STM32/startup_stm32f410rx.o
 .debug_info    0x00000022      0xfb0 Application/User/Lcd_driver/src/tm_stm32_delay.o
 .debug_info    0x00000fd2     0x1194 Application/User/Lcd_driver/src/tm_stm32_gpio.o
 .debug_info    0x00002166     0x1429 Application/User/Lcd_driver/src/tm_stm32_hd44780.o
 .debug_info    0x0000358f     0x100a Application/User/main.o
 .debug_info    0x00004599      0xbc1 Application/User/stm32f4xx_hal_msp.o
 .debug_info    0x0000515a      0x99d Application/User/stm32f4xx_it.o
 .debug_info    0x00005af7      0xd12 Drivers/CMSIS/system_stm32f4xx.o
 .debug_info    0x00006809     0x10cf Drivers/STM32F4xx_HAL_Driver/stm32f4xx_hal.o
 .debug_info    0x000078d8     0x16a7 Drivers/STM32F4xx_HAL_Driver/stm32f4xx_hal_cortex.o
 .debug_info    0x00008f7f     0x14f1 Drivers/STM32F4xx_HAL_Driver/stm32f4xx_hal_rcc.o
 .debug_info    0x0000a470     0x1177 Drivers/STM32F4xx_HAL_Driver/stm32f4xx_hal_rcc_ex.o

.debug_abbrev   0x00000000     0x1f6d
 .debug_abbrev  0x00000000       0x12 Application/SW4STM32/startup_stm32f410rx.o
 .debug_abbrev  0x00000012      0x375 Application/User/Lcd_driver/src/tm_stm32_delay.o
 .debug_abbrev  0x00000387      0x2b9 Application/User/Lcd_driver/src/tm_stm32_gpio.o
 .debug_abbrev  0x00000640      0x337 Application/User/Lcd_driver/src/tm_stm32_hd44780.o
 .debug_abbrev  0x00000977      0x27b Application/User/main.o
 .debug_abbrev  0x00000bf2      0x20b Application/User/stm32f4xx_hal_msp.o
 .debug_abbrev  0x00000dfd      0x1f8 Application/User/stm32f4xx_it.o
 .debug_abbrev  0x00000ff5      0x205 Drivers/CMSIS/system_stm32f4xx.o
 .debug_abbrev  0x000011fa      0x349 Drivers/STM32F4xx_HAL_Driver/stm32f4xx_hal.o
 .debug_abbrev  0x00001543      0x3d6 Drivers/STM32F4xx_HAL_Driver/stm32f4xx_hal_cortex.o
 .debug_abbrev  0x00001919      0x372 Drivers/STM32F4xx_HAL_Driver/stm32f4xx_hal_rcc.o
 .debug_abbrev  0x00001c8b      0x2e2 Drivers/STM32F4xx_HAL_Driver/stm32f4xx_hal_rcc_ex.o

.debug_aranges  0x00000000      0x4d0
 .debug_aranges
                0x00000000       0x28 Application/SW4STM32/startup_stm32f410rx.o
 .debug_aranges
                0x00000028       0x78 Application/User/Lcd_driver/src/tm_stm32_delay.o
 .debug_aranges
                0x000000a0       0x98 Application/User/Lcd_driver/src/tm_stm32_gpio.o
 .debug_aranges
                0x00000138       0xa8 Application/User/Lcd_driver/src/tm_stm32_hd44780.o
 .debug_aranges
                0x000001e0       0x30 Application/User/main.o
 .debug_aranges
                0x00000210       0x20 Application/User/stm32f4xx_hal_msp.o
 .debug_aranges
                0x00000230       0x30 Application/User/stm32f4xx_it.o
 .debug_aranges
                0x00000260       0x28 Drivers/CMSIS/system_stm32f4xx.o
 .debug_aranges
                0x00000288       0xc8 Drivers/STM32F4xx_HAL_Driver/stm32f4xx_hal.o
 .debug_aranges
                0x00000350       0xa8 Drivers/STM32F4xx_HAL_Driver/stm32f4xx_hal_cortex.o
 .debug_aranges
                0x000003f8       0x88 Drivers/STM32F4xx_HAL_Driver/stm32f4xx_hal_rcc.o
 .debug_aranges
                0x00000480       0x50 Drivers/STM32F4xx_HAL_Driver/stm32f4xx_hal_rcc_ex.o

.debug_str      0x00000000    0x70cec
 .debug_str     0x00000000       0xc7 Application/SW4STM32/startup_stm32f410rx.o
 .debug_str     0x000000c7    0x6e92c Application/User/Lcd_driver/src/tm_stm32_delay.o
                              0x6ecc8 (size before relaxing)
 .debug_str     0x0006e9f3      0x8af Application/User/Lcd_driver/src/tm_stm32_gpio.o
                              0x6f080 (size before relaxing)
 .debug_str     0x0006f2a2      0x616 Application/User/Lcd_driver/src/tm_stm32_hd44780.o
                              0x6f657 (size before relaxing)
 .debug_str     0x0006f8b8      0x570 Application/User/main.o
                              0x6f50c (size before relaxing)
 .debug_str     0x0006fe28       0x6f Application/User/stm32f4xx_hal_msp.o
                              0x6ea50 (size before relaxing)
 .debug_str     0x0006fe97       0x95 Application/User/stm32f4xx_it.o
                              0x6e70d (size before relaxing)
 .debug_str     0x0006ff2c       0xea Drivers/CMSIS/system_stm32f4xx.o
                              0x6e835 (size before relaxing)
 .debug_str     0x00070016      0x53e Drivers/STM32F4xx_HAL_Driver/stm32f4xx_hal.o
                              0x6f192 (size before relaxing)
 .debug_str     0x00070554      0x37f Drivers/STM32F4xx_HAL_Driver/stm32f4xx_hal_cortex.o
                              0x6ef75 (size before relaxing)
 .debug_str     0x000708d3      0x26f Drivers/STM32F4xx_HAL_Driver/stm32f4xx_hal_rcc.o
                              0x6ec4f (size before relaxing)
 .debug_str     0x00070b42      0x1aa Drivers/STM32F4xx_HAL_Driver/stm32f4xx_hal_rcc_ex.o
                              0x6ea65 (size before relaxing)

.debug_ranges   0x00000000      0x478
 .debug_ranges  0x00000000       0x20 Application/SW4STM32/startup_stm32f410rx.o
 .debug_ranges  0x00000020       0x68 Application/User/Lcd_driver/src/tm_stm32_delay.o
 .debug_ranges  0x00000088       0x88 Application/User/Lcd_driver/src/tm_stm32_gpio.o
 .debug_ranges  0x00000110       0x98 Application/User/Lcd_driver/src/tm_stm32_hd44780.o
 .debug_ranges  0x000001a8       0x20 Application/User/main.o
 .debug_ranges  0x000001c8       0x10 Application/User/stm32f4xx_hal_msp.o
 .debug_ranges  0x000001d8       0x20 Application/User/stm32f4xx_it.o
 .debug_ranges  0x000001f8       0x18 Drivers/CMSIS/system_stm32f4xx.o
 .debug_ranges  0x00000210       0xb8 Drivers/STM32F4xx_HAL_Driver/stm32f4xx_hal.o
 .debug_ranges  0x000002c8       0xf8 Drivers/STM32F4xx_HAL_Driver/stm32f4xx_hal_cortex.o
 .debug_ranges  0x000003c0       0x78 Drivers/STM32F4xx_HAL_Driver/stm32f4xx_hal_rcc.o
 .debug_ranges  0x00000438       0x40 Drivers/STM32F4xx_HAL_Driver/stm32f4xx_hal_rcc_ex.o

.debug_loc      0x00000000     0x1c1a
 .debug_loc     0x00000000      0x1fe Application/User/Lcd_driver/src/tm_stm32_delay.o
 .debug_loc     0x000001fe      0x561 Application/User/Lcd_driver/src/tm_stm32_gpio.o
 .debug_loc     0x0000075f      0x376 Application/User/Lcd_driver/src/tm_stm32_hd44780.o
 .debug_loc     0x00000ad5      0x13e Drivers/CMSIS/system_stm32f4xx.o
 .debug_loc     0x00000c13       0x91 Drivers/STM32F4xx_HAL_Driver/stm32f4xx_hal.o
 .debug_loc     0x00000ca4      0x5ce Drivers/STM32F4xx_HAL_Driver/stm32f4xx_hal_cortex.o
 .debug_loc     0x00001272      0x52d Drivers/STM32F4xx_HAL_Driver/stm32f4xx_hal_rcc.o
 .debug_loc     0x0000179f      0x47b Drivers/STM32F4xx_HAL_Driver/stm32f4xx_hal_rcc_ex.o

.debug_macro    0x00000000     0x264e
 .debug_macro   0x00000000      0x34f Application/User/Lcd_driver/src/tm_stm32_delay.o
 .debug_macro   0x0000034f       0x52 Application/User/Lcd_driver/src/tm_stm32_delay.o
 .debug_macro   0x000003a1       0x16 Application/User/Lcd_driver/src/tm_stm32_delay.o
 .debug_macro   0x000003b7       0x35 Application/User/Lcd_driver/src/tm_stm32_delay.o
 .debug_macro   0x000003ec       0x16 Application/User/Lcd_driver/src/tm_stm32_delay.o
 .debug_macro   0x00000402       0x29 Application/User/Lcd_driver/src/tm_stm32_delay.o
 .debug_macro   0x0000042b       0x32 Application/User/Lcd_driver/src/tm_stm32_delay.o
 .debug_macro   0x0000045d      0x31b Application/User/Lcd_driver/src/tm_stm32_gpio.o
 .debug_macro   0x00000778       0xad Application/User/Lcd_driver/src/tm_stm32_gpio.o
 .debug_macro   0x00000825      0x41c Application/User/Lcd_driver/src/tm_stm32_hd44780.o
 .debug_macro   0x00000c41       0xb3 Application/User/Lcd_driver/src/tm_stm32_hd44780.o
 .debug_macro   0x00000cf4      0x395 Application/User/main.o
 .debug_macro   0x00001089       0x16 Application/User/main.o
 .debug_macro   0x0000109f      0x303 Application/User/stm32f4xx_hal_msp.o
 .debug_macro   0x000013a2      0x30d Application/User/stm32f4xx_it.o
 .debug_macro   0x000016af      0x309 Drivers/CMSIS/system_stm32f4xx.o
 .debug_macro   0x000019b8      0x363 Drivers/STM32F4xx_HAL_Driver/stm32f4xx_hal.o
 .debug_macro   0x00001d1b      0x303 Drivers/STM32F4xx_HAL_Driver/stm32f4xx_hal_cortex.o
 .debug_macro   0x0000201e      0x32d Drivers/STM32F4xx_HAL_Driver/stm32f4xx_hal_rcc.o
 .debug_macro   0x0000234b      0x303 Drivers/STM32F4xx_HAL_Driver/stm32f4xx_hal_rcc_ex.o

.comment        0x00000000       0x7e
 .comment       0x00000000       0x7e Application/User/Lcd_driver/src/tm_stm32_delay.o
                                 0x7f (size before relaxing)
 .comment       0x0000007e       0x7f Application/User/Lcd_driver/src/tm_stm32_gpio.o
 .comment       0x0000007e       0x7f Application/User/Lcd_driver/src/tm_stm32_hd44780.o
 .comment       0x0000007e       0x7f Application/User/main.o
 .comment       0x0000007e       0x7f Application/User/stm32f4xx_hal_msp.o
 .comment       0x0000007e       0x7f Application/User/stm32f4xx_it.o
 .comment       0x0000007e       0x7f Drivers/CMSIS/system_stm32f4xx.o
 .comment       0x0000007e       0x7f Drivers/STM32F4xx_HAL_Driver/stm32f4xx_hal.o
 .comment       0x0000007e       0x7f Drivers/STM32F4xx_HAL_Driver/stm32f4xx_hal_cortex.o
 .comment       0x0000007e       0x7f Drivers/STM32F4xx_HAL_Driver/stm32f4xx_hal_rcc.o
 .comment       0x0000007e       0x7f Drivers/STM32F4xx_HAL_Driver/stm32f4xx_hal_rcc_ex.o

.debug_frame    0x00000000      0xae8
 .debug_frame   0x00000000      0x104 Application/User/Lcd_driver/src/tm_stm32_delay.o
 .debug_frame   0x00000104      0x204 Application/User/Lcd_driver/src/tm_stm32_gpio.o
 .debug_frame   0x00000308      0x1e4 Application/User/Lcd_driver/src/tm_stm32_hd44780.o
 .debug_frame   0x000004ec       0x58 Application/User/main.o
 .debug_frame   0x00000544       0x28 Application/User/stm32f4xx_hal_msp.o
 .debug_frame   0x0000056c       0x48 Application/User/stm32f4xx_it.o
 .debug_frame   0x000005b4       0x30 Drivers/CMSIS/system_stm32f4xx.o
 .debug_frame   0x000005e4      0x198 Drivers/STM32F4xx_HAL_Driver/stm32f4xx_hal.o
 .debug_frame   0x0000077c      0x15c Drivers/STM32F4xx_HAL_Driver/stm32f4xx_hal_cortex.o
 .debug_frame   0x000008d8      0x13c Drivers/STM32F4xx_HAL_Driver/stm32f4xx_hal_rcc.o
 .debug_frame   0x00000a14       0xa8 Drivers/STM32F4xx_HAL_Driver/stm32f4xx_hal_rcc_ex.o
 .debug_frame   0x00000abc       0x2c c:/ac6/systemworkbench/plugins/fr.ac6.mcu.externaltools.arm-none.win32_1.16.0.201807130628/tools/compiler/bin/../lib/gcc/arm-none-eabi/7.2.1/../../../../arm-none-eabi/lib/thumb/v7e-m/fpv4-sp/hard\libc_nano.a(lib_a-init.o)
