Archive member included to satisfy reference by file (symbol)

c:/ac6/systemworkbench/plugins/fr.ac6.mcu.externaltools.arm-none.win32_1.16.0.201807130628/tools/compiler/bin/../lib/gcc/arm-none-eabi/7.2.1/../../../../arm-none-eabi/lib/thumb/v7e-m/fpv4-sp/hard\libc_nano.a(lib_a-exit.o)
                              c:/ac6/systemworkbench/plugins/fr.ac6.mcu.externaltools.arm-none.win32_1.16.0.201807130628/tools/compiler/bin/../lib/gcc/arm-none-eabi/7.2.1/../../../../arm-none-eabi/lib/thumb/v7e-m/fpv4-sp/hard/crt0.o (exit)
c:/ac6/systemworkbench/plugins/fr.ac6.mcu.externaltools.arm-none.win32_1.16.0.201807130628/tools/compiler/bin/../lib/gcc/arm-none-eabi/7.2.1/../../../../arm-none-eabi/lib/thumb/v7e-m/fpv4-sp/hard\libc_nano.a(lib_a-impure.o)
                              c:/ac6/systemworkbench/plugins/fr.ac6.mcu.externaltools.arm-none.win32_1.16.0.201807130628/tools/compiler/bin/../lib/gcc/arm-none-eabi/7.2.1/../../../../arm-none-eabi/lib/thumb/v7e-m/fpv4-sp/hard\libc_nano.a(lib_a-exit.o) (_global_impure_ptr)
c:/ac6/systemworkbench/plugins/fr.ac6.mcu.externaltools.arm-none.win32_1.16.0.201807130628/tools/compiler/bin/../lib/gcc/arm-none-eabi/7.2.1/../../../../arm-none-eabi/lib/thumb/v7e-m/fpv4-sp/hard\libc_nano.a(lib_a-init.o)
                              c:/ac6/systemworkbench/plugins/fr.ac6.mcu.externaltools.arm-none.win32_1.16.0.201807130628/tools/compiler/bin/../lib/gcc/arm-none-eabi/7.2.1/../../../../arm-none-eabi/lib/thumb/v7e-m/fpv4-sp/hard/crt0.o (__libc_init_array)
c:/ac6/systemworkbench/plugins/fr.ac6.mcu.externaltools.arm-none.win32_1.16.0.201807130628/tools/compiler/bin/../lib/gcc/arm-none-eabi/7.2.1/../../../../arm-none-eabi/lib/thumb/v7e-m/fpv4-sp/hard\libc_nano.a(lib_a-malloc.o)
                              Application/User/Lcd_driver/src/tm_stm32_delay.o (malloc)
c:/ac6/systemworkbench/plugins/fr.ac6.mcu.externaltools.arm-none.win32_1.16.0.201807130628/tools/compiler/bin/../lib/gcc/arm-none-eabi/7.2.1/../../../../arm-none-eabi/lib/thumb/v7e-m/fpv4-sp/hard\libc_nano.a(lib_a-memset.o)
                              c:/ac6/systemworkbench/plugins/fr.ac6.mcu.externaltools.arm-none.win32_1.16.0.201807130628/tools/compiler/bin/../lib/gcc/arm-none-eabi/7.2.1/../../../../arm-none-eabi/lib/thumb/v7e-m/fpv4-sp/hard/crt0.o (memset)
c:/ac6/systemworkbench/plugins/fr.ac6.mcu.externaltools.arm-none.win32_1.16.0.201807130628/tools/compiler/bin/../lib/gcc/arm-none-eabi/7.2.1/../../../../arm-none-eabi/lib/thumb/v7e-m/fpv4-sp/hard\libc_nano.a(lib_a-nano-freer.o)
                              c:/ac6/systemworkbench/plugins/fr.ac6.mcu.externaltools.arm-none.win32_1.16.0.201807130628/tools/compiler/bin/../lib/gcc/arm-none-eabi/7.2.1/../../../../arm-none-eabi/lib/thumb/v7e-m/fpv4-sp/hard\libc_nano.a(lib_a-malloc.o) (_free_r)
c:/ac6/systemworkbench/plugins/fr.ac6.mcu.externaltools.arm-none.win32_1.16.0.201807130628/tools/compiler/bin/../lib/gcc/arm-none-eabi/7.2.1/../../../../arm-none-eabi/lib/thumb/v7e-m/fpv4-sp/hard\libc_nano.a(lib_a-nano-mallocr.o)
                              c:/ac6/systemworkbench/plugins/fr.ac6.mcu.externaltools.arm-none.win32_1.16.0.201807130628/tools/compiler/bin/../lib/gcc/arm-none-eabi/7.2.1/../../../../arm-none-eabi/lib/thumb/v7e-m/fpv4-sp/hard\libc_nano.a(lib_a-malloc.o) (_malloc_r)
c:/ac6/systemworkbench/plugins/fr.ac6.mcu.externaltools.arm-none.win32_1.16.0.201807130628/tools/compiler/bin/../lib/gcc/arm-none-eabi/7.2.1/../../../../arm-none-eabi/lib/thumb/v7e-m/fpv4-sp/hard\libc_nano.a(lib_a-sbrkr.o)
                              c:/ac6/systemworkbench/plugins/fr.ac6.mcu.externaltools.arm-none.win32_1.16.0.201807130628/tools/compiler/bin/../lib/gcc/arm-none-eabi/7.2.1/../../../../arm-none-eabi/lib/thumb/v7e-m/fpv4-sp/hard\libc_nano.a(lib_a-nano-mallocr.o) (_sbrk_r)
c:/ac6/systemworkbench/plugins/fr.ac6.mcu.externaltools.arm-none.win32_1.16.0.201807130628/tools/compiler/bin/../lib/gcc/arm-none-eabi/7.2.1/../../../../arm-none-eabi/lib/thumb/v7e-m/fpv4-sp/hard\libc_nano.a(lib_a-sprintf.o)
                              Application/User/Rtc/src/rtc.o (sprintf)
c:/ac6/systemworkbench/plugins/fr.ac6.mcu.externaltools.arm-none.win32_1.16.0.201807130628/tools/compiler/bin/../lib/gcc/arm-none-eabi/7.2.1/../../../../arm-none-eabi/lib/thumb/v7e-m/fpv4-sp/hard\libc_nano.a(lib_a-strcmp.o)
                              Application/User/Circular_buffer/src/circular_buffer.o (strcmp)
c:/ac6/systemworkbench/plugins/fr.ac6.mcu.externaltools.arm-none.win32_1.16.0.201807130628/tools/compiler/bin/../lib/gcc/arm-none-eabi/7.2.1/../../../../arm-none-eabi/lib/thumb/v7e-m/fpv4-sp/hard\libc_nano.a(lib_a-strcpy.o)
                              Application/User/Circular_buffer/src/circular_buffer.o (strcpy)
c:/ac6/systemworkbench/plugins/fr.ac6.mcu.externaltools.arm-none.win32_1.16.0.201807130628/tools/compiler/bin/../lib/gcc/arm-none-eabi/7.2.1/../../../../arm-none-eabi/lib/thumb/v7e-m/fpv4-sp/hard\libc_nano.a(lib_a-strlen.o)
                              Application/User/Rtc/src/rtc.o (strlen)
[...]
Memory Configuration

Name             Origin             Length             Attributes
RAM              0x20000000         0x00008000         xrw
FLASH            0x08000000         0x00020000         xr
*default*        0x00000000         0xffffffff

Linker script and memory map

LOAD c:/ac6/systemworkbench/plugins/fr.ac6.mcu.externaltools.arm-none.win32_1.16.0.201807130628/tools/compiler/bin/../lib/gcc/arm-none-eabi/7.2.1/thumb/v7e-m/fpv4-sp/hard/crti.o
LOAD c:/ac6/systemworkbench/plugins/fr.ac6.mcu.externaltools.arm-none.win32_1.16.0.201807130628/tools/compiler/bin/../lib/gcc/arm-none-eabi/7.2.1/thumb/v7e-m/fpv4-sp/hard/crtbegin.o
LOAD c:/ac6/systemworkbench/plugins/fr.ac6.mcu.externaltools.arm-none.win32_1.16.0.201807130628/tools/compiler/bin/../lib/gcc/arm-none-eabi/7.2.1/../../../../arm-none-eabi/lib/thumb/v7e-m/fpv4-sp/hard/crt0.o
LOAD Application/SW4STM32/startup_stm32f410rx.o
LOAD Application/User/Circular_buffer/src/circular_buffer.o
LOAD Application/User/KeyPad_4x4/src/KeyPad_4x4.o
LOAD Application/User/Lcd_driver/src/tm_stm32_delay.o
LOAD Application/User/Lcd_driver/src/tm_stm32_gpio.o
LOAD Application/User/Lcd_driver/src/tm_stm32_hd44780.o
LOAD Application/User/Rtc/src/rtc.o
LOAD Application/User/Timeout/src/timeout.o
LOAD Application/User/UART/src/uart.o
LOAD Application/User/main.o
LOAD Application/User/stm32f4xx_hal_msp.o
LOAD Application/User/stm32f4xx_it.o
LOAD Drivers/CMSIS/system_stm32f4xx.o
LOAD Drivers/STM32F4xx_HAL_Driver/stm32f4xx_hal.o
LOAD Drivers/STM32F4xx_HAL_Driver/stm32f4xx_hal_cortex.o
LOAD Drivers/STM32F4xx_HAL_Driver/stm32f4xx_hal_dma.o
LOAD Drivers/STM32F4xx_HAL_Driver/stm32f4xx_hal_dma_ex.o
LOAD Drivers/STM32F4xx_HAL_Driver/stm32f4xx_hal_flash.o
LOAD Drivers/STM32F4xx_HAL_Driver/stm32f4xx_hal_flash_ex.o
LOAD Drivers/STM32F4xx_HAL_Driver/stm32f4xx_hal_flash_ramfunc.o
LOAD Drivers/STM32F4xx_HAL_Driver/stm32f4xx_hal_gpio.o
LOAD Drivers/STM32F4xx_HAL_Driver/stm32f4xx_hal_pwr.o
LOAD Drivers/STM32F4xx_HAL_Driver/stm32f4xx_hal_pwr_ex.o
LOAD Drivers/STM32F4xx_HAL_Driver/stm32f4xx_hal_rcc.o
LOAD Drivers/STM32F4xx_HAL_Driver/stm32f4xx_hal_rcc_ex.o
LOAD Drivers/STM32F4xx_HAL_Driver/stm32f4xx_hal_rtc.o
LOAD Drivers/STM32F4xx_HAL_Driver/stm32f4xx_hal_rtc_ex.o
LOAD Drivers/STM32F4xx_HAL_Driver/stm32f4xx_hal_tim.o
LOAD Drivers/STM32F4xx_HAL_Driver/stm32f4xx_hal_tim_ex.o
LOAD Drivers/STM32F4xx_HAL_Driver/stm32f4xx_hal_uart.o
LOAD c:/ac6/systemworkbench/plugins/fr.ac6.mcu.externaltools.arm-none.win32_1.16.0.201807130628/tools/compiler/bin/../lib/gcc/arm-none-eabi/7.2.1/../../../../arm-none-eabi/lib/thumb/v7e-m/fpv4-sp/hard\libm.a
START GROUP
LOAD c:/ac6/systemworkbench/plugins/fr.ac6.mcu.externaltools.arm-none.win32_1.16.0.201807130628/tools/compiler/bin/../lib/gcc/arm-none-eabi/7.2.1/thumb/v7e-m/fpv4-sp/hard\libgcc.a
LOAD c:/ac6/systemworkbench/plugins/fr.ac6.mcu.externaltools.arm-none.win32_1.16.0.201807130628/tools/compiler/bin/../lib/gcc/arm-none-eabi/7.2.1/../../../../arm-none-eabi/lib/thumb/v7e-m/fpv4-sp/hard\libc_nano.a
END GROUP
START GROUP
LOAD c:/ac6/systemworkbench/plugins/fr.ac6.mcu.externaltools.arm-none.win32_1.16.0.201807130628/tools/compiler/bin/../lib/gcc/arm-none-eabi/7.2.1/thumb/v7e-m/fpv4-sp/hard\libgcc.a
LOAD c:/ac6/systemworkbench/plugins/fr.ac6.mcu.externaltools.arm-none.win32_1.16.0.201807130628/tools/compiler/bin/../lib/gcc/arm-none-eabi/7.2.1/../../../../arm-none-eabi/lib/thumb/v7e-m/fpv4-sp/hard\libc_nano.a
LOAD c:/ac6/systemworkbench/plugins/fr.ac6.mcu.externaltools.arm-none.win32_1.16.0.201807130628/tools/compiler/bin/../lib/gcc/arm-none-eabi/7.2.1/../../../../arm-none-eabi/lib/thumb/v7e-m/fpv4-sp/hard\libnosys.a
END GROUP
START GROUP
LOAD c:/ac6/systemworkbench/plugins/fr.ac6.mcu.externaltools.arm-none.win32_1.16.0.201807130628/tools/compiler/bin/../lib/gcc/arm-none-eabi/7.2.1/thumb/v7e-m/fpv4-sp/hard\libgcc.a
LOAD c:/ac6/systemworkbench/plugins/fr.ac6.mcu.externaltools.arm-none.win32_1.16.0.201807130628/tools/compiler/bin/../lib/gcc/arm-none-eabi/7.2.1/../../../../arm-none-eabi/lib/thumb/v7e-m/fpv4-sp/hard\libc_nano.a
LOAD c:/ac6/systemworkbench/plugins/fr.ac6.mcu.externaltools.arm-none.win32_1.16.0.201807130628/tools/compiler/bin/../lib/gcc/arm-none-eabi/7.2.1/../../../../arm-none-eabi/lib/thumb/v7e-m/fpv4-sp/hard\libnosys.a
END GROUP
LOAD c:/ac6/systemworkbench/plugins/fr.ac6.mcu.externaltools.arm-none.win32_1.16.0.201807130628/tools/compiler/bin/../lib/gcc/arm-none-eabi/7.2.1/thumb/v7e-m/fpv4-sp/hard/crtend.o
LOAD c:/ac6/systemworkbench/plugins/fr.ac6.mcu.externaltools.arm-none.win32_1.16.0.201807130628/tools/compiler/bin/../lib/gcc/arm-none-eabi/7.2.1/thumb/v7e-m/fpv4-sp/hard/crtn.o
                0x20008000                _estack = 0x20008000
                0x00000200                _Min_Heap_Size = 0x200
                0x00000400                _Min_Stack_Size = 0x400

.isr_vector     0x08000000      0x1c8
                0x08000000                . = ALIGN (0x4)
 *(.isr_vector)
 .isr_vector    0x08000000      0x1c8 Application/SW4STM32/startup_stm32f410rx.o
                0x08000000                g_pfnVectors
                0x080001c8                . = ALIGN (0x4)

.text           0x080001d0     0x35c0
                0x080001d0                . = ALIGN (0x4)
 *(.text)
 .text          0x080001d0       0x40 c:/ac6/systemworkbench/plugins/fr.ac6.mcu.externaltools.arm-none.win32_1.16.0.201807130628/tools/compiler/bin/../lib/gcc/arm-none-eabi/7.2.1/thumb/v7e-m/fpv4-sp/hard/crtbegin.o
 .text          0x08000210       0x14 c:/ac6/systemworkbench/plugins/fr.ac6.mcu.externaltools.arm-none.win32_1.16.0.201807130628/tools/compiler/bin/../lib/gcc/arm-none-eabi/7.2.1/../../../../arm-none-eabi/lib/thumb/v7e-m/fpv4-sp/hard\libc_nano.a(lib_a-strcmp.o)
                0x08000210                strcmp
 .text          0x08000224       0x10 c:/ac6/systemworkbench/plugins/fr.ac6.mcu.externaltools.arm-none.win32_1.16.0.201807130628/tools/compiler/bin/../lib/gcc/arm-none-eabi/7.2.1/../../../../arm-none-eabi/lib/thumb/v7e-m/fpv4-sp/hard\libc_nano.a(lib_a-strlen.o)
                0x08000224                strlen
 *fill*         0x08000234        0xc 
 .text          0x08000240       0xa0 c:/ac6/systemworkbench/plugins/fr.ac6.mcu.externaltools.arm-none.win32_1.16.0.201807130628/tools/compiler/bin/../lib/gcc/arm-none-eabi/7.2.1/../../../../arm-none-eabi/lib/thumb/v7e-m/fpv4-sp/hard\libc_nano.a(lib_a-memchr.o)
                0x08000240                memchr
 *(.text*)
 .text.Reset_Handler
                0x080002e0       0x50 Application/SW4STM32/startup_stm32f410rx.o
                0x080002e0                Reset_Handler
 .text.Default_Handler
                0x08000330        0x2 Application/SW4STM32/startup_stm32f410rx.o
                0x08000330                RTC_Alarm_IRQHandler
                0x08000330                EXTI2_IRQHandler
                0x08000330                DebugMon_Handler
                0x08000330                FMPI2C1_EV_IRQHandler
                0x08000330                TIM1_CC_IRQHandler
                0x08000330                DMA2_Stream5_IRQHandler
                0x08000330                HardFault_Handler
                0x08000330                DMA1_Stream5_IRQHandler
                0x08000330                PVD_IRQHandler
                0x08000330                TAMP_STAMP_IRQHandler
                0x08000330                NMI_Handler
                0x08000330                EXTI3_IRQHandler
                0x08000330                EXTI0_IRQHandler
                0x08000330                I2C2_EV_IRQHandler
                0x08000330                DMA1_Stream2_IRQHandler
                0x08000330                FPU_IRQHandler
                0x08000330                UsageFault_Handler
                0x08000330                DMA2_Stream2_IRQHandler
                0x08000330                SPI1_IRQHandler
                0x08000330                TIM1_BRK_TIM9_IRQHandler
                0x08000330                DMA2_Stream3_IRQHandler
                0x08000330                USART6_IRQHandler
                0x08000330                DMA2_Stream0_IRQHandler
                0x08000330                I2C1_EV_IRQHandler
                0x08000330                DMA1_Stream6_IRQHandler
                0x08000330                DMA1_Stream1_IRQHandler
                0x08000330                RCC_IRQHandler
                0x08000330                Default_Handler
                0x08000330                EXTI15_10_IRQHandler
                0x08000330                ADC_IRQHandler
                0x08000330                DMA1_Stream7_IRQHandler
                0x08000330                SPI5_IRQHandler
                0x08000330                TIM5_IRQHandler
                0x08000330                DMA2_Stream7_IRQHandler
                0x08000330                EXTI9_5_IRQHandler
                0x08000330                RTC_WKUP_IRQHandler
                0x08000330                SPI2_IRQHandler
                0x08000330                MemManage_Handler
                0x08000330                DMA1_Stream0_IRQHandler
                0x08000330                FMPI2C1_ER_IRQHandler
                0x08000330                EXTI4_IRQHandler
                0x08000330                RNG_IRQHandler
                0x08000330                TIM1_UP_IRQHandler
                0x08000330                WWDG_IRQHandler
                0x08000330                EXTI1_IRQHandler
                0x08000330                USART2_IRQHandler
                0x08000330                I2C2_ER_IRQHandler
                0x08000330                DMA2_Stream1_IRQHandler
                0x08000330                FLASH_IRQHandler
                0x08000330                DMA2_Stream4_IRQHandler
                0x08000330                BusFault_Handler
                0x08000330                DMA1_Stream4_IRQHandler
                0x08000330                I2C1_ER_IRQHandler
                0x08000330                LPTIM1_IRQHandler
                0x08000330                DMA2_Stream6_IRQHandler
                0x08000330                DMA1_Stream3_IRQHandler
 .text.circ_buffer_put_char
                0x08000332       0x6e Application/User/Circular_buffer/src/circular_buffer.o
                0x08000332                circ_buffer_put_char
 .text.circ_buffer_put_string
                0x080003a0       0x4a Application/User/Circular_buffer/src/circular_buffer.o
                0x080003a0                circ_buffer_put_string
 .text.circ_buffer_get_char
                0x080003ea       0x28 Application/User/Circular_buffer/src/circular_buffer.o
                0x080003ea                circ_buffer_get_char
 .text.circ_buffer_get_string
                0x08000412       0x34 Application/User/Circular_buffer/src/circular_buffer.o
                0x08000412                circ_buffer_get_string
 .text.circ_buffer_clear
                0x08000446        0x8 Application/User/Circular_buffer/src/circular_buffer.o
                0x08000446                circ_buffer_clear
 .text.buffer_update
                0x0800044e        0x6 Application/User/Circular_buffer/src/circular_buffer.o
                0x0800044e                buffer_update
 .text.buffer_clear
                0x08000454       0x12 Application/User/Circular_buffer/src/circular_buffer.o
                0x08000454                buffer_clear
 *fill*         0x08000466        0x2 
 .text.buffer_check
                0x08000468       0x18 Application/User/Circular_buffer/src/circular_buffer.o
                0x08000468                buffer_check
 .text.KeyPad_4x4_Init
                0x08000480       0x44 Application/User/KeyPad_4x4/src/KeyPad_4x4.o
                0x08000480                KeyPad_4x4_Init
 .text.Keypad4x4_ChangeColomn
                0x080004c4       0xbc Application/User/KeyPad_4x4/src/KeyPad_4x4.o
                0x080004c4                Keypad4x4_ChangeColomn
 .text.Keypad4x4_ReadKeypad
                0x08000580      0x126 Application/User/KeyPad_4x4/src/KeyPad_4x4.o
                0x08000580                Keypad4x4_ReadKeypad
 *fill*         0x080006a6        0x2 
 .text.Keypad4x4_GetChar
                0x080006a8        0xc Application/User/KeyPad_4x4/src/KeyPad_4x4.o
                0x080006a8                Keypad4x4_GetChar
 .text.TM_DELAY_Init
                0x080006b4       0x3c Application/User/Lcd_driver/src/tm_stm32_delay.o
                0x080006b4                TM_DELAY_Init
 .text.TM_DELAY_1msHandler
                0x080006f0        0x2 Application/User/Lcd_driver/src/tm_stm32_delay.o
                0x080006f0                TM_DELAY_1msHandler
 *fill*         0x080006f2        0x2 
 .text.HAL_IncTick
                0x080006f4       0x80 Application/User/Lcd_driver/src/tm_stm32_delay.o
                0x080006f4                HAL_IncTick
 .text.HAL_GetTick
                0x08000774        0xc Application/User/Lcd_driver/src/tm_stm32_delay.o
                0x08000774                HAL_GetTick
 .text.TM_GPIO_GetPortSource
                0x08000780        0xe Application/User/Lcd_driver/src/tm_stm32_gpio.o
                0x08000780                TM_GPIO_GetPortSource
 *fill*         0x0800078e        0x2 
 .text.TM_GPIO_INT_EnableClock
                0x08000790       0x1c Application/User/Lcd_driver/src/tm_stm32_gpio.o
                0x08000790                TM_GPIO_INT_EnableClock
 .text.TM_GPIO_INT_Init
                0x080007ac       0xa8 Application/User/Lcd_driver/src/tm_stm32_gpio.o
                0x080007ac                TM_GPIO_INT_Init
 .text.TM_GPIO_Init
                0x08000854       0x30 Application/User/Lcd_driver/src/tm_stm32_gpio.o
                0x08000854                TM_GPIO_Init
 .text.TM_HD44780_InitPins
                0x08000884       0x98 Application/User/Lcd_driver/src/tm_stm32_hd44780.o
 .text.TM_HD44780_Cmd4bit
                0x0800091c       0xc0 Application/User/Lcd_driver/src/tm_stm32_hd44780.o
 .text.TM_HD44780_Cmd
                0x080009dc       0x20 Application/User/Lcd_driver/src/tm_stm32_hd44780.o
 .text.TM_HD44780_CursorSet
                0x080009fc       0x40 Application/User/Lcd_driver/src/tm_stm32_hd44780.o
 .text.TM_HD44780_Data
                0x08000a3c       0x20 Application/User/Lcd_driver/src/tm_stm32_hd44780.o
 .text.TM_HD44780_Clear
                0x08000a5c       0x34 Application/User/Lcd_driver/src/tm_stm32_hd44780.o
                0x08000a5c                TM_HD44780_Clear
 .text.TM_HD44780_Puts
                0x08000a90       0x68 Application/User/Lcd_driver/src/tm_stm32_hd44780.o
                0x08000a90                TM_HD44780_Puts
 .text.TM_HD44780_DisplayOn
                0x08000af8       0x1c Application/User/Lcd_driver/src/tm_stm32_hd44780.o
                0x08000af8                TM_HD44780_DisplayOn
 .text.TM_HD44780_Init
                0x08000b14      0x138 Application/User/Lcd_driver/src/tm_stm32_hd44780.o
                0x08000b14                TM_HD44780_Init
 .text.save_time
                0x08000c4c       0xcc Application/User/Rtc/src/rtc.o
                0x08000c4c                save_time
 .text.timeout_start
                0x08000d18       0x10 Application/User/Timeout/src/timeout.o
                0x08000d18                timeout_start
 .text.timeout_stop
                0x08000d28        0xe Application/User/Timeout/src/timeout.o
                0x08000d28                timeout_stop
 .text.timeout_reset
                0x08000d36        0xe Application/User/Timeout/src/timeout.o
                0x08000d36                timeout_reset
 .text.timeout_keypad
                0x08000d44       0x34 Application/User/Timeout/src/timeout.o
                0x08000d44                timeout_keypad
 .text.timeout_uart
                0x08000d78       0x28 Application/User/Timeout/src/timeout.o
                0x08000d78                timeout_uart
 .text.uart_send_string
                0x08000da0       0x18 Application/User/UART/src/uart.o
                0x08000da0                uart_send_string
 .text.MX_GPIO_Init
                0x08000db8       0xf0 Application/User/main.o
 .text.HAL_TIM_PeriodElapsedCallback
                0x08000ea8      0x120 Application/User/main.o
                0x08000ea8                HAL_TIM_PeriodElapsedCallback
 .text.HAL_UART_RxCpltCallback
                0x08000fc8       0x8c Application/User/main.o
                0x08000fc8                HAL_UART_RxCpltCallback
 .text._Error_Handler
                0x08001054        0x2 Application/User/main.o
                0x08001054                _Error_Handler
 *fill*         0x08001056        0x2 
 .text.MX_TIM6_Init
                0x08001058       0x54 Application/User/main.o
 .text.MX_USART1_UART_Init
                0x080010ac       0x3c Application/User/main.o
 .text.MX_TIM11_Init
                0x080010e8       0x38 Application/User/main.o
 .text.MX_RTC_Init
                0x08001120       0xa8 Application/User/main.o
 .text.SystemClock_Config
                0x080011c8       0xe4 Application/User/main.o
                0x080011c8                SystemClock_Config
 .text.main     0x080012ac      0x254 Application/User/main.o
                0x080012ac                main
 .text.HAL_MspInit
                0x08001500       0x5e Application/User/stm32f4xx_hal_msp.o
                0x08001500                HAL_MspInit
 *fill*         0x0800155e        0x2 
 .text.HAL_RTC_MspInit
                0x08001560       0x1c Application/User/stm32f4xx_hal_msp.o
                0x08001560                HAL_RTC_MspInit
 .text.HAL_TIM_Base_MspInit
                0x0800157c       0x74 Application/User/stm32f4xx_hal_msp.o
                0x0800157c                HAL_TIM_Base_MspInit
 .text.HAL_UART_MspInit
                0x080015f0       0x84 Application/User/stm32f4xx_hal_msp.o
                0x080015f0                HAL_UART_MspInit
 .text.SVC_Handler
                0x08001674        0x2 Application/User/stm32f4xx_it.o
                0x08001674                SVC_Handler
 .text.PendSV_Handler
                0x08001676        0x2 Application/User/stm32f4xx_it.o
                0x08001676                PendSV_Handler
 .text.SysTick_Handler
                0x08001678        0xc Application/User/stm32f4xx_it.o
                0x08001678                SysTick_Handler
 .text.TIM1_TRG_COM_TIM11_IRQHandler
                0x08001684       0x10 Application/User/stm32f4xx_it.o
                0x08001684                TIM1_TRG_COM_TIM11_IRQHandler
 .text.USART1_IRQHandler
                0x08001694       0x10 Application/User/stm32f4xx_it.o
                0x08001694                USART1_IRQHandler
 .text.TIM6_DAC_IRQHandler
                0x080016a4       0x10 Application/User/stm32f4xx_it.o
                0x080016a4                TIM6_DAC_IRQHandler
 .text.SystemInit
                0x080016b4       0x4c Drivers/CMSIS/system_stm32f4xx.o
                0x080016b4                SystemInit
 .text.HAL_InitTick
                0x08001700       0x2c Drivers/STM32F4xx_HAL_Driver/stm32f4xx_hal.o
                0x08001700                HAL_InitTick
 .text.HAL_Init
                0x0800172c       0x34 Drivers/STM32F4xx_HAL_Driver/stm32f4xx_hal.o
                0x0800172c                HAL_Init
 .text.HAL_NVIC_SetPriorityGrouping
                0x08001760       0x24 Drivers/STM32F4xx_HAL_Driver/stm32f4xx_hal_cortex.o
                0x08001760                HAL_NVIC_SetPriorityGrouping
 .text.HAL_NVIC_SetPriority
                0x08001784       0x68 Drivers/STM32F4xx_HAL_Driver/stm32f4xx_hal_cortex.o
                0x08001784                HAL_NVIC_SetPriority
 .text.HAL_NVIC_EnableIRQ
                0x080017ec       0x18 Drivers/STM32F4xx_HAL_Driver/stm32f4xx_hal_cortex.o
                0x080017ec                HAL_NVIC_EnableIRQ
 .text.HAL_SYSTICK_Config
                0x08001804       0x2c Drivers/STM32F4xx_HAL_Driver/stm32f4xx_hal_cortex.o
                0x08001804                HAL_SYSTICK_Config
 .text.HAL_SYSTICK_CLKSourceConfig
                0x08001830       0x20 Drivers/STM32F4xx_HAL_Driver/stm32f4xx_hal_cortex.o
                0x08001830                HAL_SYSTICK_CLKSourceConfig
 .text.HAL_SYSTICK_Callback
                0x08001850        0x2 Drivers/STM32F4xx_HAL_Driver/stm32f4xx_hal_cortex.o
                0x08001850                HAL_SYSTICK_Callback
 .text.HAL_SYSTICK_IRQHandler
                0x08001852        0x8 Drivers/STM32F4xx_HAL_Driver/stm32f4xx_hal_cortex.o
                0x08001852                HAL_SYSTICK_IRQHandler
 .text.HAL_DMA_Abort_IT
                0x0800185a       0x26 Drivers/STM32F4xx_HAL_Driver/stm32f4xx_hal_dma.o
                0x0800185a                HAL_DMA_Abort_IT
 .text.HAL_GPIO_Init
                0x08001880      0x190 Drivers/STM32F4xx_HAL_Driver/stm32f4xx_hal_gpio.o
                0x08001880                HAL_GPIO_Init
 .text.HAL_GPIO_ReadPin
                0x08001a10        0xe Drivers/STM32F4xx_HAL_Driver/stm32f4xx_hal_gpio.o
                0x08001a10                HAL_GPIO_ReadPin
 .text.HAL_GPIO_WritePin
                0x08001a1e        0xc Drivers/STM32F4xx_HAL_Driver/stm32f4xx_hal_gpio.o
                0x08001a1e                HAL_GPIO_WritePin
 *fill*         0x08001a2a        0x2 
 .text.HAL_RCC_GetSysClockFreq
                0x08001a2c       0x94 Drivers/STM32F4xx_HAL_Driver/stm32f4xx_hal_rcc.o
                0x08001a2c                HAL_RCC_GetSysClockFreq
 .text.HAL_RCC_ClockConfig
                0x08001ac0      0x19c Drivers/STM32F4xx_HAL_Driver/stm32f4xx_hal_rcc.o
                0x08001ac0                HAL_RCC_ClockConfig
 .text.HAL_RCC_GetHCLKFreq
                0x08001c5c        0xc Drivers/STM32F4xx_HAL_Driver/stm32f4xx_hal_rcc.o
                0x08001c5c                HAL_RCC_GetHCLKFreq
 .text.HAL_RCC_GetPCLK1Freq
                0x08001c68       0x2c Drivers/STM32F4xx_HAL_Driver/stm32f4xx_hal_rcc.o
                0x08001c68                HAL_RCC_GetPCLK1Freq
 .text.HAL_RCC_GetPCLK2Freq
                0x08001c94       0x2c Drivers/STM32F4xx_HAL_Driver/stm32f4xx_hal_rcc.o
                0x08001c94                HAL_RCC_GetPCLK2Freq
 .text.HAL_RCCEx_PeriphCLKConfig
                0x08001cc0      0x154 Drivers/STM32F4xx_HAL_Driver/stm32f4xx_hal_rcc_ex.o
                0x08001cc0                HAL_RCCEx_PeriphCLKConfig
 .text.HAL_RCC_OscConfig
                0x08001e14      0x3c4 Drivers/STM32F4xx_HAL_Driver/stm32f4xx_hal_rcc_ex.o
                0x08001e14                HAL_RCC_OscConfig
 .text.HAL_RTC_WaitForSynchro
                0x080021d8       0x32 Drivers/STM32F4xx_HAL_Driver/stm32f4xx_hal_rtc.o
                0x080021d8                HAL_RTC_WaitForSynchro
 .text.RTC_EnterInitMode
                0x0800220a       0x3c Drivers/STM32F4xx_HAL_Driver/stm32f4xx_hal_rtc.o
                0x0800220a                RTC_EnterInitMode
 .text.HAL_RTC_Init
                0x08002246       0xa4 Drivers/STM32F4xx_HAL_Driver/stm32f4xx_hal_rtc.o
                0x08002246                HAL_RTC_Init
 .text.RTC_ByteToBcd2
                0x080022ea       0x16 Drivers/STM32F4xx_HAL_Driver/stm32f4xx_hal_rtc.o
                0x080022ea                RTC_ByteToBcd2
 .text.HAL_RTC_SetTime
                0x08002300       0xfe Drivers/STM32F4xx_HAL_Driver/stm32f4xx_hal_rtc.o
                0x08002300                HAL_RTC_SetTime
 .text.HAL_RTC_SetDate
                0x080023fe       0xda Drivers/STM32F4xx_HAL_Driver/stm32f4xx_hal_rtc.o
                0x080023fe                HAL_RTC_SetDate
 .text.RTC_Bcd2ToByte
                0x080024d8       0x12 Drivers/STM32F4xx_HAL_Driver/stm32f4xx_hal_rtc.o
                0x080024d8                RTC_Bcd2ToByte
 .text.HAL_RTC_GetTime
                0x080024ea       0x56 Drivers/STM32F4xx_HAL_Driver/stm32f4xx_hal_rtc.o
                0x080024ea                HAL_RTC_GetTime
 .text.HAL_RTC_GetDate
                0x08002540       0x42 Drivers/STM32F4xx_HAL_Driver/stm32f4xx_hal_rtc.o
                0x08002540                HAL_RTC_GetDate
 .text.HAL_RTCEx_BKUPWrite
                0x08002582        0xa Drivers/STM32F4xx_HAL_Driver/stm32f4xx_hal_rtc_ex.o
                0x08002582                HAL_RTCEx_BKUPWrite
 .text.HAL_RTCEx_BKUPRead
                0x0800258c        0xa Drivers/STM32F4xx_HAL_Driver/stm32f4xx_hal_rtc_ex.o
                0x0800258c                HAL_RTCEx_BKUPRead
 .text.HAL_TIM_Base_Start_IT
                0x08002596       0x18 Drivers/STM32F4xx_HAL_Driver/stm32f4xx_hal_tim.o
                0x08002596                HAL_TIM_Base_Start_IT
 .text.HAL_TIM_Base_Stop_IT
                0x080025ae       0x2c Drivers/STM32F4xx_HAL_Driver/stm32f4xx_hal_tim.o
                0x080025ae                HAL_TIM_Base_Stop_IT
 .text.HAL_TIM_OC_DelayElapsedCallback
                0x080025da        0x2 Drivers/STM32F4xx_HAL_Driver/stm32f4xx_hal_tim.o
                0x080025da                HAL_TIM_OC_DelayElapsedCallback
 .text.HAL_TIM_IC_CaptureCallback
                0x080025dc        0x2 Drivers/STM32F4xx_HAL_Driver/stm32f4xx_hal_tim.o
                0x080025dc                HAL_TIM_IC_CaptureCallback
 .text.HAL_TIM_PWM_PulseFinishedCallback
                0x080025de        0x2 Drivers/STM32F4xx_HAL_Driver/stm32f4xx_hal_tim.o
                0x080025de                HAL_TIM_PWM_PulseFinishedCallback
 .text.HAL_TIM_TriggerCallback
                0x080025e0        0x2 Drivers/STM32F4xx_HAL_Driver/stm32f4xx_hal_tim.o
                0x080025e0                HAL_TIM_TriggerCallback
 .text.HAL_TIM_IRQHandler
                0x080025e2      0x17a Drivers/STM32F4xx_HAL_Driver/stm32f4xx_hal_tim.o
                0x080025e2                HAL_TIM_IRQHandler
 .text.TIM_Base_SetConfig
                0x0800275c       0x60 Drivers/STM32F4xx_HAL_Driver/stm32f4xx_hal_tim.o
                0x0800275c                TIM_Base_SetConfig
 .text.HAL_TIM_Base_Init
                0x080027bc       0x32 Drivers/STM32F4xx_HAL_Driver/stm32f4xx_hal_tim.o
                0x080027bc                HAL_TIM_Base_Init
 .text.HAL_TIMEx_MasterConfigSynchronization
                0x080027ee       0x52 Drivers/STM32F4xx_HAL_Driver/stm32f4xx_hal_tim_ex.o
                0x080027ee                HAL_TIMEx_MasterConfigSynchronization
 .text.HAL_TIMEx_CommutationCallback
                0x08002840        0x2 Drivers/STM32F4xx_HAL_Driver/stm32f4xx_hal_tim_ex.o
                0x08002840                HAL_TIMEx_CommutationCallback
 .text.HAL_TIMEx_BreakCallback
                0x08002842        0x2 Drivers/STM32F4xx_HAL_Driver/stm32f4xx_hal_tim_ex.o
                0x08002842                HAL_TIMEx_BreakCallback
 .text.UART_EndRxTransfer
                0x08002844       0x1c Drivers/STM32F4xx_HAL_Driver/stm32f4xx_hal_uart.o
 .text.UART_Transmit_IT
                0x08002860       0x68 Drivers/STM32F4xx_HAL_Driver/stm32f4xx_hal_uart.o
 .text.UART_SetConfig
                0x080028c8      0x334 Drivers/STM32F4xx_HAL_Driver/stm32f4xx_hal_uart.o
 .text.HAL_UART_Init
                0x08002bfc       0x5e Drivers/STM32F4xx_HAL_Driver/stm32f4xx_hal_uart.o
                0x08002bfc                HAL_UART_Init
 .text.HAL_UART_Transmit_IT
                0x08002c5a       0x48 Drivers/STM32F4xx_HAL_Driver/stm32f4xx_hal_uart.o
                0x08002c5a                HAL_UART_Transmit_IT
 .text.HAL_UART_Receive_IT
                0x08002ca2       0x52 Drivers/STM32F4xx_HAL_Driver/stm32f4xx_hal_uart.o
                0x08002ca2                HAL_UART_Receive_IT
 .text.HAL_UART_TxCpltCallback
                0x08002cf4        0x2 Drivers/STM32F4xx_HAL_Driver/stm32f4xx_hal_uart.o
                0x08002cf4                HAL_UART_TxCpltCallback
 .text.UART_EndTransmit_IT
                0x08002cf6       0x1a Drivers/STM32F4xx_HAL_Driver/stm32f4xx_hal_uart.o
 .text.UART_Receive_IT
                0x08002d10       0x92 Drivers/STM32F4xx_HAL_Driver/stm32f4xx_hal_uart.o
 .text.HAL_UART_ErrorCallback
                0x08002da2        0x2 Drivers/STM32F4xx_HAL_Driver/stm32f4xx_hal_uart.o
                0x08002da2                HAL_UART_ErrorCallback
 .text.HAL_UART_IRQHandler
                0x08002da4      0x120 Drivers/STM32F4xx_HAL_Driver/stm32f4xx_hal_uart.o
                0x08002da4                HAL_UART_IRQHandler
 .text.UART_DMAAbortOnError
                0x08002ec4       0x10 Drivers/STM32F4xx_HAL_Driver/stm32f4xx_hal_uart.o
 .text.__libc_init_array
                0x08002ed4       0x48 c:/ac6/systemworkbench/plugins/fr.ac6.mcu.externaltools.arm-none.win32_1.16.0.201807130628/tools/compiler/bin/../lib/gcc/arm-none-eabi/7.2.1/../../../../arm-none-eabi/lib/thumb/v7e-m/fpv4-sp/hard\libc_nano.a(lib_a-init.o)
                0x08002ed4                __libc_init_array
 .text._free_r  0x08002f1c       0x9c c:/ac6/systemworkbench/plugins/fr.ac6.mcu.externaltools.arm-none.win32_1.16.0.201807130628/tools/compiler/bin/../lib/gcc/arm-none-eabi/7.2.1/../../../../arm-none-eabi/lib/thumb/v7e-m/fpv4-sp/hard\libc_nano.a(lib_a-nano-freer.o)
                0x08002f1c                _free_r
 .text._malloc_r
                0x08002fb8       0xb4 c:/ac6/systemworkbench/plugins/fr.ac6.mcu.externaltools.arm-none.win32_1.16.0.201807130628/tools/compiler/bin/../lib/gcc/arm-none-eabi/7.2.1/../../../../arm-none-eabi/lib/thumb/v7e-m/fpv4-sp/hard\libc_nano.a(lib_a-nano-mallocr.o)
                0x08002fb8                _malloc_r
 .text._sbrk_r  0x0800306c       0x20 c:/ac6/systemworkbench/plugins/fr.ac6.mcu.externaltools.arm-none.win32_1.16.0.201807130628/tools/compiler/bin/../lib/gcc/arm-none-eabi/7.2.1/../../../../arm-none-eabi/lib/thumb/v7e-m/fpv4-sp/hard\libc_nano.a(lib_a-sbrkr.o)
                0x0800306c                _sbrk_r
 .text.sprintf  0x0800308c       0x40 c:/ac6/systemworkbench/plugins/fr.ac6.mcu.externaltools.arm-none.win32_1.16.0.201807130628/tools/compiler/bin/../lib/gcc/arm-none-eabi/7.2.1/../../../../arm-none-eabi/lib/thumb/v7e-m/fpv4-sp/hard\libc_nano.a(lib_a-sprintf.o)
                0x0800308c                siprintf
                0x0800308c                sprintf
 .text.strcpy   0x080030cc       0x10 c:/ac6/systemworkbench/plugins/fr.ac6.mcu.externaltools.arm-none.win32_1.16.0.201807130628/tools/compiler/bin/../lib/gcc/arm-none-eabi/7.2.1/../../../../arm-none-eabi/lib/thumb/v7e-m/fpv4-sp/hard\libc_nano.a(lib_a-strcpy.o)
                0x080030cc                strcpy
 .text.strncat  0x080030dc       0x28 c:/ac6/systemworkbench/plugins/fr.ac6.mcu.externaltools.arm-none.win32_1.16.0.201807130628/tools/compiler/bin/../lib/gcc/arm-none-eabi/7.2.1/../../../../arm-none-eabi/lib/thumb/v7e-m/fpv4-sp/hard\libc_nano.a(lib_a-strncat.o)
                0x080030dc                strncat
 .text.__malloc_lock
                0x08003104        0x2 c:/ac6/systemworkbench/plugins/fr.ac6.mcu.externaltools.arm-none.win32_1.16.0.201807130628/tools/compiler/bin/../lib/gcc/arm-none-eabi/7.2.1/../../../../arm-none-eabi/lib/thumb/v7e-m/fpv4-sp/hard\libc_nano.a(lib_a-mlock.o)
                0x08003104                __malloc_lock
 .text.__malloc_unlock
                0x08003106        0x2 c:/ac6/systemworkbench/plugins/fr.ac6.mcu.externaltools.arm-none.win32_1.16.0.201807130628/tools/compiler/bin/../lib/gcc/arm-none-eabi/7.2.1/../../../../arm-none-eabi/lib/thumb/v7e-m/fpv4-sp/hard\libc_nano.a(lib_a-mlock.o)
                0x08003106                __malloc_unlock
 .text.__ssputs_r
                0x08003108       0xb4 c:/ac6/systemworkbench/plugins/fr.ac6.mcu.externaltools.arm-none.win32_1.16.0.201807130628/tools/compiler/bin/../lib/gcc/arm-none-eabi/7.2.1/../../../../arm-none-eabi/lib/thumb/v7e-m/fpv4-sp/hard\libc_nano.a(lib_a-nano-svfprintf.o)
                0x08003108                __ssputs_r
 .text._svfprintf_r
                0x080031bc      0x1ec c:/ac6/systemworkbench/plugins/fr.ac6.mcu.externaltools.arm-none.win32_1.16.0.201807130628/tools/compiler/bin/../lib/gcc/arm-none-eabi/7.2.1/../../../../arm-none-eabi/lib/thumb/v7e-m/fpv4-sp/hard\libc_nano.a(lib_a-nano-svfprintf.o)
                0x080031bc                _svfiprintf_r
                0x080031bc                _svfprintf_r
 .text._printf_common
                0x080033a8       0xea c:/ac6/systemworkbench/plugins/fr.ac6.mcu.externaltools.arm-none.win32_1.16.0.201807130628/tools/compiler/bin/../lib/gcc/arm-none-eabi/7.2.1/../../../../arm-none-eabi/lib/thumb/v7e-m/fpv4-sp/hard\libc_nano.a(lib_a-nano-vfprintf_i.o)
                0x080033a8                _printf_common
 *fill*         0x08003492        0x2 
 .text._printf_i
                0x08003494      0x224 c:/ac6/systemworkbench/plugins/fr.ac6.mcu.externaltools.arm-none.win32_1.16.0.201807130628/tools/compiler/bin/../lib/gcc/arm-none-eabi/7.2.1/../../../../arm-none-eabi/lib/thumb/v7e-m/fpv4-sp/hard\libc_nano.a(lib_a-nano-vfprintf_i.o)
                0x08003494                _printf_i
 .text.memcpy   0x080036b8       0x16 c:/ac6/systemworkbench/plugins/fr.ac6.mcu.externaltools.arm-none.win32_1.16.0.201807130628/tools/compiler/bin/../lib/gcc/arm-none-eabi/7.2.1/../../../../arm-none-eabi/lib/thumb/v7e-m/fpv4-sp/hard\libc_nano.a(lib_a-memcpy-stub.o)
                0x080036b8                memcpy
 .text.memmove  0x080036ce       0x32 c:/ac6/systemworkbench/plugins/fr.ac6.mcu.externaltools.arm-none.win32_1.16.0.201807130628/tools/compiler/bin/../lib/gcc/arm-none-eabi/7.2.1/../../../../arm-none-eabi/lib/thumb/v7e-m/fpv4-sp/hard\libc_nano.a(lib_a-memmove.o)
                0x080036ce                memmove
 .text._realloc_r
                0x08003700       0x4c c:/ac6/systemworkbench/plugins/fr.ac6.mcu.externaltools.arm-none.win32_1.16.0.201807130628/tools/compiler/bin/../lib/gcc/arm-none-eabi/7.2.1/../../../../arm-none-eabi/lib/thumb/v7e-m/fpv4-sp/hard\libc_nano.a(lib_a-nano-reallocr.o)
                0x08003700                _realloc_r
 .text._malloc_usable_size_r
                0x0800374c       0x10 c:/ac6/systemworkbench/plugins/fr.ac6.mcu.externaltools.arm-none.win32_1.16.0.201807130628/tools/compiler/bin/../lib/gcc/arm-none-eabi/7.2.1/../../../../arm-none-eabi/lib/thumb/v7e-m/fpv4-sp/hard\libc_nano.a(lib_a-nano-msizer.o)
                0x0800374c                _malloc_usable_size_r
 .text._sbrk    0x0800375c       0x1c c:/ac6/systemworkbench/plugins/fr.ac6.mcu.externaltools.arm-none.win32_1.16.0.201807130628/tools/compiler/bin/../lib/gcc/arm-none-eabi/7.2.1/../../../../arm-none-eabi/lib/thumb/v7e-m/fpv4-sp/hard\libnosys.a(sbrk.o)
                0x0800375c                _sbrk
 *(.glue_7)
 .glue_7        0x08003778        0x0 linker stubs
 *(.glue_7t)
 .glue_7t       0x08003778        0x0 linker stubs
 *(.eh_frame)
 .eh_frame      0x08003778        0x0 c:/ac6/systemworkbench/plugins/fr.ac6.mcu.externaltools.arm-none.win32_1.16.0.201807130628/tools/compiler/bin/../lib/gcc/arm-none-eabi/7.2.1/thumb/v7e-m/fpv4-sp/hard/crtbegin.o
 *(.init)
 .init          0x08003778        0x4 c:/ac6/systemworkbench/plugins/fr.ac6.mcu.externaltools.arm-none.win32_1.16.0.201807130628/tools/compiler/bin/../lib/gcc/arm-none-eabi/7.2.1/thumb/v7e-m/fpv4-sp/hard/crti.o
                0x08003778                _init
 .init          0x0800377c        0x8 c:/ac6/systemworkbench/plugins/fr.ac6.mcu.externaltools.arm-none.win32_1.16.0.201807130628/tools/compiler/bin/../lib/gcc/arm-none-eabi/7.2.1/thumb/v7e-m/fpv4-sp/hard/crtn.o
 *(.fini)
 .fini          0x08003784        0x4 c:/ac6/systemworkbench/plugins/fr.ac6.mcu.externaltools.arm-none.win32_1.16.0.201807130628/tools/compiler/bin/../lib/gcc/arm-none-eabi/7.2.1/thumb/v7e-m/fpv4-sp/hard/crti.o
                0x08003784                _fini
 .fini          0x08003788        0x8 c:/ac6/systemworkbench/plugins/fr.ac6.mcu.externaltools.arm-none.win32_1.16.0.201807130628/tools/compiler/bin/../lib/gcc/arm-none-eabi/7.2.1/thumb/v7e-m/fpv4-sp/hard/crtn.o
                0x08003790                . = ALIGN (0x4)
                0x08003790                _etext = .

.vfp11_veneer   0x08003790        0x0
 .vfp11_veneer  0x08003790        0x0 linker stubs

.v4_bx          0x08003790        0x0
 .v4_bx         0x08003790        0x0 linker stubs

.iplt           0x08003790        0x0
 .iplt          0x08003790        0x0 c:/ac6/systemworkbench/plugins/fr.ac6.mcu.externaltools.arm-none.win32_1.16.0.201807130628/tools/compiler/bin/../lib/gcc/arm-none-eabi/7.2.1/thumb/v7e-m/fpv4-sp/hard/crtbegin.o

.rodata         0x08003790      0x138
                0x08003790                . = ALIGN (0x4)
 *(.rodata)
 .rodata        0x08003790       0x40 Application/User/KeyPad_4x4/src/KeyPad_4x4.o
 .rodata        0x080037d0        0x4 Application/User/Lcd_driver/src/tm_stm32_hd44780.o
 .rodata        0x080037d4       0x18 Drivers/CMSIS/system_stm32f4xx.o
                0x080037d4                AHBPrescTable
                0x080037e4                APBPrescTable
 *(.rodata*)
 .rodata.str1.4
                0x080037ec        0xd Application/User/Circular_buffer/src/circular_buffer.o
 *fill*         0x080037f9        0x3 
 .rodata.str1.4
                0x080037fc        0xa Application/User/Rtc/src/rtc.o
 *fill*         0x08003806        0x2 
 .rodata.str1.4
                0x08003808       0x14 Application/User/Timeout/src/timeout.o
 .rodata.str1.4
                0x0800381c       0x78 Application/User/main.o
                                 0x82 (size before relaxing)
 .rodata._svfprintf_r.str1.1
                0x08003894       0x11 c:/ac6/systemworkbench/plugins/fr.ac6.mcu.externaltools.arm-none.win32_1.16.0.201807130628/tools/compiler/bin/../lib/gcc/arm-none-eabi/7.2.1/../../../../arm-none-eabi/lib/thumb/v7e-m/fpv4-sp/hard\libc_nano.a(lib_a-nano-svfprintf.o)
 .rodata._printf_i.str1.1
                0x080038a5       0x22 c:/ac6/systemworkbench/plugins/fr.ac6.mcu.externaltools.arm-none.win32_1.16.0.201807130628/tools/compiler/bin/../lib/gcc/arm-none-eabi/7.2.1/../../../../arm-none-eabi/lib/thumb/v7e-m/fpv4-sp/hard\libc_nano.a(lib_a-nano-vfprintf_i.o)
                0x080038c8                . = ALIGN (0x4)
 *fill*         0x080038c7        0x1 

.rel.dyn        0x080038c8        0x0
 .rel.iplt      0x080038c8        0x0 c:/ac6/systemworkbench/plugins/fr.ac6.mcu.externaltools.arm-none.win32_1.16.0.201807130628/tools/compiler/bin/../lib/gcc/arm-none-eabi/7.2.1/thumb/v7e-m/fpv4-sp/hard/crtbegin.o

.ARM.extab
 *(.ARM.extab* .gnu.linkonce.armextab.*)

.ARM            0x080038c8        0x0
                0x080038c8                __exidx_start = .
 *(.ARM.exidx*)
                0x080038c8                __exidx_end = .

.preinit_array  0x080038c8        0x0
                0x080038c8                PROVIDE (__preinit_array_start, .)
 *(.preinit_array*)
                0x080038c8                PROVIDE (__preinit_array_end, .)

.init_array     0x080038c8        0x4
                0x080038c8                PROVIDE (__init_array_start, .)
 *(SORT_BY_NAME(.init_array.*))
 *(.init_array*)
 .init_array    0x080038c8        0x4 c:/ac6/systemworkbench/plugins/fr.ac6.mcu.externaltools.arm-none.win32_1.16.0.201807130628/tools/compiler/bin/../lib/gcc/arm-none-eabi/7.2.1/thumb/v7e-m/fpv4-sp/hard/crtbegin.o
                0x080038cc                PROVIDE (__init_array_end, .)

.fini_array     0x080038cc        0x4
                [!provide]                PROVIDE (__fini_array_start, .)
 *(SORT_BY_NAME(.fini_array.*))
 *(.fini_array*)
 .fini_array    0x080038cc        0x4 c:/ac6/systemworkbench/plugins/fr.ac6.mcu.externaltools.arm-none.win32_1.16.0.201807130628/tools/compiler/bin/../lib/gcc/arm-none-eabi/7.2.1/thumb/v7e-m/fpv4-sp/hard/crtbegin.o
                [!provide]                PROVIDE (__fini_array_end, .)
                0x080038d0                _sidata = LOADADDR (.data)

.data           0x20000000       0x90 load address 0x080038d0
                0x20000000                . = ALIGN (0x4)
                0x20000000                _sdata = .
 *(.data)
 .data          0x20000000       0x28 Application/User/main.o
                0x20000000                uart_rx_circBuff
                0x20000008                log_circ_buff
 .data          0x20000028        0x4 Drivers/CMSIS/system_stm32f4xx.o
                0x20000028                SystemCoreClock
 *(.data*)
 .data._impure_ptr
                0x2000002c        0x4 c:/ac6/systemworkbench/plugins/fr.ac6.mcu.externaltools.arm-none.win32_1.16.0.201807130628/tools/compiler/bin/../lib/gcc/arm-none-eabi/7.2.1/../../../../arm-none-eabi/lib/thumb/v7e-m/fpv4-sp/hard\libc_nano.a(lib_a-impure.o)
                0x2000002c                _impure_ptr
 .data.impure_data
                0x20000030       0x60 c:/ac6/systemworkbench/plugins/fr.ac6.mcu.externaltools.arm-none.win32_1.16.0.201807130628/tools/compiler/bin/../lib/gcc/arm-none-eabi/7.2.1/../../../../arm-none-eabi/lib/thumb/v7e-m/fpv4-sp/hard\libc_nano.a(lib_a-impure.o)
                0x20000090                . = ALIGN (0x4)
                0x20000090                _edata = .

.igot.plt       0x20000090        0x0 load address 0x08003960
 .igot.plt      0x20000090        0x0 c:/ac6/systemworkbench/plugins/fr.ac6.mcu.externaltools.arm-none.win32_1.16.0.201807130628/tools/compiler/bin/../lib/gcc/arm-none-eabi/7.2.1/thumb/v7e-m/fpv4-sp/hard/crtbegin.o
                0x20000090                . = ALIGN (0x4)

.bss            0x20000090      0x1f4 load address 0x08003960
                0x20000090                _sbss = .
                0x20000090                __bss_start__ = _sbss
 *(.bss)
 .bss           0x20000090       0x1c c:/ac6/systemworkbench/plugins/fr.ac6.mcu.externaltools.arm-none.win32_1.16.0.201807130628/tools/compiler/bin/../lib/gcc/arm-none-eabi/7.2.1/thumb/v7e-m/fpv4-sp/hard/crtbegin.o
 .bss           0x200000ac       0x20 Application/User/Lcd_driver/src/tm_stm32_delay.o
                0x200000c4                TM_Time
                0x200000c8                TM_Time2
 .bss           0x200000cc       0x1a Application/User/Lcd_driver/src/tm_stm32_gpio.o
 *fill*         0x200000e6        0x2 
 .bss           0x200000e8        0x7 Application/User/Lcd_driver/src/tm_stm32_hd44780.o
 .bss           0x200000ef        0x1 Application/User/main.o
                0x200000ef                k
 *(.bss*)
 .bss.__malloc_free_list
                0x200000f0        0x4 c:/ac6/systemworkbench/plugins/fr.ac6.mcu.externaltools.arm-none.win32_1.16.0.201807130628/tools/compiler/bin/../lib/gcc/arm-none-eabi/7.2.1/../../../../arm-none-eabi/lib/thumb/v7e-m/fpv4-sp/hard\libc_nano.a(lib_a-nano-mallocr.o)
                0x200000f0                __malloc_free_list
 .bss.__malloc_sbrk_start
                0x200000f4        0x4 c:/ac6/systemworkbench/plugins/fr.ac6.mcu.externaltools.arm-none.win32_1.16.0.201807130628/tools/compiler/bin/../lib/gcc/arm-none-eabi/7.2.1/../../../../arm-none-eabi/lib/thumb/v7e-m/fpv4-sp/hard\libc_nano.a(lib_a-nano-mallocr.o)
                0x200000f4                __malloc_sbrk_start
 .bss.heap_end.5377
                0x200000f8        0x4 c:/ac6/systemworkbench/plugins/fr.ac6.mcu.externaltools.arm-none.win32_1.16.0.201807130628/tools/compiler/bin/../lib/gcc/arm-none-eabi/7.2.1/../../../../arm-none-eabi/lib/thumb/v7e-m/fpv4-sp/hard\libnosys.a(sbrk.o)
 *(COMMON)
 COMMON         0x200000fc       0x93 Application/User/Circular_buffer/src/circular_buffer.o
                0x200000fc                sw_flag
                0x2000010c                Key_char
                0x2000010d                Data_recived_temp
                0x20000110                sTime
                0x20000124                timeout_char_flag
                0x20000125                number_char
                0x20000128                buffer2
                0x20000138                buffer_count
                0x20000139                uart_data_flag
                0x2000013c                buffer
                0x20000144                sDate
                0x20000148                uart_empty_flag
                0x2000014c                hrtc
                0x2000016c                buffer_do_lcd
                0x20000174                sw
                0x20000184                flag_char
                0x20000188                code
                0x2000018e                uart_send_log
 *fill*         0x2000018f        0x1 
 COMMON         0x20000190       0xef Application/User/main.o
                0x20000190                huart1
                0x200001d0                htim11
                0x2000020c                htim6
                0x20000248                keyPad_struct
                0x20000278                uart_rxBuff
 *fill*         0x2000027f        0x1 
 COMMON         0x20000280        0x4 c:/ac6/systemworkbench/plugins/fr.ac6.mcu.externaltools.arm-none.win32_1.16.0.201807130628/tools/compiler/bin/../lib/gcc/arm-none-eabi/7.2.1/../../../../arm-none-eabi/lib/thumb/v7e-m/fpv4-sp/hard\libc_nano.a(lib_a-reent.o)
                0x20000280                errno
                0x20000284                . = ALIGN (0x4)
                0x20000284                _ebss = .
                0x20000284                __bss_end__ = _ebss

._user_heap_stack
                0x20000284      0x604 load address 0x08003960
                0x20000288                . = ALIGN (0x8)
 *fill*         0x20000284        0x4 
                0x20000288                PROVIDE (end, .)
                [!provide]                PROVIDE (_end, .)
                0x20000488                . = (. + _Min_Heap_Size)
 *fill*         0x20000288      0x200 
                0x20000888                . = (. + _Min_Stack_Size)
 *fill*         0x20000488      0x400 
                0x20000888                . = ALIGN (0x8)

/DISCARD/
 libc.a(*)
 libm.a(*)
 libgcc.a(*)

.ARM.attributes
                0x00000000       0x30
 *(.ARM.attributes)
 .ARM.attributes
                0x00000000       0x22 c:/ac6/systemworkbench/plugins/fr.ac6.mcu.externaltools.arm-none.win32_1.16.0.201807130628/tools/compiler/bin/../lib/gcc/arm-none-eabi/7.2.1/thumb/v7e-m/fpv4-sp/hard/crti.o
 .ARM.attributes
                0x00000022       0x34 c:/ac6/systemworkbench/plugins/fr.ac6.mcu.externaltools.arm-none.win32_1.16.0.201807130628/tools/compiler/bin/../lib/gcc/arm-none-eabi/7.2.1/thumb/v7e-m/fpv4-sp/hard/crtbegin.o
 .ARM.attributes
                0x00000056       0x21 Application/SW4STM32/startup_stm32f410rx.o
 .ARM.attributes
                0x00000077       0x39 Application/User/Circular_buffer/src/circular_buffer.o
 .ARM.attributes
                0x000000b0       0x39 Application/User/KeyPad_4x4/src/KeyPad_4x4.o
 .ARM.attributes
                0x000000e9       0x39 Application/User/Lcd_driver/src/tm_stm32_delay.o
 .ARM.attributes
                0x00000122       0x39 Application/User/Lcd_driver/src/tm_stm32_gpio.o
 .ARM.attributes
                0x0000015b       0x39 Application/User/Lcd_driver/src/tm_stm32_hd44780.o
 .ARM.attributes
                0x00000194       0x39 Application/User/Rtc/src/rtc.o
 .ARM.attributes
                0x000001cd       0x39 Application/User/Timeout/src/timeout.o
 .ARM.attributes
                0x00000206       0x39 Application/User/UART/src/uart.o
 .ARM.attributes
                0x0000023f       0x39 Application/User/main.o
 .ARM.attributes
                0x00000278       0x39 Application/User/stm32f4xx_hal_msp.o
 .ARM.attributes
                0x000002b1       0x39 Application/User/stm32f4xx_it.o
 .ARM.attributes
                0x000002ea       0x39 Drivers/CMSIS/system_stm32f4xx.o
 .ARM.attributes
                0x00000323       0x39 Drivers/STM32F4xx_HAL_Driver/stm32f4xx_hal.o
 .ARM.attributes
                0x0000035c       0x39 Drivers/STM32F4xx_HAL_Driver/stm32f4xx_hal_cortex.o
 .ARM.attributes
                0x00000395       0x39 Drivers/STM32F4xx_HAL_Driver/stm32f4xx_hal_dma.o
 .ARM.attributes
                0x000003ce       0x39 Drivers/STM32F4xx_HAL_Driver/stm32f4xx_hal_gpio.o
 .ARM.attributes
                0x00000407       0x39 Drivers/STM32F4xx_HAL_Driver/stm32f4xx_hal_rcc.o
 .ARM.attributes
                0x00000440       0x39 Drivers/STM32F4xx_HAL_Driver/stm32f4xx_hal_rcc_ex.o
 .ARM.attributes
                0x00000479       0x39 Drivers/STM32F4xx_HAL_Driver/stm32f4xx_hal_rtc.o
 .ARM.attributes
                0x000004b2       0x39 Drivers/STM32F4xx_HAL_Driver/stm32f4xx_hal_rtc_ex.o
 .ARM.attributes
                0x000004eb       0x39 Drivers/STM32F4xx_HAL_Driver/stm32f4xx_hal_tim.o
 .ARM.attributes
                0x00000524       0x39 Drivers/STM32F4xx_HAL_Driver/stm32f4xx_hal_tim_ex.o
 .ARM.attributes
                0x0000055d       0x39 Drivers/STM32F4xx_HAL_Driver/stm32f4xx_hal_uart.o
 .ARM.attributes
                0x00000596       0x34 c:/ac6/systemworkbench/plugins/fr.ac6.mcu.externaltools.arm-none.win32_1.16.0.201807130628/tools/compiler/bin/../lib/gcc/arm-none-eabi/7.2.1/../../../../arm-none-eabi/lib/thumb/v7e-m/fpv4-sp/hard\libc_nano.a(lib_a-impure.o)
 .ARM.attributes
                0x000005ca       0x34 c:/ac6/systemworkbench/plugins/fr.ac6.mcu.externaltools.arm-none.win32_1.16.0.201807130628/tools/compiler/bin/../lib/gcc/arm-none-eabi/7.2.1/../../../../arm-none-eabi/lib/thumb/v7e-m/fpv4-sp/hard\libc_nano.a(lib_a-init.o)
 .ARM.attributes
                0x000005fe       0x34 c:/ac6/systemworkbench/plugins/fr.ac6.mcu.externaltools.arm-none.win32_1.16.0.201807130628/tools/compiler/bin/../lib/gcc/arm-none-eabi/7.2.1/../../../../arm-none-eabi/lib/thumb/v7e-m/fpv4-sp/hard\libc_nano.a(lib_a-nano-freer.o)
 .ARM.attributes
                0x00000632       0x34 c:/ac6/systemworkbench/plugins/fr.ac6.mcu.externaltools.arm-none.win32_1.16.0.201807130628/tools/compiler/bin/../lib/gcc/arm-none-eabi/7.2.1/../../../../arm-none-eabi/lib/thumb/v7e-m/fpv4-sp/hard\libc_nano.a(lib_a-nano-mallocr.o)
 .ARM.attributes
                0x00000666       0x34 c:/ac6/systemworkbench/plugins/fr.ac6.mcu.externaltools.arm-none.win32_1.16.0.201807130628/tools/compiler/bin/../lib/gcc/arm-none-eabi/7.2.1/../../../../arm-none-eabi/lib/thumb/v7e-m/fpv4-sp/hard\libc_nano.a(lib_a-sbrkr.o)
 .ARM.attributes
                0x0000069a       0x34 c:/ac6/systemworkbench/plugins/fr.ac6.mcu.externaltools.arm-none.win32_1.16.0.201807130628/tools/compiler/bin/../lib/gcc/arm-none-eabi/7.2.1/../../../../arm-none-eabi/lib/thumb/v7e-m/fpv4-sp/hard\libc_nano.a(lib_a-sprintf.o)
 .ARM.attributes
                0x000006ce       0x20 c:/ac6/systemworkbench/plugins/fr.ac6.mcu.externaltools.arm-none.win32_1.16.0.201807130628/tools/compiler/bin/../lib/gcc/arm-none-eabi/7.2.1/../../../../arm-none-eabi/lib/thumb/v7e-m/fpv4-sp/hard\libc_nano.a(lib_a-strcmp.o)
 .ARM.attributes
                0x000006ee       0x34 c:/ac6/systemworkbench/plugins/fr.ac6.mcu.externaltools.arm-none.win32_1.16.0.201807130628/tools/compiler/bin/../lib/gcc/arm-none-eabi/7.2.1/../../../../arm-none-eabi/lib/thumb/v7e-m/fpv4-sp/hard\libc_nano.a(lib_a-strcpy.o)
 .ARM.attributes
                0x00000722       0x1b c:/ac6/systemworkbench/plugins/fr.ac6.mcu.externaltools.arm-none.win32_1.16.0.201807130628/tools/compiler/bin/../lib/gcc/arm-none-eabi/7.2.1/../../../../arm-none-eabi/lib/thumb/v7e-m/fpv4-sp/hard\libc_nano.a(lib_a-strlen.o)
 .ARM.attributes
                0x0000073d       0x34 c:/ac6/systemworkbench/plugins/fr.ac6.mcu.externaltools.arm-none.win32_1.16.0.201807130628/tools/compiler/bin/../lib/gcc/arm-none-eabi/7.2.1/../../../../arm-none-eabi/lib/thumb/v7e-m/fpv4-sp/hard\libc_nano.a(lib_a-strncat.o)
 .ARM.attributes
                0x00000771       0x34 c:/ac6/systemworkbench/plugins/fr.ac6.mcu.externaltools.arm-none.win32_1.16.0.201807130628/tools/compiler/bin/../lib/gcc/arm-none-eabi/7.2.1/../../../../arm-none-eabi/lib/thumb/v7e-m/fpv4-sp/hard\libc_nano.a(lib_a-mlock.o)
 .ARM.attributes
                0x000007a5       0x34 c:/ac6/systemworkbench/plugins/fr.ac6.mcu.externaltools.arm-none.win32_1.16.0.201807130628/tools/compiler/bin/../lib/gcc/arm-none-eabi/7.2.1/../../../../arm-none-eabi/lib/thumb/v7e-m/fpv4-sp/hard\libc_nano.a(lib_a-nano-svfprintf.o)
 .ARM.attributes
                0x000007d9       0x34 c:/ac6/systemworkbench/plugins/fr.ac6.mcu.externaltools.arm-none.win32_1.16.0.201807130628/tools/compiler/bin/../lib/gcc/arm-none-eabi/7.2.1/../../../../arm-none-eabi/lib/thumb/v7e-m/fpv4-sp/hard\libc_nano.a(lib_a-nano-vfprintf_i.o)
 .ARM.attributes
                0x0000080d       0x34 c:/ac6/systemworkbench/plugins/fr.ac6.mcu.externaltools.arm-none.win32_1.16.0.201807130628/tools/compiler/bin/../lib/gcc/arm-none-eabi/7.2.1/../../../../arm-none-eabi/lib/thumb/v7e-m/fpv4-sp/hard\libc_nano.a(lib_a-reent.o)
 .ARM.attributes
                0x00000841       0x20 c:/ac6/systemworkbench/plugins/fr.ac6.mcu.externaltools.arm-none.win32_1.16.0.201807130628/tools/compiler/bin/../lib/gcc/arm-none-eabi/7.2.1/../../../../arm-none-eabi/lib/thumb/v7e-m/fpv4-sp/hard\libc_nano.a(lib_a-memchr.o)
 .ARM.attributes
                0x00000861       0x34 c:/ac6/systemworkbench/plugins/fr.ac6.mcu.externaltools.arm-none.win32_1.16.0.201807130628/tools/compiler/bin/../lib/gcc/arm-none-eabi/7.2.1/../../../../arm-none-eabi/lib/thumb/v7e-m/fpv4-sp/hard\libc_nano.a(lib_a-memcpy-stub.o)
 .ARM.attributes
                0x00000895       0x34 c:/ac6/systemworkbench/plugins/fr.ac6.mcu.externaltools.arm-none.win32_1.16.0.201807130628/tools/compiler/bin/../lib/gcc/arm-none-eabi/7.2.1/../../../../arm-none-eabi/lib/thumb/v7e-m/fpv4-sp/hard\libc_nano.a(lib_a-memmove.o)
 .ARM.attributes
                0x000008c9       0x34 c:/ac6/systemworkbench/plugins/fr.ac6.mcu.externaltools.arm-none.win32_1.16.0.201807130628/tools/compiler/bin/../lib/gcc/arm-none-eabi/7.2.1/../../../../arm-none-eabi/lib/thumb/v7e-m/fpv4-sp/hard\libc_nano.a(lib_a-nano-reallocr.o)
 .ARM.attributes
                0x000008fd       0x34 c:/ac6/systemworkbench/plugins/fr.ac6.mcu.externaltools.arm-none.win32_1.16.0.201807130628/tools/compiler/bin/../lib/gcc/arm-none-eabi/7.2.1/../../../../arm-none-eabi/lib/thumb/v7e-m/fpv4-sp/hard\libc_nano.a(lib_a-nano-msizer.o)
 .ARM.attributes
                0x00000931       0x34 c:/ac6/systemworkbench/plugins/fr.ac6.mcu.externaltools.arm-none.win32_1.16.0.201807130628/tools/compiler/bin/../lib/gcc/arm-none-eabi/7.2.1/../../../../arm-none-eabi/lib/thumb/v7e-m/fpv4-sp/hard\libnosys.a(sbrk.o)
 .ARM.attributes
                0x00000965       0x22 c:/ac6/systemworkbench/plugins/fr.ac6.mcu.externaltools.arm-none.win32_1.16.0.201807130628/tools/compiler/bin/../lib/gcc/arm-none-eabi/7.2.1/thumb/v7e-m/fpv4-sp/hard/crtn.o
OUTPUT(Project.elf elf32-littlearm)

.debug_line     0x00000000    0x10a7c
 .debug_line    0x00000000       0xb2 Application/SW4STM32/startup_stm32f410rx.o
 .debug_line    0x000000b2      0xa1c Application/User/Circular_buffer/src/circular_buffer.o
 .debug_line    0x00000ace      0x993 Application/User/KeyPad_4x4/src/KeyPad_4x4.o
 .debug_line    0x00001461      0xa3e Application/User/Lcd_driver/src/tm_stm32_delay.o
 .debug_line    0x00001e9f      0xa59 Application/User/Lcd_driver/src/tm_stm32_gpio.o
 .debug_line    0x000028f8      0xb38 Application/User/Lcd_driver/src/tm_stm32_hd44780.o
 .debug_line    0x00003430      0x92c Application/User/Rtc/src/rtc.o
 .debug_line    0x00003d5c      0x96d Application/User/Timeout/src/timeout.o
 .debug_line    0x000046c9      0x8a3 Application/User/UART/src/uart.o
 .debug_line    0x00004f6c      0xd8a Application/User/main.o
 .debug_line    0x00005cf6      0x90e Application/User/stm32f4xx_hal_msp.o
 .debug_line    0x00006604      0x8bc Application/User/stm32f4xx_it.o
 .debug_line    0x00006ec0      0x889 Drivers/CMSIS/system_stm32f4xx.o
 .debug_line    0x00007749      0xa11 Drivers/STM32F4xx_HAL_Driver/stm32f4xx_hal.o
 .debug_line    0x0000815a      0xa9d Drivers/STM32F4xx_HAL_Driver/stm32f4xx_hal_cortex.o
 .debug_line    0x00008bf7      0xb88 Drivers/STM32F4xx_HAL_Driver/stm32f4xx_hal_dma.o
 .debug_line    0x0000977f      0x9b2 Drivers/STM32F4xx_HAL_Driver/stm32f4xx_hal_gpio.o
 .debug_line    0x0000a131      0xb74 Drivers/STM32F4xx_HAL_Driver/stm32f4xx_hal_rcc.o
 .debug_line    0x0000aca5      0xad0 Drivers/STM32F4xx_HAL_Driver/stm32f4xx_hal_rcc_ex.o
 .debug_line    0x0000b775      0xc18 Drivers/STM32F4xx_HAL_Driver/stm32f4xx_hal_rtc.o
 .debug_line    0x0000c38d      0xf58 Drivers/STM32F4xx_HAL_Driver/stm32f4xx_hal_rtc_ex.o
 .debug_line    0x0000d2e5     0x180d Drivers/STM32F4xx_HAL_Driver/stm32f4xx_hal_tim.o
 .debug_line    0x0000eaf2      0xe1d Drivers/STM32F4xx_HAL_Driver/stm32f4xx_hal_tim_ex.o
 .debug_line    0x0000f90f     0x116d Drivers/STM32F4xx_HAL_Driver/stm32f4xx_hal_uart.o

.debug_info     0x00000000    0x2048a
 .debug_info    0x00000000       0x22 Application/SW4STM32/startup_stm32f410rx.o
 .debug_info    0x00000022     0x1204 Application/User/Circular_buffer/src/circular_buffer.o
 .debug_info    0x00001226     0x1349 Application/User/KeyPad_4x4/src/KeyPad_4x4.o
 .debug_info    0x0000256f      0xfb0 Application/User/Lcd_driver/src/tm_stm32_delay.o
 .debug_info    0x0000351f     0x1194 Application/User/Lcd_driver/src/tm_stm32_gpio.o
 .debug_info    0x000046b3     0x1429 Application/User/Lcd_driver/src/tm_stm32_hd44780.o
 .debug_info    0x00005adc     0x11b9 Application/User/Rtc/src/rtc.o
 .debug_info    0x00006c95     0x1778 Application/User/Timeout/src/timeout.o
 .debug_info    0x0000840d      0xe23 Application/User/UART/src/uart.o
 .debug_info    0x00009230     0x29fc Application/User/main.o
 .debug_info    0x0000bc2c     0x1acd Application/User/stm32f4xx_hal_msp.o
 .debug_info    0x0000d6f9     0x10f2 Application/User/stm32f4xx_it.o
 .debug_info    0x0000e7eb      0xd12 Drivers/CMSIS/system_stm32f4xx.o
 .debug_info    0x0000f4fd     0x10cf Drivers/STM32F4xx_HAL_Driver/stm32f4xx_hal.o
 .debug_info    0x000105cc     0x16a7 Drivers/STM32F4xx_HAL_Driver/stm32f4xx_hal_cortex.o
 .debug_info    0x00011c73     0x1276 Drivers/STM32F4xx_HAL_Driver/stm32f4xx_hal_dma.o
 .debug_info    0x00012ee9      0xf96 Drivers/STM32F4xx_HAL_Driver/stm32f4xx_hal_gpio.o
 .debug_info    0x00013e7f     0x14f1 Drivers/STM32F4xx_HAL_Driver/stm32f4xx_hal_rcc.o
 .debug_info    0x00015370     0x1177 Drivers/STM32F4xx_HAL_Driver/stm32f4xx_hal_rcc_ex.o
 .debug_info    0x000164e7     0x163d Drivers/STM32F4xx_HAL_Driver/stm32f4xx_hal_rtc.o
 .debug_info    0x00017b24     0x18a6 Drivers/STM32F4xx_HAL_Driver/stm32f4xx_hal_rtc_ex.o
 .debug_info    0x000193ca     0x368b Drivers/STM32F4xx_HAL_Driver/stm32f4xx_hal_tim.o
 .debug_info    0x0001ca55     0x1b20 Drivers/STM32F4xx_HAL_Driver/stm32f4xx_hal_tim_ex.o
 .debug_info    0x0001e575     0x1f15 Drivers/STM32F4xx_HAL_Driver/stm32f4xx_hal_uart.o

.debug_abbrev   0x00000000     0x42c5
 .debug_abbrev  0x00000000       0x12 Application/SW4STM32/startup_stm32f410rx.o
 .debug_abbrev  0x00000012      0x30d Application/User/Circular_buffer/src/circular_buffer.o
 .debug_abbrev  0x0000031f      0x287 Application/User/KeyPad_4x4/src/KeyPad_4x4.o
 .debug_abbrev  0x000005a6      0x375 Application/User/Lcd_driver/src/tm_stm32_delay.o
 .debug_abbrev  0x0000091b      0x2b9 Application/User/Lcd_driver/src/tm_stm32_gpio.o
 .debug_abbrev  0x00000bd4      0x337 Application/User/Lcd_driver/src/tm_stm32_hd44780.o
 .debug_abbrev  0x00000f0b      0x2cb Application/User/Rtc/src/rtc.o
 .debug_abbrev  0x000011d6      0x29a Application/User/Timeout/src/timeout.o
 .debug_abbrev  0x00001470      0x255 Application/User/UART/src/uart.o
 .debug_abbrev  0x000016c5      0x36e Application/User/main.o
 .debug_abbrev  0x00001a33      0x274 Application/User/stm32f4xx_hal_msp.o
 .debug_abbrev  0x00001ca7      0x232 Application/User/stm32f4xx_it.o
 .debug_abbrev  0x00001ed9      0x205 Drivers/CMSIS/system_stm32f4xx.o
 .debug_abbrev  0x000020de      0x349 Drivers/STM32F4xx_HAL_Driver/stm32f4xx_hal.o
 .debug_abbrev  0x00002427      0x3d6 Drivers/STM32F4xx_HAL_Driver/stm32f4xx_hal_cortex.o
 .debug_abbrev  0x000027fd      0x32a Drivers/STM32F4xx_HAL_Driver/stm32f4xx_hal_dma.o
 .debug_abbrev  0x00002b27      0x2a7 Drivers/STM32F4xx_HAL_Driver/stm32f4xx_hal_gpio.o
 .debug_abbrev  0x00002dce      0x372 Drivers/STM32F4xx_HAL_Driver/stm32f4xx_hal_rcc.o
 .debug_abbrev  0x00003140      0x2e2 Drivers/STM32F4xx_HAL_Driver/stm32f4xx_hal_rcc_ex.o
 .debug_abbrev  0x00003422      0x2c8 Drivers/STM32F4xx_HAL_Driver/stm32f4xx_hal_rtc.o
 .debug_abbrev  0x000036ea      0x2d7 Drivers/STM32F4xx_HAL_Driver/stm32f4xx_hal_rtc_ex.o
 .debug_abbrev  0x000039c1      0x2e0 Drivers/STM32F4xx_HAL_Driver/stm32f4xx_hal_tim.o
 .debug_abbrev  0x00003ca1      0x2e0 Drivers/STM32F4xx_HAL_Driver/stm32f4xx_hal_tim_ex.o
 .debug_abbrev  0x00003f81      0x344 Drivers/STM32F4xx_HAL_Driver/stm32f4xx_hal_uart.o

.debug_aranges  0x00000000      0xfb0
 .debug_aranges
                0x00000000       0x28 Application/SW4STM32/startup_stm32f410rx.o
 .debug_aranges
                0x00000028       0x60 Application/User/Circular_buffer/src/circular_buffer.o
 .debug_aranges
                0x00000088       0x38 Application/User/KeyPad_4x4/src/KeyPad_4x4.o
 .debug_aranges
                0x000000c0       0x78 Application/User/Lcd_driver/src/tm_stm32_delay.o
 .debug_aranges
                0x00000138       0x98 Application/User/Lcd_driver/src/tm_stm32_gpio.o
 .debug_aranges
                0x000001d0       0xa8 Application/User/Lcd_driver/src/tm_stm32_hd44780.o
 .debug_aranges
                0x00000278       0x20 Application/User/Rtc/src/rtc.o
 .debug_aranges
                0x00000298       0x40 Application/User/Timeout/src/timeout.o
 .debug_aranges
                0x000002d8       0x20 Application/User/UART/src/uart.o
 .debug_aranges
                0x000002f8       0x68 Application/User/main.o
 .debug_aranges
                0x00000360       0x50 Application/User/stm32f4xx_hal_msp.o
 .debug_aranges
                0x000003b0       0x48 Application/User/stm32f4xx_it.o
 .debug_aranges
                0x000003f8       0x28 Drivers/CMSIS/system_stm32f4xx.o
 .debug_aranges
                0x00000420       0xc8 Drivers/STM32F4xx_HAL_Driver/stm32f4xx_hal.o
 .debug_aranges
                0x000004e8       0xa8 Drivers/STM32F4xx_HAL_Driver/stm32f4xx_hal_cortex.o
 .debug_aranges
                0x00000590       0x90 Drivers/STM32F4xx_HAL_Driver/stm32f4xx_hal_dma.o
 .debug_aranges
                0x00000620       0x58 Drivers/STM32F4xx_HAL_Driver/stm32f4xx_hal_gpio.o
 .debug_aranges
                0x00000678       0x88 Drivers/STM32F4xx_HAL_Driver/stm32f4xx_hal_rcc.o
 .debug_aranges
                0x00000700       0x50 Drivers/STM32F4xx_HAL_Driver/stm32f4xx_hal_rcc_ex.o
 .debug_aranges
                0x00000750       0xb8 Drivers/STM32F4xx_HAL_Driver/stm32f4xx_hal_rtc.o
 .debug_aranges
                0x00000808      0x130 Drivers/STM32F4xx_HAL_Driver/stm32f4xx_hal_rtc_ex.o
 .debug_aranges
                0x00000938      0x368 Drivers/STM32F4xx_HAL_Driver/stm32f4xx_hal_tim.o
 .debug_aranges
                0x00000ca0      0x140 Drivers/STM32F4xx_HAL_Driver/stm32f4xx_hal_tim_ex.o
 .debug_aranges
                0x00000de0      0x1d0 Drivers/STM32F4xx_HAL_Driver/stm32f4xx_hal_uart.o

.debug_str      0x00000000    0x80a14
 .debug_str     0x00000000       0xaf Application/SW4STM32/startup_stm32f410rx.o
 .debug_str     0x000000af    0x7b2c8 Application/User/Circular_buffer/src/circular_buffer.o
                              0x7b686 (size before relaxing)
 .debug_str     0x0007b377      0x1b8 Application/User/KeyPad_4x4/src/KeyPad_4x4.o
                              0x7b712 (size before relaxing)
 .debug_str     0x0007b52f      0x5d1 Application/User/Lcd_driver/src/tm_stm32_delay.o
                              0x7b79a (size before relaxing)
 .debug_str     0x0007bb00      0x868 Application/User/Lcd_driver/src/tm_stm32_gpio.o
                              0x7bb52 (size before relaxing)
 .debug_str     0x0007c368      0x616 Application/User/Lcd_driver/src/tm_stm32_hd44780.o
                              0x7c129 (size before relaxing)
 .debug_str     0x0007c97e       0x99 Application/User/Rtc/src/rtc.o
                              0x7b62c (size before relaxing)
 .debug_str     0x0007ca17      0x5ab Application/User/Timeout/src/timeout.o
                              0x7bbb4 (size before relaxing)
 .debug_str     0x0007cfc2       0x39 Application/User/UART/src/uart.o
                              0x7b590 (size before relaxing)
 .debug_str     0x0007cffb      0x836 Application/User/main.o
                              0x7cea0 (size before relaxing)
 .debug_str     0x0007d831      0x129 Application/User/stm32f4xx_hal_msp.o
                              0x7becf (size before relaxing)
 .debug_str     0x0007d95a      0x107 Application/User/stm32f4xx_it.o
                              0x7b821 (size before relaxing)
 .debug_str     0x0007da61       0xf1 Drivers/CMSIS/system_stm32f4xx.o
                              0x7b30e (size before relaxing)
 .debug_str     0x0007db52      0x545 Drivers/STM32F4xx_HAL_Driver/stm32f4xx_hal.o
                              0x7bc6b (size before relaxing)
 .debug_str     0x0007e097      0x34e Drivers/STM32F4xx_HAL_Driver/stm32f4xx_hal_cortex.o
                              0x7ba4e (size before relaxing)
 .debug_str     0x0007e3e5      0x34f Drivers/STM32F4xx_HAL_Driver/stm32f4xx_hal_dma.o
                              0x7b751 (size before relaxing)
 .debug_str     0x0007e734      0x1e9 Drivers/STM32F4xx_HAL_Driver/stm32f4xx_hal_gpio.o
                              0x7b558 (size before relaxing)
 .debug_str     0x0007e91d      0x242 Drivers/STM32F4xx_HAL_Driver/stm32f4xx_hal_rcc.o
                              0x7b728 (size before relaxing)
 .debug_str     0x0007eb5f      0x109 Drivers/STM32F4xx_HAL_Driver/stm32f4xx_hal_rcc_ex.o
                              0x7b53e (size before relaxing)
 .debug_str     0x0007ec68      0x213 Drivers/STM32F4xx_HAL_Driver/stm32f4xx_hal_rtc.o
                              0x7b707 (size before relaxing)
 .debug_str     0x0007ee7b      0x55c Drivers/STM32F4xx_HAL_Driver/stm32f4xx_hal_rtc_ex.o
                              0x7ba67 (size before relaxing)
 .debug_str     0x0007f3d7      0xca2 Drivers/STM32F4xx_HAL_Driver/stm32f4xx_hal_tim.o
                              0x7c377 (size before relaxing)
 .debug_str     0x00080079      0x4b6 Drivers/STM32F4xx_HAL_Driver/stm32f4xx_hal_tim_ex.o
                              0x7bc37 (size before relaxing)
 .debug_str     0x0008052f      0x4e5 Drivers/STM32F4xx_HAL_Driver/stm32f4xx_hal_uart.o
                              0x7bbb4 (size before relaxing)

.debug_ranges   0x00000000      0xec8
 .debug_ranges  0x00000000       0x20 Application/SW4STM32/startup_stm32f410rx.o
 .debug_ranges  0x00000020       0x68 Application/User/Circular_buffer/src/circular_buffer.o
 .debug_ranges  0x00000088       0x28 Application/User/KeyPad_4x4/src/KeyPad_4x4.o
 .debug_ranges  0x000000b0       0x68 Application/User/Lcd_driver/src/tm_stm32_delay.o
 .debug_ranges  0x00000118       0x88 Application/User/Lcd_driver/src/tm_stm32_gpio.o
 .debug_ranges  0x000001a0       0x98 Application/User/Lcd_driver/src/tm_stm32_hd44780.o
 .debug_ranges  0x00000238       0x10 Application/User/Rtc/src/rtc.o
 .debug_ranges  0x00000248       0x30 Application/User/Timeout/src/timeout.o
 .debug_ranges  0x00000278       0x10 Application/User/UART/src/uart.o
 .debug_ranges  0x00000288       0x70 Application/User/main.o
 .debug_ranges  0x000002f8       0x40 Application/User/stm32f4xx_hal_msp.o
 .debug_ranges  0x00000338       0x38 Application/User/stm32f4xx_it.o
 .debug_ranges  0x00000370       0x18 Drivers/CMSIS/system_stm32f4xx.o
 .debug_ranges  0x00000388       0xb8 Drivers/STM32F4xx_HAL_Driver/stm32f4xx_hal.o
 .debug_ranges  0x00000440       0xf8 Drivers/STM32F4xx_HAL_Driver/stm32f4xx_hal_cortex.o
 .debug_ranges  0x00000538       0x80 Drivers/STM32F4xx_HAL_Driver/stm32f4xx_hal_dma.o
 .debug_ranges  0x000005b8       0x48 Drivers/STM32F4xx_HAL_Driver/stm32f4xx_hal_gpio.o
 .debug_ranges  0x00000600       0x78 Drivers/STM32F4xx_HAL_Driver/stm32f4xx_hal_rcc.o
 .debug_ranges  0x00000678       0x40 Drivers/STM32F4xx_HAL_Driver/stm32f4xx_hal_rcc_ex.o
 .debug_ranges  0x000006b8       0xa8 Drivers/STM32F4xx_HAL_Driver/stm32f4xx_hal_rtc.o
 .debug_ranges  0x00000760      0x120 Drivers/STM32F4xx_HAL_Driver/stm32f4xx_hal_rtc_ex.o
 .debug_ranges  0x00000880      0x358 Drivers/STM32F4xx_HAL_Driver/stm32f4xx_hal_tim.o
 .debug_ranges  0x00000bd8      0x130 Drivers/STM32F4xx_HAL_Driver/stm32f4xx_hal_tim_ex.o
 .debug_ranges  0x00000d08      0x1c0 Drivers/STM32F4xx_HAL_Driver/stm32f4xx_hal_uart.o

.debug_loc      0x00000000     0xa696
 .debug_loc     0x00000000      0x1ca Application/User/Circular_buffer/src/circular_buffer.o
 .debug_loc     0x000001ca      0x158 Application/User/KeyPad_4x4/src/KeyPad_4x4.o
 .debug_loc     0x00000322      0x1fe Application/User/Lcd_driver/src/tm_stm32_delay.o
 .debug_loc     0x00000520      0x561 Application/User/Lcd_driver/src/tm_stm32_gpio.o
 .debug_loc     0x00000a81      0x376 Application/User/Lcd_driver/src/tm_stm32_hd44780.o
 .debug_loc     0x00000df7       0x1e Application/User/Rtc/src/rtc.o
 .debug_loc     0x00000e15       0xdc Application/User/Timeout/src/timeout.o
 .debug_loc     0x00000ef1       0x3c Application/User/UART/src/uart.o
 .debug_loc     0x00000f2d       0xfe Application/User/main.o
 .debug_loc     0x0000102b      0x101 Application/User/stm32f4xx_hal_msp.o
 .debug_loc     0x0000112c      0x13e Drivers/CMSIS/system_stm32f4xx.o
 .debug_loc     0x0000126a       0x91 Drivers/STM32F4xx_HAL_Driver/stm32f4xx_hal.o
 .debug_loc     0x000012fb      0x5ce Drivers/STM32F4xx_HAL_Driver/stm32f4xx_hal_cortex.o
 .debug_loc     0x000018c9      0xb4e Drivers/STM32F4xx_HAL_Driver/stm32f4xx_hal_dma.o
 .debug_loc     0x00002417      0x471 Drivers/STM32F4xx_HAL_Driver/stm32f4xx_hal_gpio.o
 .debug_loc     0x00002888      0x52d Drivers/STM32F4xx_HAL_Driver/stm32f4xx_hal_rcc.o
 .debug_loc     0x00002db5      0x47b Drivers/STM32F4xx_HAL_Driver/stm32f4xx_hal_rcc_ex.o
 .debug_loc     0x00003230      0xb4e Drivers/STM32F4xx_HAL_Driver/stm32f4xx_hal_rtc.o
 .debug_loc     0x00003d7e      0xe2b Drivers/STM32F4xx_HAL_Driver/stm32f4xx_hal_rtc_ex.o
 .debug_loc     0x00004ba9     0x3664 Drivers/STM32F4xx_HAL_Driver/stm32f4xx_hal_tim.o
 .debug_loc     0x0000820d      0xefe Drivers/STM32F4xx_HAL_Driver/stm32f4xx_hal_tim_ex.o
 .debug_loc     0x0000910b     0x158b Drivers/STM32F4xx_HAL_Driver/stm32f4xx_hal_uart.o

.debug_macro    0x00000000    0x17e3e
 .debug_macro   0x00000000      0x359 Application/User/Circular_buffer/src/circular_buffer.o
 .debug_macro   0x00000359      0xa60 Application/User/Circular_buffer/src/circular_buffer.o
 .debug_macro   0x00000db9       0x7c Application/User/Circular_buffer/src/circular_buffer.o
 .debug_macro   0x00000e35      0x186 Application/User/Circular_buffer/src/circular_buffer.o
 .debug_macro   0x00000fbb       0x33 Application/User/Circular_buffer/src/circular_buffer.o
 .debug_macro   0x00000fee       0x28 Application/User/Circular_buffer/src/circular_buffer.o
 .debug_macro   0x00001016       0x22 Application/User/Circular_buffer/src/circular_buffer.o
 .debug_macro   0x00001038       0x87 Application/User/Circular_buffer/src/circular_buffer.o
 .debug_macro   0x000010bf       0x51 Application/User/Circular_buffer/src/circular_buffer.o
 .debug_macro   0x00001110       0xef Application/User/Circular_buffer/src/circular_buffer.o
 .debug_macro   0x000011ff       0x6a Application/User/Circular_buffer/src/circular_buffer.o
 .debug_macro   0x00001269      0x1df Application/User/Circular_buffer/src/circular_buffer.o
 .debug_macro   0x00001448       0x35 Application/User/Circular_buffer/src/circular_buffer.o
 .debug_macro   0x0000147d       0x50 Application/User/Circular_buffer/src/circular_buffer.o
 .debug_macro   0x000014cd      0xe66 Application/User/Circular_buffer/src/circular_buffer.o
 .debug_macro   0x00002333     0x9c34 Application/User/Circular_buffer/src/circular_buffer.o
 .debug_macro   0x0000bf67       0x43 Application/User/Circular_buffer/src/circular_buffer.o
 .debug_macro   0x0000bfaa     0x3574 Application/User/Circular_buffer/src/circular_buffer.o
 .debug_macro   0x0000f51e       0x58 Application/User/Circular_buffer/src/circular_buffer.o
 .debug_macro   0x0000f576       0x17 Application/User/Circular_buffer/src/circular_buffer.o
 .debug_macro   0x0000f58d       0x35 Application/User/Circular_buffer/src/circular_buffer.o
 .debug_macro   0x0000f5c2       0x9c Application/User/Circular_buffer/src/circular_buffer.o
 .debug_macro   0x0000f65e       0x16 Application/User/Circular_buffer/src/circular_buffer.o
 .debug_macro   0x0000f674       0x97 Application/User/Circular_buffer/src/circular_buffer.o
 .debug_macro   0x0000f70b      0x330 Application/User/Circular_buffer/src/circular_buffer.o
 .debug_macro   0x0000fa3b       0xfd Application/User/Circular_buffer/src/circular_buffer.o
 .debug_macro   0x0000fb38       0x10 Application/User/Circular_buffer/src/circular_buffer.o
 .debug_macro   0x0000fb48       0x58 Application/User/Circular_buffer/src/circular_buffer.o
 .debug_macro   0x0000fba0       0x1f Application/User/Circular_buffer/src/circular_buffer.o
 .debug_macro   0x0000fbbf       0x43 Application/User/Circular_buffer/src/circular_buffer.o
 .debug_macro   0x0000fc02       0x20 Application/User/Circular_buffer/src/circular_buffer.o
 .debug_macro   0x0000fc22      0x18e Application/User/Circular_buffer/src/circular_buffer.o
 .debug_macro   0x0000fdb0       0x10 Application/User/Circular_buffer/src/circular_buffer.o
 .debug_macro   0x0000fdc0       0x1c Application/User/Circular_buffer/src/circular_buffer.o
 .debug_macro   0x0000fddc       0x52 Application/User/Circular_buffer/src/circular_buffer.o
 .debug_macro   0x0000fe2e       0x40 Application/User/Circular_buffer/src/circular_buffer.o
 .debug_macro   0x0000fe6e       0x10 Application/User/Circular_buffer/src/circular_buffer.o
 .debug_macro   0x0000fe7e       0x40 Application/User/Circular_buffer/src/circular_buffer.o
 .debug_macro   0x0000febe       0xd7 Application/User/Circular_buffer/src/circular_buffer.o
 .debug_macro   0x0000ff95       0x1c Application/User/Circular_buffer/src/circular_buffer.o
 .debug_macro   0x0000ffb1       0x3d Application/User/Circular_buffer/src/circular_buffer.o
 .debug_macro   0x0000ffee       0x16 Application/User/Circular_buffer/src/circular_buffer.o
 .debug_macro   0x00010004      0x16f Application/User/Circular_buffer/src/circular_buffer.o
 .debug_macro   0x00010173       0x50 Application/User/Circular_buffer/src/circular_buffer.o
 .debug_macro   0x000101c3      0x39f Application/User/Circular_buffer/src/circular_buffer.o
 .debug_macro   0x00010562      0x9e1 Application/User/Circular_buffer/src/circular_buffer.o
 .debug_macro   0x00010f43      0x11e Application/User/Circular_buffer/src/circular_buffer.o
 .debug_macro   0x00011061       0xc0 Application/User/Circular_buffer/src/circular_buffer.o
 .debug_macro   0x00011121       0x27 Application/User/Circular_buffer/src/circular_buffer.o
 .debug_macro   0x00011148      0x287 Application/User/Circular_buffer/src/circular_buffer.o
 .debug_macro   0x000113cf       0x5f Application/User/Circular_buffer/src/circular_buffer.o
 .debug_macro   0x0001142e      0x23a Application/User/Circular_buffer/src/circular_buffer.o
 .debug_macro   0x00011668      0x13a Application/User/Circular_buffer/src/circular_buffer.o
 .debug_macro   0x000117a2      0x225 Application/User/Circular_buffer/src/circular_buffer.o
 .debug_macro   0x000119c7       0x2e Application/User/Circular_buffer/src/circular_buffer.o
 .debug_macro   0x000119f5      0x11e Application/User/Circular_buffer/src/circular_buffer.o
 .debug_macro   0x00011b13       0x91 Application/User/Circular_buffer/src/circular_buffer.o
 .debug_macro   0x00011ba4       0x89 Application/User/Circular_buffer/src/circular_buffer.o
 .debug_macro   0x00011c2d      0x31a Application/User/Circular_buffer/src/circular_buffer.o
 .debug_macro   0x00011f47      0x409 Application/User/Circular_buffer/src/circular_buffer.o
 .debug_macro   0x00012350       0xe4 Application/User/Circular_buffer/src/circular_buffer.o
 .debug_macro   0x00012434      0x6e0 Application/User/Circular_buffer/src/circular_buffer.o
 .debug_macro   0x00012b14       0x77 Application/User/Circular_buffer/src/circular_buffer.o
 .debug_macro   0x00012b8b      0x14d Application/User/Circular_buffer/src/circular_buffer.o
 .debug_macro   0x00012cd8      0x287 Application/User/Circular_buffer/src/circular_buffer.o
 .debug_macro   0x00012f5f      0x12c Application/User/Circular_buffer/src/circular_buffer.o
 .debug_macro   0x0001308b       0x22 Application/User/Circular_buffer/src/circular_buffer.o
 .debug_macro   0x000130ad       0x2e Application/User/Circular_buffer/src/circular_buffer.o
 .debug_macro   0x000130db      0x359 Application/User/KeyPad_4x4/src/KeyPad_4x4.o
 .debug_macro   0x00013434      0x38b Application/User/Lcd_driver/src/tm_stm32_delay.o
 .debug_macro   0x000137bf       0x52 Application/User/Lcd_driver/src/tm_stm32_delay.o
 .debug_macro   0x00013811       0x16 Application/User/Lcd_driver/src/tm_stm32_delay.o
 .debug_macro   0x00013827       0x35 Application/User/Lcd_driver/src/tm_stm32_delay.o
 .debug_macro   0x0001385c       0x16 Application/User/Lcd_driver/src/tm_stm32_delay.o
 .debug_macro   0x00013872       0x29 Application/User/Lcd_driver/src/tm_stm32_delay.o
 .debug_macro   0x0001389b       0x32 Application/User/Lcd_driver/src/tm_stm32_delay.o
 .debug_macro   0x000138cd      0x357 Application/User/Lcd_driver/src/tm_stm32_gpio.o
 .debug_macro   0x00013c24       0xad Application/User/Lcd_driver/src/tm_stm32_gpio.o
 .debug_macro   0x00013cd1      0x458 Application/User/Lcd_driver/src/tm_stm32_hd44780.o
 .debug_macro   0x00014129       0xb3 Application/User/Lcd_driver/src/tm_stm32_hd44780.o
 .debug_macro   0x000141dc      0x359 Application/User/Rtc/src/rtc.o
 .debug_macro   0x00014535      0x359 Application/User/Timeout/src/timeout.o
 .debug_macro   0x0001488e      0x343 Application/User/UART/src/uart.o
 .debug_macro   0x00014bd1      0x409 Application/User/main.o
 .debug_macro   0x00014fda       0x16 Application/User/main.o
 .debug_macro   0x00014ff0      0x33f Application/User/stm32f4xx_hal_msp.o
 .debug_macro   0x0001532f      0x349 Application/User/stm32f4xx_it.o
 .debug_macro   0x00015678      0x345 Drivers/CMSIS/system_stm32f4xx.o
 .debug_macro   0x000159bd      0x39f Drivers/STM32F4xx_HAL_Driver/stm32f4xx_hal.o
 .debug_macro   0x00015d5c      0x33f Drivers/STM32F4xx_HAL_Driver/stm32f4xx_hal_cortex.o
 .debug_macro   0x0001609b      0x346 Drivers/STM32F4xx_HAL_Driver/stm32f4xx_hal_dma.o
 .debug_macro   0x000163e1      0x377 Drivers/STM32F4xx_HAL_Driver/stm32f4xx_hal_gpio.o
 .debug_macro   0x00016758      0x369 Drivers/STM32F4xx_HAL_Driver/stm32f4xx_hal_rcc.o
 .debug_macro   0x00016ac1      0x33f Drivers/STM32F4xx_HAL_Driver/stm32f4xx_hal_rcc_ex.o
 .debug_macro   0x00016e00      0x340 Drivers/STM32F4xx_HAL_Driver/stm32f4xx_hal_rtc.o
 .debug_macro   0x00017140      0x33f Drivers/STM32F4xx_HAL_Driver/stm32f4xx_hal_rtc_ex.o
 .debug_macro   0x0001747f      0x340 Drivers/STM32F4xx_HAL_Driver/stm32f4xx_hal_tim.o
 .debug_macro   0x000177bf      0x33f Drivers/STM32F4xx_HAL_Driver/stm32f4xx_hal_tim_ex.o
 .debug_macro   0x00017afe      0x340 Drivers/STM32F4xx_HAL_Driver/stm32f4xx_hal_uart.o

.comment        0x00000000       0x7e
 .comment       0x00000000       0x7e Application/User/Circular_buffer/src/circular_buffer.o
                                 0x7f (size before relaxing)
 .comment       0x0000007e       0x7f Application/User/KeyPad_4x4/src/KeyPad_4x4.o
 .comment       0x0000007e       0x7f Application/User/Lcd_driver/src/tm_stm32_delay.o
 .comment       0x0000007e       0x7f Application/User/Lcd_driver/src/tm_stm32_gpio.o
 .comment       0x0000007e       0x7f Application/User/Lcd_driver/src/tm_stm32_hd44780.o
 .comment       0x0000007e       0x7f Application/User/Rtc/src/rtc.o
 .comment       0x0000007e       0x7f Application/User/Timeout/src/timeout.o
 .comment       0x0000007e       0x7f Application/User/UART/src/uart.o
 .comment       0x0000007e       0x7f Application/User/main.o
 .comment       0x0000007e       0x7f Application/User/stm32f4xx_hal_msp.o
 .comment       0x0000007e       0x7f Application/User/stm32f4xx_it.o
 .comment       0x0000007e       0x7f Drivers/CMSIS/system_stm32f4xx.o
 .comment       0x0000007e       0x7f Drivers/STM32F4xx_HAL_Driver/stm32f4xx_hal.o
 .comment       0x0000007e       0x7f Drivers/STM32F4xx_HAL_Driver/stm32f4xx_hal_cortex.o
 .comment       0x0000007e       0x7f Drivers/STM32F4xx_HAL_Driver/stm32f4xx_hal_dma.o
 .comment       0x0000007e       0x7f Drivers/STM32F4xx_HAL_Driver/stm32f4xx_hal_gpio.o
 .comment       0x0000007e       0x7f Drivers/STM32F4xx_HAL_Driver/stm32f4xx_hal_rcc.o
 .comment       0x0000007e       0x7f Drivers/STM32F4xx_HAL_Driver/stm32f4xx_hal_rcc_ex.o
 .comment       0x0000007e       0x7f Drivers/STM32F4xx_HAL_Driver/stm32f4xx_hal_rtc.o
 .comment       0x0000007e       0x7f Drivers/STM32F4xx_HAL_Driver/stm32f4xx_hal_rtc_ex.o
 .comment       0x0000007e       0x7f Drivers/STM32F4xx_HAL_Driver/stm32f4xx_hal_tim.o
 .comment       0x0000007e       0x7f Drivers/STM32F4xx_HAL_Driver/stm32f4xx_hal_tim_ex.o
 .comment       0x0000007e       0x7f Drivers/STM32F4xx_HAL_Driver/stm32f4xx_hal_uart.o

.debug_frame    0x00000000     0x2cac
 .debug_frame   0x00000000       0xd0 Application/User/Circular_buffer/src/circular_buffer.o
 .debug_frame   0x000000d0       0x64 Application/User/KeyPad_4x4/src/KeyPad_4x4.o
 .debug_frame   0x00000134      0x104 Application/User/Lcd_driver/src/tm_stm32_delay.o
 .debug_frame   0x00000238      0x204 Application/User/Lcd_driver/src/tm_stm32_gpio.o
 .debug_frame   0x0000043c      0x1e4 Application/User/Lcd_driver/src/tm_stm32_hd44780.o
 .debug_frame   0x00000620       0x38 Application/User/Rtc/src/rtc.o
 .debug_frame   0x00000658       0x84 Application/User/Timeout/src/timeout.o
 .debug_frame   0x000006dc       0x2c Application/User/UART/src/uart.o
 .debug_frame   0x00000708      0x128 Application/User/main.o
 .debug_frame   0x00000830       0xc0 Application/User/stm32f4xx_hal_msp.o
 .debug_frame   0x000008f0       0x90 Application/User/stm32f4xx_it.o
 .debug_frame   0x00000980       0x30 Drivers/CMSIS/system_stm32f4xx.o
 .debug_frame   0x000009b0      0x198 Drivers/STM32F4xx_HAL_Driver/stm32f4xx_hal.o
 .debug_frame   0x00000b48      0x15c Drivers/STM32F4xx_HAL_Driver/stm32f4xx_hal_cortex.o
 .debug_frame   0x00000ca4      0x188 Drivers/STM32F4xx_HAL_Driver/stm32f4xx_hal_dma.o
 .debug_frame   0x00000e2c       0xd8 Drivers/STM32F4xx_HAL_Driver/stm32f4xx_hal_gpio.o
 .debug_frame   0x00000f04      0x13c Drivers/STM32F4xx_HAL_Driver/stm32f4xx_hal_rcc.o
 .debug_frame   0x00001040       0xa8 Drivers/STM32F4xx_HAL_Driver/stm32f4xx_hal_rcc_ex.o
 .debug_frame   0x000010e8      0x214 Drivers/STM32F4xx_HAL_Driver/stm32f4xx_hal_rtc.o
 .debug_frame   0x000012fc      0x380 Drivers/STM32F4xx_HAL_Driver/stm32f4xx_hal_rtc_ex.o
 .debug_frame   0x0000167c      0x9e0 Drivers/STM32F4xx_HAL_Driver/stm32f4xx_hal_tim.o
 .debug_frame   0x0000205c      0x384 Drivers/STM32F4xx_HAL_Driver/stm32f4xx_hal_tim_ex.o
 .debug_frame   0x000023e0      0x4f0 Drivers/STM32F4xx_HAL_Driver/stm32f4xx_hal_uart.o
 .debug_frame   0x000028d0       0x2c c:/ac6/systemworkbench/plugins/fr.ac6.mcu.externaltools.arm-none.win32_1.16.0.201807130628/tools/compiler/bin/../lib/gcc/arm-none-eabi/7.2.1/../../../../arm-none-eabi/lib/thumb/v7e-m/fpv4-sp/hard\libc_nano.a(lib_a-init.o)
 .debug_frame   0x000028fc       0x38 c:/ac6/systemworkbench/plugins/fr.ac6.mcu.externaltools.arm-none.win32_1.16.0.201807130628/tools/compiler/bin/../lib/gcc/arm-none-eabi/7.2.1/../../../../arm-none-eabi/lib/thumb/v7e-m/fpv4-sp/hard\libc_nano.a(lib_a-nano-freer.o)
 .debug_frame   0x00002934       0x2c c:/ac6/systemworkbench/plugins/fr.ac6.mcu.externaltools.arm-none.win32_1.16.0.201807130628/tools/compiler/bin/../lib/gcc/arm-none-eabi/7.2.1/../../../../arm-none-eabi/lib/thumb/v7e-m/fpv4-sp/hard\libc_nano.a(lib_a-nano-mallocr.o)
 .debug_frame   0x00002960       0x2c c:/ac6/systemworkbench/plugins/fr.ac6.mcu.externaltools.arm-none.win32_1.16.0.201807130628/tools/compiler/bin/../lib/gcc/arm-none-eabi/7.2.1/../../../../arm-none-eabi/lib/thumb/v7e-m/fpv4-sp/hard\libc_nano.a(lib_a-sbrkr.o)
 .debug_frame   0x0000298c       0x6c c:/ac6/systemworkbench/plugins/fr.ac6.mcu.externaltools.arm-none.win32_1.16.0.201807130628/tools/compiler/bin/../lib/gcc/arm-none-eabi/7.2.1/../../../../arm-none-eabi/lib/thumb/v7e-m/fpv4-sp/hard\libc_nano.a(lib_a-sprintf.o)
 .debug_frame   0x000029f8       0x20 c:/ac6/systemworkbench/plugins/fr.ac6.mcu.externaltools.arm-none.win32_1.16.0.201807130628/tools/compiler/bin/../lib/gcc/arm-none-eabi/7.2.1/../../../../arm-none-eabi/lib/thumb/v7e-m/fpv4-sp/hard\libc_nano.a(lib_a-strcmp.o)
 .debug_frame   0x00002a18       0x20 c:/ac6/systemworkbench/plugins/fr.ac6.mcu.externaltools.arm-none.win32_1.16.0.201807130628/tools/compiler/bin/../lib/gcc/arm-none-eabi/7.2.1/../../../../arm-none-eabi/lib/thumb/v7e-m/fpv4-sp/hard\libc_nano.a(lib_a-strcpy.o)
 .debug_frame   0x00002a38       0x2c c:/ac6/systemworkbench/plugins/fr.ac6.mcu.externaltools.arm-none.win32_1.16.0.201807130628/tools/compiler/bin/../lib/gcc/arm-none-eabi/7.2.1/../../../../arm-none-eabi/lib/thumb/v7e-m/fpv4-sp/hard\libc_nano.a(lib_a-strncat.o)
 .debug_frame   0x00002a64       0x30 c:/ac6/systemworkbench/plugins/fr.ac6.mcu.externaltools.arm-none.win32_1.16.0.201807130628/tools/compiler/bin/../lib/gcc/arm-none-eabi/7.2.1/../../../../arm-none-eabi/lib/thumb/v7e-m/fpv4-sp/hard\libc_nano.a(lib_a-mlock.o)
 .debug_frame   0x00002a94       0x90 c:/ac6/systemworkbench/plugins/fr.ac6.mcu.externaltools.arm-none.win32_1.16.0.201807130628/tools/compiler/bin/../lib/gcc/arm-none-eabi/7.2.1/../../../../arm-none-eabi/lib/thumb/v7e-m/fpv4-sp/hard\libc_nano.a(lib_a-nano-svfprintf.o)
 .debug_frame   0x00002b24       0x60 c:/ac6/systemworkbench/plugins/fr.ac6.mcu.externaltools.arm-none.win32_1.16.0.201807130628/tools/compiler/bin/../lib/gcc/arm-none-eabi/7.2.1/../../../../arm-none-eabi/lib/thumb/v7e-m/fpv4-sp/hard\libc_nano.a(lib_a-nano-vfprintf_i.o)
 .debug_frame   0x00002b84       0x5c c:/ac6/systemworkbench/plugins/fr.ac6.mcu.externaltools.arm-none.win32_1.16.0.201807130628/tools/compiler/bin/../lib/gcc/arm-none-eabi/7.2.1/../../../../arm-none-eabi/lib/thumb/v7e-m/fpv4-sp/hard\libc_nano.a(lib_a-reent.o)
 .debug_frame   0x00002be0       0x28 c:/ac6/systemworkbench/plugins/fr.ac6.mcu.externaltools.arm-none.win32_1.16.0.201807130628/tools/compiler/bin/../lib/gcc/arm-none-eabi/7.2.1/../../../../arm-none-eabi/lib/thumb/v7e-m/fpv4-sp/hard\libc_nano.a(lib_a-memcpy-stub.o)
 .debug_frame   0x00002c08       0x28 c:/ac6/systemworkbench/plugins/fr.ac6.mcu.externaltools.arm-none.win32_1.16.0.201807130628/tools/compiler/bin/../lib/gcc/arm-none-eabi/7.2.1/../../../../arm-none-eabi/lib/thumb/v7e-m/fpv4-sp/hard\libc_nano.a(lib_a-memmove.o)
 .debug_frame   0x00002c30       0x3c c:/ac6/systemworkbench/plugins/fr.ac6.mcu.externaltools.arm-none.win32_1.16.0.201807130628/tools/compiler/bin/../lib/gcc/arm-none-eabi/7.2.1/../../../../arm-none-eabi/lib/thumb/v7e-m/fpv4-sp/hard\libc_nano.a(lib_a-nano-reallocr.o)
 .debug_frame   0x00002c6c       0x20 c:/ac6/systemworkbench/plugins/fr.ac6.mcu.externaltools.arm-none.win32_1.16.0.201807130628/tools/compiler/bin/../lib/gcc/arm-none-eabi/7.2.1/../../../../arm-none-eabi/lib/thumb/v7e-m/fpv4-sp/hard\libc_nano.a(lib_a-nano-msizer.o)
 .debug_frame   0x00002c8c       0x20 c:/ac6/systemworkbench/plugins/fr.ac6.mcu.externaltools.arm-none.win32_1.16.0.201807130628/tools/compiler/bin/../lib/gcc/arm-none-eabi/7.2.1/../../../../arm-none-eabi/lib/thumb/v7e-m/fpv4-sp/hard\libnosys.a(sbrk.o)
