Archive member included to satisfy reference by file (symbol)

c:/ac6/systemworkbench/plugins/fr.ac6.mcu.externaltools.arm-none.win32_1.16.0.201807130628/tools/compiler/bin/../lib/gcc/arm-none-eabi/7.2.1/thumb/v7e-m/fpv4-sp/hard\libgcc.a(_aeabi_uldivmod.o)
                              Drivers/STM32F4xx_HAL_Driver/stm32f4xx_hal_rcc.o (__aeabi_uldivmod)
c:/ac6/systemworkbench/plugins/fr.ac6.mcu.externaltools.arm-none.win32_1.16.0.201807130628/tools/compiler/bin/../lib/gcc/arm-none-eabi/7.2.1/thumb/v7e-m/fpv4-sp/hard\libgcc.a(_udivmoddi4.o)
                              c:/ac6/systemworkbench/plugins/fr.ac6.mcu.externaltools.arm-none.win32_1.16.0.201807130628/tools/compiler/bin/../lib/gcc/arm-none-eabi/7.2.1/thumb/v7e-m/fpv4-sp/hard\libgcc.a(_aeabi_uldivmod.o) (__udivmoddi4)
c:/ac6/systemworkbench/plugins/fr.ac6.mcu.externaltools.arm-none.win32_1.16.0.201807130628/tools/compiler/bin/../lib/gcc/arm-none-eabi/7.2.1/thumb/v7e-m/fpv4-sp/hard\libgcc.a(_dvmd_tls.o)
                              c:/ac6/systemworkbench/plugins/fr.ac6.mcu.externaltools.arm-none.win32_1.16.0.201807130628/tools/compiler/bin/../lib/gcc/arm-none-eabi/7.2.1/thumb/v7e-m/fpv4-sp/hard\libgcc.a(_aeabi_uldivmod.o) (__aeabi_ldiv0)
c:/ac6/systemworkbench/plugins/fr.ac6.mcu.externaltools.arm-none.win32_1.16.0.201807130628/tools/compiler/bin/../lib/gcc/arm-none-eabi/7.2.1/../../../../arm-none-eabi/lib/thumb/v7e-m/fpv4-sp/hard\libc_nano.a(lib_a-atoi.o)
                              Application/User/Rtc/src/rtc.o (atoi)
c:/ac6/systemworkbench/plugins/fr.ac6.mcu.externaltools.arm-none.win32_1.16.0.201807130628/tools/compiler/bin/../lib/gcc/arm-none-eabi/7.2.1/../../../../arm-none-eabi/lib/thumb/v7e-m/fpv4-sp/hard\libc_nano.a(lib_a-errno.o)
                              Application/SW4STM32/syscalls.o (__errno)
c:/ac6/systemworkbench/plugins/fr.ac6.mcu.externaltools.arm-none.win32_1.16.0.201807130628/tools/compiler/bin/../lib/gcc/arm-none-eabi/7.2.1/../../../../arm-none-eabi/lib/thumb/v7e-m/fpv4-sp/hard\libc_nano.a(lib_a-exit.o)
                              c:/ac6/systemworkbench/plugins/fr.ac6.mcu.externaltools.arm-none.win32_1.16.0.201807130628/tools/compiler/bin/../lib/gcc/arm-none-eabi/7.2.1/../../../../arm-none-eabi/lib/thumb/v7e-m/fpv4-sp/hard/crt0.o (exit)
c:/ac6/systemworkbench/plugins/fr.ac6.mcu.externaltools.arm-none.win32_1.16.0.201807130628/tools/compiler/bin/../lib/gcc/arm-none-eabi/7.2.1/../../../../arm-none-eabi/lib/thumb/v7e-m/fpv4-sp/hard\libc_nano.a(lib_a-impure.o)
                              c:/ac6/systemworkbench/plugins/fr.ac6.mcu.externaltools.arm-none.win32_1.16.0.201807130628/tools/compiler/bin/../lib/gcc/arm-none-eabi/7.2.1/../../../../arm-none-eabi/lib/thumb/v7e-m/fpv4-sp/hard\libc_nano.a(lib_a-exit.o) (_global_impure_ptr)
c:/ac6/systemworkbench/plugins/fr.ac6.mcu.externaltools.arm-none.win32_1.16.0.201807130628/tools/compiler/bin/../lib/gcc/arm-none-eabi/7.2.1/../../../../arm-none-eabi/lib/thumb/v7e-m/fpv4-sp/hard\libc_nano.a(lib_a-init.o)
                              c:/ac6/systemworkbench/plugins/fr.ac6.mcu.externaltools.arm-none.win32_1.16.0.201807130628/tools/compiler/bin/../lib/gcc/arm-none-eabi/7.2.1/../../../../arm-none-eabi/lib/thumb/v7e-m/fpv4-sp/hard/crt0.o (__libc_init_array)
c:/ac6/systemworkbench/plugins/fr.ac6.mcu.externaltools.arm-none.win32_1.16.0.201807130628/tools/compiler/bin/../lib/gcc/arm-none-eabi/7.2.1/../../../../arm-none-eabi/lib/thumb/v7e-m/fpv4-sp/hard\libc_nano.a(lib_a-malloc.o)
                              Application/User/Lcd_driver/src/tm_stm32_delay.o (malloc)
c:/ac6/systemworkbench/plugins/fr.ac6.mcu.externaltools.arm-none.win32_1.16.0.201807130628/tools/compiler/bin/../lib/gcc/arm-none-eabi/7.2.1/../../../../arm-none-eabi/lib/thumb/v7e-m/fpv4-sp/hard\libc_nano.a(lib_a-memset.o)
                              c:/ac6/systemworkbench/plugins/fr.ac6.mcu.externaltools.arm-none.win32_1.16.0.201807130628/tools/compiler/bin/../lib/gcc/arm-none-eabi/7.2.1/../../../../arm-none-eabi/lib/thumb/v7e-m/fpv4-sp/hard/crt0.o (memset)
c:/ac6/systemworkbench/plugins/fr.ac6.mcu.externaltools.arm-none.win32_1.16.0.201807130628/tools/compiler/bin/../lib/gcc/arm-none-eabi/7.2.1/../../../../arm-none-eabi/lib/thumb/v7e-m/fpv4-sp/hard\libc_nano.a(lib_a-nano-freer.o)
                              c:/ac6/systemworkbench/plugins/fr.ac6.mcu.externaltools.arm-none.win32_1.16.0.201807130628/tools/compiler/bin/../lib/gcc/arm-none-eabi/7.2.1/../../../../arm-none-eabi/lib/thumb/v7e-m/fpv4-sp/hard\libc_nano.a(lib_a-malloc.o) (_free_r)
c:/ac6/systemworkbench/plugins/fr.ac6.mcu.externaltools.arm-none.win32_1.16.0.201807130628/tools/compiler/bin/../lib/gcc/arm-none-eabi/7.2.1/../../../../arm-none-eabi/lib/thumb/v7e-m/fpv4-sp/hard\libc_nano.a(lib_a-nano-mallocr.o)
                              c:/ac6/systemworkbench/plugins/fr.ac6.mcu.externaltools.arm-none.win32_1.16.0.201807130628/tools/compiler/bin/../lib/gcc/arm-none-eabi/7.2.1/../../../../arm-none-eabi/lib/thumb/v7e-m/fpv4-sp/hard\libc_nano.a(lib_a-malloc.o) (_malloc_r)
[...]
Memory Configuration

Name             Origin             Length             Attributes
RAM              0x20000000         0x00008000         xrw
FLASH            0x08000000         0x00020000         xr
*default*        0x00000000         0xffffffff

Linker script and memory map

LOAD c:/ac6/systemworkbench/plugins/fr.ac6.mcu.externaltools.arm-none.win32_1.16.0.201807130628/tools/compiler/bin/../lib/gcc/arm-none-eabi/7.2.1/thumb/v7e-m/fpv4-sp/hard/crti.o
LOAD c:/ac6/systemworkbench/plugins/fr.ac6.mcu.externaltools.arm-none.win32_1.16.0.201807130628/tools/compiler/bin/../lib/gcc/arm-none-eabi/7.2.1/thumb/v7e-m/fpv4-sp/hard/crtbegin.o
LOAD c:/ac6/systemworkbench/plugins/fr.ac6.mcu.externaltools.arm-none.win32_1.16.0.201807130628/tools/compiler/bin/../lib/gcc/arm-none-eabi/7.2.1/../../../../arm-none-eabi/lib/thumb/v7e-m/fpv4-sp/hard/crt0.o
LOAD Application/SW4STM32/startup_stm32f410rx.o
LOAD Application/SW4STM32/syscalls.o
LOAD Application/User/Circular_buffer/src/circular_buffer.o
LOAD Application/User/KeyPad_4x4/src/KeyPad_4x4.o
LOAD Application/User/Lcd_driver/src/tm_stm32_delay.o
LOAD Application/User/Lcd_driver/src/tm_stm32_gpio.o
LOAD Application/User/Lcd_driver/src/tm_stm32_hd44780.o
LOAD Application/User/Rtc/src/rtc.o
LOAD Application/User/Timeout/src/timeout.o
LOAD Application/User/UART/src/uart.o
LOAD Application/User/main.o
LOAD Application/User/stm32f4xx_hal_msp.o
LOAD Application/User/stm32f4xx_it.o
LOAD Drivers/CMSIS/system_stm32f4xx.o
LOAD Drivers/STM32F4xx_HAL_Driver/stm32f4xx_hal.o
LOAD Drivers/STM32F4xx_HAL_Driver/stm32f4xx_hal_cortex.o
LOAD Drivers/STM32F4xx_HAL_Driver/stm32f4xx_hal_dma.o
LOAD Drivers/STM32F4xx_HAL_Driver/stm32f4xx_hal_dma_ex.o
LOAD Drivers/STM32F4xx_HAL_Driver/stm32f4xx_hal_flash.o
LOAD Drivers/STM32F4xx_HAL_Driver/stm32f4xx_hal_flash_ex.o
LOAD Drivers/STM32F4xx_HAL_Driver/stm32f4xx_hal_flash_ramfunc.o
LOAD Drivers/STM32F4xx_HAL_Driver/stm32f4xx_hal_gpio.o
LOAD Drivers/STM32F4xx_HAL_Driver/stm32f4xx_hal_pwr.o
LOAD Drivers/STM32F4xx_HAL_Driver/stm32f4xx_hal_pwr_ex.o
LOAD Drivers/STM32F4xx_HAL_Driver/stm32f4xx_hal_rcc.o
LOAD Drivers/STM32F4xx_HAL_Driver/stm32f4xx_hal_rcc_ex.o
LOAD Drivers/STM32F4xx_HAL_Driver/stm32f4xx_hal_rtc.o
LOAD Drivers/STM32F4xx_HAL_Driver/stm32f4xx_hal_rtc_ex.o
LOAD Drivers/STM32F4xx_HAL_Driver/stm32f4xx_hal_tim.o
LOAD Drivers/STM32F4xx_HAL_Driver/stm32f4xx_hal_tim_ex.o
LOAD Drivers/STM32F4xx_HAL_Driver/stm32f4xx_hal_uart.o
LOAD c:/ac6/systemworkbench/plugins/fr.ac6.mcu.externaltools.arm-none.win32_1.16.0.201807130628/tools/compiler/bin/../lib/gcc/arm-none-eabi/7.2.1/../../../../arm-none-eabi/lib/thumb/v7e-m/fpv4-sp/hard\libm.a
START GROUP
LOAD c:/ac6/systemworkbench/plugins/fr.ac6.mcu.externaltools.arm-none.win32_1.16.0.201807130628/tools/compiler/bin/../lib/gcc/arm-none-eabi/7.2.1/thumb/v7e-m/fpv4-sp/hard\libgcc.a
LOAD c:/ac6/systemworkbench/plugins/fr.ac6.mcu.externaltools.arm-none.win32_1.16.0.201807130628/tools/compiler/bin/../lib/gcc/arm-none-eabi/7.2.1/../../../../arm-none-eabi/lib/thumb/v7e-m/fpv4-sp/hard\libc_nano.a
END GROUP
START GROUP
LOAD c:/ac6/systemworkbench/plugins/fr.ac6.mcu.externaltools.arm-none.win32_1.16.0.201807130628/tools/compiler/bin/../lib/gcc/arm-none-eabi/7.2.1/thumb/v7e-m/fpv4-sp/hard\libgcc.a
LOAD c:/ac6/systemworkbench/plugins/fr.ac6.mcu.externaltools.arm-none.win32_1.16.0.201807130628/tools/compiler/bin/../lib/gcc/arm-none-eabi/7.2.1/../../../../arm-none-eabi/lib/thumb/v7e-m/fpv4-sp/hard\libc_nano.a
LOAD c:/ac6/systemworkbench/plugins/fr.ac6.mcu.externaltools.arm-none.win32_1.16.0.201807130628/tools/compiler/bin/../lib/gcc/arm-none-eabi/7.2.1/../../../../arm-none-eabi/lib/thumb/v7e-m/fpv4-sp/hard\libnosys.a
END GROUP
START GROUP
LOAD c:/ac6/systemworkbench/plugins/fr.ac6.mcu.externaltools.arm-none.win32_1.16.0.201807130628/tools/compiler/bin/../lib/gcc/arm-none-eabi/7.2.1/thumb/v7e-m/fpv4-sp/hard\libgcc.a
LOAD c:/ac6/systemworkbench/plugins/fr.ac6.mcu.externaltools.arm-none.win32_1.16.0.201807130628/tools/compiler/bin/../lib/gcc/arm-none-eabi/7.2.1/../../../../arm-none-eabi/lib/thumb/v7e-m/fpv4-sp/hard\libc_nano.a
LOAD c:/ac6/systemworkbench/plugins/fr.ac6.mcu.externaltools.arm-none.win32_1.16.0.201807130628/tools/compiler/bin/../lib/gcc/arm-none-eabi/7.2.1/../../../../arm-none-eabi/lib/thumb/v7e-m/fpv4-sp/hard\libnosys.a
END GROUP
LOAD c:/ac6/systemworkbench/plugins/fr.ac6.mcu.externaltools.arm-none.win32_1.16.0.201807130628/tools/compiler/bin/../lib/gcc/arm-none-eabi/7.2.1/thumb/v7e-m/fpv4-sp/hard/crtend.o
LOAD c:/ac6/systemworkbench/plugins/fr.ac6.mcu.externaltools.arm-none.win32_1.16.0.201807130628/tools/compiler/bin/../lib/gcc/arm-none-eabi/7.2.1/thumb/v7e-m/fpv4-sp/hard/crtn.o
                0x20008000                _estack = 0x20008000
                0x00000200                _Min_Heap_Size = 0x200
                0x00000400                _Min_Stack_Size = 0x400

.isr_vector     0x08000000      0x1c8
                0x08000000                . = ALIGN (0x4)
 *(.isr_vector)
 .isr_vector    0x08000000      0x1c8 Application/SW4STM32/startup_stm32f410rx.o
                0x08000000                g_pfnVectors
                0x080001c8                . = ALIGN (0x4)

.text           0x080001d0     0x409c
                0x080001d0                . = ALIGN (0x4)
 *(.text)
 .text          0x080001d0       0x40 c:/ac6/systemworkbench/plugins/fr.ac6.mcu.externaltools.arm-none.win32_1.16.0.201807130628/tools/compiler/bin/../lib/gcc/arm-none-eabi/7.2.1/thumb/v7e-m/fpv4-sp/hard/crtbegin.o
 .text          0x08000210       0x30 c:/ac6/systemworkbench/plugins/fr.ac6.mcu.externaltools.arm-none.win32_1.16.0.201807130628/tools/compiler/bin/../lib/gcc/arm-none-eabi/7.2.1/thumb/v7e-m/fpv4-sp/hard\libgcc.a(_aeabi_uldivmod.o)
                0x08000210                __aeabi_uldivmod
 .text          0x08000240      0x2cc c:/ac6/systemworkbench/plugins/fr.ac6.mcu.externaltools.arm-none.win32_1.16.0.201807130628/tools/compiler/bin/../lib/gcc/arm-none-eabi/7.2.1/thumb/v7e-m/fpv4-sp/hard\libgcc.a(_udivmoddi4.o)
                0x08000240                __udivmoddi4
 .text          0x0800050c        0x4 c:/ac6/systemworkbench/plugins/fr.ac6.mcu.externaltools.arm-none.win32_1.16.0.201807130628/tools/compiler/bin/../lib/gcc/arm-none-eabi/7.2.1/thumb/v7e-m/fpv4-sp/hard\libgcc.a(_dvmd_tls.o)
                0x0800050c                __aeabi_idiv0
                0x0800050c                __aeabi_ldiv0
 .text          0x08000510       0x14 c:/ac6/systemworkbench/plugins/fr.ac6.mcu.externaltools.arm-none.win32_1.16.0.201807130628/tools/compiler/bin/../lib/gcc/arm-none-eabi/7.2.1/../../../../arm-none-eabi/lib/thumb/v7e-m/fpv4-sp/hard\libc_nano.a(lib_a-strcmp.o)
                0x08000510                strcmp
 .text          0x08000524       0x10 c:/ac6/systemworkbench/plugins/fr.ac6.mcu.externaltools.arm-none.win32_1.16.0.201807130628/tools/compiler/bin/../lib/gcc/arm-none-eabi/7.2.1/../../../../arm-none-eabi/lib/thumb/v7e-m/fpv4-sp/hard\libc_nano.a(lib_a-strlen.o)
                0x08000524                strlen
 *fill*         0x08000534        0xc 
 .text          0x08000540       0xa0 c:/ac6/systemworkbench/plugins/fr.ac6.mcu.externaltools.arm-none.win32_1.16.0.201807130628/tools/compiler/bin/../lib/gcc/arm-none-eabi/7.2.1/../../../../arm-none-eabi/lib/thumb/v7e-m/fpv4-sp/hard\libc_nano.a(lib_a-memchr.o)
                0x08000540                memchr
 *(.text*)
 .text.Reset_Handler
                0x080005e0       0x50 Application/SW4STM32/startup_stm32f410rx.o
                0x080005e0                Reset_Handler
 .text.Default_Handler
                0x08000630        0x2 Application/SW4STM32/startup_stm32f410rx.o
                0x08000630                RTC_Alarm_IRQHandler
                0x08000630                EXTI2_IRQHandler
                0x08000630                DebugMon_Handler
                0x08000630                FMPI2C1_EV_IRQHandler
                0x08000630                TIM1_CC_IRQHandler
                0x08000630                DMA2_Stream5_IRQHandler
                0x08000630                HardFault_Handler
                0x08000630                DMA1_Stream5_IRQHandler
                0x08000630                PVD_IRQHandler
                0x08000630                TAMP_STAMP_IRQHandler
                0x08000630                NMI_Handler
                0x08000630                EXTI3_IRQHandler
                0x08000630                EXTI0_IRQHandler
                0x08000630                I2C2_EV_IRQHandler
                0x08000630                DMA1_Stream2_IRQHandler
                0x08000630                FPU_IRQHandler
                0x08000630                UsageFault_Handler
                0x08000630                DMA2_Stream2_IRQHandler
                0x08000630                SPI1_IRQHandler
                0x08000630                DMA2_Stream3_IRQHandler
                0x08000630                USART6_IRQHandler
                0x08000630                DMA2_Stream0_IRQHandler
                0x08000630                I2C1_EV_IRQHandler
                0x08000630                DMA1_Stream6_IRQHandler
                0x08000630                DMA1_Stream1_IRQHandler
                0x08000630                RCC_IRQHandler
                0x08000630                Default_Handler
                0x08000630                EXTI15_10_IRQHandler
                0x08000630                ADC_IRQHandler
                0x08000630                DMA1_Stream7_IRQHandler
                0x08000630                SPI5_IRQHandler
                0x08000630                TIM5_IRQHandler
                0x08000630                DMA2_Stream7_IRQHandler
                0x08000630                EXTI9_5_IRQHandler
                0x08000630                RTC_WKUP_IRQHandler
                0x08000630                SPI2_IRQHandler
                0x08000630                MemManage_Handler
                0x08000630                DMA1_Stream0_IRQHandler
                0x08000630                FMPI2C1_ER_IRQHandler
                0x08000630                EXTI4_IRQHandler
                0x08000630                RNG_IRQHandler
                0x08000630                TIM1_UP_IRQHandler
                0x08000630                WWDG_IRQHandler
                0x08000630                EXTI1_IRQHandler
                0x08000630                USART2_IRQHandler
                0x08000630                I2C2_ER_IRQHandler
                0x08000630                DMA2_Stream1_IRQHandler
                0x08000630                FLASH_IRQHandler
                0x08000630                DMA2_Stream4_IRQHandler
                0x08000630                BusFault_Handler
                0x08000630                DMA1_Stream4_IRQHandler
                0x08000630                I2C1_ER_IRQHandler
                0x08000630                LPTIM1_IRQHandler
                0x08000630                DMA2_Stream6_IRQHandler
                0x08000630                DMA1_Stream3_IRQHandler
 *fill*         0x08000632        0x2 
 .text._sbrk    0x08000634       0x3c Application/SW4STM32/syscalls.o
                0x08000634                _sbrk
 .text.circ_buffer_put_char
                0x08000670       0x6e Application/User/Circular_buffer/src/circular_buffer.o
                0x08000670                circ_buffer_put_char
 .text.circ_buffer_put_string
                0x080006de       0x64 Application/User/Circular_buffer/src/circular_buffer.o
                0x080006de                circ_buffer_put_string
 .text.circ_buffer_get_char
                0x08000742       0x28 Application/User/Circular_buffer/src/circular_buffer.o
                0x08000742                circ_buffer_get_char
 .text.circ_buffer_get_string
                0x0800076a       0x3e Application/User/Circular_buffer/src/circular_buffer.o
                0x0800076a                circ_buffer_get_string
 .text.circ_buffer_clear
                0x080007a8        0x8 Application/User/Circular_buffer/src/circular_buffer.o
                0x080007a8                circ_buffer_clear
 .text.buffer_update
                0x080007b0        0x6 Application/User/Circular_buffer/src/circular_buffer.o
                0x080007b0                buffer_update
 .text.buffer_clear
                0x080007b6       0x12 Application/User/Circular_buffer/src/circular_buffer.o
                0x080007b6                buffer_clear
 .text.buffer_check
                0x080007c8       0x24 Application/User/Circular_buffer/src/circular_buffer.o
                0x080007c8                buffer_check
 .text.KeyPad_4x4_Init
                0x080007ec       0x44 Application/User/KeyPad_4x4/src/KeyPad_4x4.o
                0x080007ec                KeyPad_4x4_Init
 .text.Keypad4x4_ChangeColomn
                0x08000830       0xbc Application/User/KeyPad_4x4/src/KeyPad_4x4.o
                0x08000830                Keypad4x4_ChangeColomn
 .text.Keypad4x4_ReadKeypad
                0x080008ec      0x126 Application/User/KeyPad_4x4/src/KeyPad_4x4.o
                0x080008ec                Keypad4x4_ReadKeypad
 *fill*         0x08000a12        0x2 
 .text.Keypad4x4_GetChar
                0x08000a14        0xc Application/User/KeyPad_4x4/src/KeyPad_4x4.o
                0x08000a14                Keypad4x4_GetChar
 .text.keypad_serv
                0x08000a20      0x198 Application/User/KeyPad_4x4/src/KeyPad_4x4.o
                0x08000a20                keypad_serv
 .text.keyCheck
                0x08000bb8       0xc8 Application/User/KeyPad_4x4/src/KeyPad_4x4.o
                0x08000bb8                keyCheck
 .text.TM_DELAY_Init
                0x08000c80       0x3c Application/User/Lcd_driver/src/tm_stm32_delay.o
                0x08000c80                TM_DELAY_Init
 .text.TM_DELAY_1msHandler
                0x08000cbc        0x2 Application/User/Lcd_driver/src/tm_stm32_delay.o
                0x08000cbc                TM_DELAY_1msHandler
 *fill*         0x08000cbe        0x2 
 .text.HAL_IncTick
                0x08000cc0       0x80 Application/User/Lcd_driver/src/tm_stm32_delay.o
                0x08000cc0                HAL_IncTick
 .text.HAL_GetTick
                0x08000d40        0xc Application/User/Lcd_driver/src/tm_stm32_delay.o
                0x08000d40                HAL_GetTick
 .text.TM_GPIO_GetPortSource
                0x08000d4c        0xe Application/User/Lcd_driver/src/tm_stm32_gpio.o
                0x08000d4c                TM_GPIO_GetPortSource
 *fill*         0x08000d5a        0x2 
 .text.TM_GPIO_INT_EnableClock
                0x08000d5c       0x1c Application/User/Lcd_driver/src/tm_stm32_gpio.o
                0x08000d5c                TM_GPIO_INT_EnableClock
 .text.TM_GPIO_INT_Init
                0x08000d78       0xa8 Application/User/Lcd_driver/src/tm_stm32_gpio.o
                0x08000d78                TM_GPIO_INT_Init
 .text.TM_GPIO_Init
                0x08000e20       0x30 Application/User/Lcd_driver/src/tm_stm32_gpio.o
                0x08000e20                TM_GPIO_Init
 .text.TM_HD44780_InitPins
                0x08000e50       0x98 Application/User/Lcd_driver/src/tm_stm32_hd44780.o
 .text.TM_HD44780_Cmd4bit
                0x08000ee8       0xc0 Application/User/Lcd_driver/src/tm_stm32_hd44780.o
 .text.TM_HD44780_Cmd
                0x08000fa8       0x20 Application/User/Lcd_driver/src/tm_stm32_hd44780.o
 .text.TM_HD44780_CursorSet
                0x08000fc8       0x40 Application/User/Lcd_driver/src/tm_stm32_hd44780.o
 .text.TM_HD44780_Data
                0x08001008       0x20 Application/User/Lcd_driver/src/tm_stm32_hd44780.o
 .text.TM_HD44780_Clear
                0x08001028       0x34 Application/User/Lcd_driver/src/tm_stm32_hd44780.o
                0x08001028                TM_HD44780_Clear
 .text.TM_HD44780_Puts
                0x0800105c       0x68 Application/User/Lcd_driver/src/tm_stm32_hd44780.o
                0x0800105c                TM_HD44780_Puts
 .text.TM_HD44780_DisplayOn
                0x080010c4       0x1c Application/User/Lcd_driver/src/tm_stm32_hd44780.o
                0x080010c4                TM_HD44780_DisplayOn
 .text.TM_HD44780_Init
                0x080010e0      0x138 Application/User/Lcd_driver/src/tm_stm32_hd44780.o
                0x080010e0                TM_HD44780_Init
 .text.save_time
                0x08001218      0x154 Application/User/Rtc/src/rtc.o
                0x08001218                save_time
 .text.set_time
                0x0800136c       0x68 Application/User/Rtc/src/rtc.o
                0x0800136c                set_time
 .text.set_date
                0x080013d4       0x68 Application/User/Rtc/src/rtc.o
                0x080013d4                set_date
 .text.timeout_start
                0x0800143c       0x10 Application/User/Timeout/src/timeout.o
                0x0800143c                timeout_start
 .text.timeout_stop
                0x0800144c        0xe Application/User/Timeout/src/timeout.o
                0x0800144c                timeout_stop
 .text.timeout_reset
                0x0800145a        0xe Application/User/Timeout/src/timeout.o
                0x0800145a                timeout_reset
 .text.timeout_keypad
                0x08001468       0x40 Application/User/Timeout/src/timeout.o
                0x08001468                timeout_keypad
 .text.timeout_uart
                0x080014a8       0x28 Application/User/Timeout/src/timeout.o
                0x080014a8                timeout_uart
 .text.uart_send_string
                0x080014d0       0x18 Application/User/UART/src/uart.o
                0x080014d0                uart_send_string
 .text.uart_get_char
                0x080014e8       0xc0 Application/User/UART/src/uart.o
                0x080014e8                uart_get_char
 .text.uart_serv
                0x080015a8      0x1b8 Application/User/UART/src/uart.o
                0x080015a8                uart_serv
 .text.MX_GPIO_Init
                0x08001760       0xf8 Application/User/main.o
 .text.HAL_TIM_PeriodElapsedCallback
                0x08001858       0xc0 Application/User/main.o
                0x08001858                HAL_TIM_PeriodElapsedCallback
 .text.HAL_UART_RxCpltCallback
                0x08001918       0x28 Application/User/main.o
                0x08001918                HAL_UART_RxCpltCallback
 .text.Proj_Init
                0x08001940       0x90 Application/User/main.o
                0x08001940                Proj_Init
 .text.lock_close
                0x080019d0       0x1c Application/User/main.o
                0x080019d0                lock_close
 .text.lock_open
                0x080019ec       0x24 Application/User/main.o
                0x080019ec                lock_open
 .text.Error_Handler
                0x08001a10        0x2 Application/User/main.o
                0x08001a10                Error_Handler
 *fill*         0x08001a12        0x2 
 .text.MX_TIM6_Init
                0x08001a14       0x48 Application/User/main.o
 .text.MX_USART1_UART_Init
                0x08001a5c       0x34 Application/User/main.o
 .text.MX_TIM11_Init
                0x08001a90       0x30 Application/User/main.o
 .text.MX_RTC_Init
                0x08001ac0       0x84 Application/User/main.o
 .text.MX_TIM9_Init
                0x08001b44       0x50 Application/User/main.o
 .text.SystemClock_Config
                0x08001b94       0xc8 Application/User/main.o
                0x08001b94                SystemClock_Config
 .text.main     0x08001c5c       0x80 Application/User/main.o
                0x08001c5c                main
 .text.HAL_MspInit
                0x08001cdc       0x40 Application/User/stm32f4xx_hal_msp.o
                0x08001cdc                HAL_MspInit
 .text.HAL_RTC_MspInit
                0x08001d1c       0x1c Application/User/stm32f4xx_hal_msp.o
                0x08001d1c                HAL_RTC_MspInit
 .text.HAL_TIM_Base_MspInit
                0x08001d38       0xa8 Application/User/stm32f4xx_hal_msp.o
                0x08001d38                HAL_TIM_Base_MspInit
 .text.HAL_UART_MspInit
                0x08001de0       0xbc Application/User/stm32f4xx_hal_msp.o
                0x08001de0                HAL_UART_MspInit
 .text.SVC_Handler
                0x08001e9c        0x2 Application/User/stm32f4xx_it.o
                0x08001e9c                SVC_Handler
 .text.PendSV_Handler
                0x08001e9e        0x2 Application/User/stm32f4xx_it.o
                0x08001e9e                PendSV_Handler
 .text.SysTick_Handler
                0x08001ea0        0x8 Application/User/stm32f4xx_it.o
                0x08001ea0                SysTick_Handler
 .text.TIM1_BRK_TIM9_IRQHandler
                0x08001ea8       0x10 Application/User/stm32f4xx_it.o
                0x08001ea8                TIM1_BRK_TIM9_IRQHandler
 .text.TIM1_TRG_COM_TIM11_IRQHandler
                0x08001eb8       0x10 Application/User/stm32f4xx_it.o
                0x08001eb8                TIM1_TRG_COM_TIM11_IRQHandler
 .text.USART1_IRQHandler
                0x08001ec8       0x10 Application/User/stm32f4xx_it.o
                0x08001ec8                USART1_IRQHandler
 .text.TIM6_DAC_IRQHandler
                0x08001ed8       0x10 Application/User/stm32f4xx_it.o
                0x08001ed8                TIM6_DAC_IRQHandler
 .text.SystemInit
                0x08001ee8       0x4c Drivers/CMSIS/system_stm32f4xx.o
                0x08001ee8                SystemInit
 .text.HAL_InitTick
                0x08001f34       0x48 Drivers/STM32F4xx_HAL_Driver/stm32f4xx_hal.o
                0x08001f34                HAL_InitTick
 .text.HAL_Init
                0x08001f7c       0x34 Drivers/STM32F4xx_HAL_Driver/stm32f4xx_hal.o
                0x08001f7c                HAL_Init
 .text.HAL_NVIC_SetPriorityGrouping
                0x08001fb0       0x24 Drivers/STM32F4xx_HAL_Driver/stm32f4xx_hal_cortex.o
                0x08001fb0                HAL_NVIC_SetPriorityGrouping
 .text.HAL_NVIC_SetPriority
                0x08001fd4       0x68 Drivers/STM32F4xx_HAL_Driver/stm32f4xx_hal_cortex.o
                0x08001fd4                HAL_NVIC_SetPriority
 .text.HAL_NVIC_EnableIRQ
                0x0800203c       0x18 Drivers/STM32F4xx_HAL_Driver/stm32f4xx_hal_cortex.o
                0x0800203c                HAL_NVIC_EnableIRQ
 .text.HAL_SYSTICK_Config
                0x08002054       0x2c Drivers/STM32F4xx_HAL_Driver/stm32f4xx_hal_cortex.o
                0x08002054                HAL_SYSTICK_Config
 .text.HAL_DMA_Abort_IT
                0x08002080       0x26 Drivers/STM32F4xx_HAL_Driver/stm32f4xx_hal_dma.o
                0x08002080                HAL_DMA_Abort_IT
 *fill*         0x080020a6        0x2 
 .text.HAL_GPIO_Init
                0x080020a8      0x190 Drivers/STM32F4xx_HAL_Driver/stm32f4xx_hal_gpio.o
                0x080020a8                HAL_GPIO_Init
 .text.HAL_GPIO_ReadPin
                0x08002238        0xe Drivers/STM32F4xx_HAL_Driver/stm32f4xx_hal_gpio.o
                0x08002238                HAL_GPIO_ReadPin
 .text.HAL_GPIO_WritePin
                0x08002246        0xc Drivers/STM32F4xx_HAL_Driver/stm32f4xx_hal_gpio.o
                0x08002246                HAL_GPIO_WritePin
 *fill*         0x08002252        0x2 
 .text.HAL_RCC_GetSysClockFreq
                0x08002254       0xd8 Drivers/STM32F4xx_HAL_Driver/stm32f4xx_hal_rcc.o
                0x08002254                HAL_RCC_GetSysClockFreq
 .text.HAL_RCC_ClockConfig
                0x0800232c      0x158 Drivers/STM32F4xx_HAL_Driver/stm32f4xx_hal_rcc.o
                0x0800232c                HAL_RCC_ClockConfig
 .text.HAL_RCC_GetHCLKFreq
                0x08002484        0xc Drivers/STM32F4xx_HAL_Driver/stm32f4xx_hal_rcc.o
                0x08002484                HAL_RCC_GetHCLKFreq
 .text.HAL_RCC_GetPCLK1Freq
                0x08002490       0x20 Drivers/STM32F4xx_HAL_Driver/stm32f4xx_hal_rcc.o
                0x08002490                HAL_RCC_GetPCLK1Freq
 .text.HAL_RCC_GetPCLK2Freq
                0x080024b0       0x20 Drivers/STM32F4xx_HAL_Driver/stm32f4xx_hal_rcc.o
                0x080024b0                HAL_RCC_GetPCLK2Freq
 .text.HAL_RCCEx_PeriphCLKConfig
                0x080024d0      0x154 Drivers/STM32F4xx_HAL_Driver/stm32f4xx_hal_rcc_ex.o
                0x080024d0                HAL_RCCEx_PeriphCLKConfig
 .text.HAL_RCC_OscConfig
                0x08002624      0x390 Drivers/STM32F4xx_HAL_Driver/stm32f4xx_hal_rcc_ex.o
                0x08002624                HAL_RCC_OscConfig
 .text.HAL_RTC_WaitForSynchro
                0x080029b4       0x32 Drivers/STM32F4xx_HAL_Driver/stm32f4xx_hal_rtc.o
                0x080029b4                HAL_RTC_WaitForSynchro
 .text.RTC_EnterInitMode
                0x080029e6       0x3c Drivers/STM32F4xx_HAL_Driver/stm32f4xx_hal_rtc.o
                0x080029e6                RTC_EnterInitMode
 .text.HAL_RTC_Init
                0x08002a22       0xc4 Drivers/STM32F4xx_HAL_Driver/stm32f4xx_hal_rtc.o
                0x08002a22                HAL_RTC_Init
 .text.RTC_ByteToBcd2
                0x08002ae6       0x16 Drivers/STM32F4xx_HAL_Driver/stm32f4xx_hal_rtc.o
                0x08002ae6                RTC_ByteToBcd2
 .text.HAL_RTC_SetDate
                0x08002afc       0xda Drivers/STM32F4xx_HAL_Driver/stm32f4xx_hal_rtc.o
                0x08002afc                HAL_RTC_SetDate
 .text.HAL_RTC_SetTime
                0x08002bd6       0xfe Drivers/STM32F4xx_HAL_Driver/stm32f4xx_hal_rtc.o
                0x08002bd6                HAL_RTC_SetTime
 .text.RTC_Bcd2ToByte
                0x08002cd4       0x12 Drivers/STM32F4xx_HAL_Driver/stm32f4xx_hal_rtc.o
                0x08002cd4                RTC_Bcd2ToByte
 .text.HAL_RTC_GetTime
                0x08002ce6       0x56 Drivers/STM32F4xx_HAL_Driver/stm32f4xx_hal_rtc.o
                0x08002ce6                HAL_RTC_GetTime
 .text.HAL_RTC_GetDate
                0x08002d3c       0x42 Drivers/STM32F4xx_HAL_Driver/stm32f4xx_hal_rtc.o
                0x08002d3c                HAL_RTC_GetDate
 .text.TIM_TI1_ConfigInputStage
                0x08002d7e       0x26 Drivers/STM32F4xx_HAL_Driver/stm32f4xx_hal_tim.o
 .text.TIM_TI2_ConfigInputStage
                0x08002da4       0x28 Drivers/STM32F4xx_HAL_Driver/stm32f4xx_hal_tim.o
 .text.TIM_ITRx_SetConfig
                0x08002dcc       0x10 Drivers/STM32F4xx_HAL_Driver/stm32f4xx_hal_tim.o
 .text.TIM_ETR_SetConfig
                0x08002ddc       0x18 Drivers/STM32F4xx_HAL_Driver/stm32f4xx_hal_tim.o
 .text.HAL_TIM_Base_Start_IT
                0x08002df4       0x18 Drivers/STM32F4xx_HAL_Driver/stm32f4xx_hal_tim.o
                0x08002df4                HAL_TIM_Base_Start_IT
 .text.HAL_TIM_Base_Stop_IT
                0x08002e0c       0x2c Drivers/STM32F4xx_HAL_Driver/stm32f4xx_hal_tim.o
                0x08002e0c                HAL_TIM_Base_Stop_IT
 .text.HAL_TIM_ConfigClockSource
                0x08002e38      0x108 Drivers/STM32F4xx_HAL_Driver/stm32f4xx_hal_tim.o
                0x08002e38                HAL_TIM_ConfigClockSource
 .text.HAL_TIM_OC_DelayElapsedCallback
                0x08002f40        0x2 Drivers/STM32F4xx_HAL_Driver/stm32f4xx_hal_tim.o
                0x08002f40                HAL_TIM_OC_DelayElapsedCallback
 .text.HAL_TIM_IC_CaptureCallback
                0x08002f42        0x2 Drivers/STM32F4xx_HAL_Driver/stm32f4xx_hal_tim.o
                0x08002f42                HAL_TIM_IC_CaptureCallback
 .text.HAL_TIM_PWM_PulseFinishedCallback
                0x08002f44        0x2 Drivers/STM32F4xx_HAL_Driver/stm32f4xx_hal_tim.o
                0x08002f44                HAL_TIM_PWM_PulseFinishedCallback
 .text.HAL_TIM_TriggerCallback
                0x08002f46        0x2 Drivers/STM32F4xx_HAL_Driver/stm32f4xx_hal_tim.o
                0x08002f46                HAL_TIM_TriggerCallback
 .text.HAL_TIM_IRQHandler
                0x08002f48      0x17a Drivers/STM32F4xx_HAL_Driver/stm32f4xx_hal_tim.o
                0x08002f48                HAL_TIM_IRQHandler
 *fill*         0x080030c2        0x2 
 .text.TIM_Base_SetConfig
                0x080030c4       0x60 Drivers/STM32F4xx_HAL_Driver/stm32f4xx_hal_tim.o
                0x080030c4                TIM_Base_SetConfig
 .text.HAL_TIM_Base_Init
                0x08003124       0x32 Drivers/STM32F4xx_HAL_Driver/stm32f4xx_hal_tim.o
                0x08003124                HAL_TIM_Base_Init
 .text.HAL_TIMEx_MasterConfigSynchronization
                0x08003156       0x52 Drivers/STM32F4xx_HAL_Driver/stm32f4xx_hal_tim_ex.o
                0x08003156                HAL_TIMEx_MasterConfigSynchronization
 .text.HAL_TIMEx_CommutationCallback
                0x080031a8        0x2 Drivers/STM32F4xx_HAL_Driver/stm32f4xx_hal_tim_ex.o
                0x080031a8                HAL_TIMEx_CommutationCallback
 .text.HAL_TIMEx_BreakCallback
                0x080031aa        0x2 Drivers/STM32F4xx_HAL_Driver/stm32f4xx_hal_tim_ex.o
                0x080031aa                HAL_TIMEx_BreakCallback
 .text.UART_EndRxTransfer
                0x080031ac       0x1c Drivers/STM32F4xx_HAL_Driver/stm32f4xx_hal_uart.o
 .text.UART_Transmit_IT
                0x080031c8       0x68 Drivers/STM32F4xx_HAL_Driver/stm32f4xx_hal_uart.o
 .text.UART_SetConfig
                0x08003230      0x334 Drivers/STM32F4xx_HAL_Driver/stm32f4xx_hal_uart.o
 .text.HAL_UART_Init
                0x08003564       0x5e Drivers/STM32F4xx_HAL_Driver/stm32f4xx_hal_uart.o
                0x08003564                HAL_UART_Init
 .text.HAL_UART_Transmit_IT
                0x080035c2       0x48 Drivers/STM32F4xx_HAL_Driver/stm32f4xx_hal_uart.o
                0x080035c2                HAL_UART_Transmit_IT
 .text.HAL_UART_Receive_IT
                0x0800360a       0x52 Drivers/STM32F4xx_HAL_Driver/stm32f4xx_hal_uart.o
                0x0800360a                HAL_UART_Receive_IT
 .text.HAL_UART_TxCpltCallback
                0x0800365c        0x2 Drivers/STM32F4xx_HAL_Driver/stm32f4xx_hal_uart.o
                0x0800365c                HAL_UART_TxCpltCallback
 .text.UART_EndTransmit_IT
                0x0800365e       0x1a Drivers/STM32F4xx_HAL_Driver/stm32f4xx_hal_uart.o
 .text.UART_Receive_IT
                0x08003678       0x92 Drivers/STM32F4xx_HAL_Driver/stm32f4xx_hal_uart.o
 .text.HAL_UART_ErrorCallback
                0x0800370a        0x2 Drivers/STM32F4xx_HAL_Driver/stm32f4xx_hal_uart.o
                0x0800370a                HAL_UART_ErrorCallback
 .text.HAL_UART_IRQHandler
                0x0800370c      0x120 Drivers/STM32F4xx_HAL_Driver/stm32f4xx_hal_uart.o
                0x0800370c                HAL_UART_IRQHandler
 .text.UART_DMAAbortOnError
                0x0800382c       0x10 Drivers/STM32F4xx_HAL_Driver/stm32f4xx_hal_uart.o
 .text.atoi     0x0800383c        0x8 c:/ac6/systemworkbench/plugins/fr.ac6.mcu.externaltools.arm-none.win32_1.16.0.201807130628/tools/compiler/bin/../lib/gcc/arm-none-eabi/7.2.1/../../../../arm-none-eabi/lib/thumb/v7e-m/fpv4-sp/hard\libc_nano.a(lib_a-atoi.o)
                0x0800383c                atoi
 .text.__errno  0x08003844        0xc c:/ac6/systemworkbench/plugins/fr.ac6.mcu.externaltools.arm-none.win32_1.16.0.201807130628/tools/compiler/bin/../lib/gcc/arm-none-eabi/7.2.1/../../../../arm-none-eabi/lib/thumb/v7e-m/fpv4-sp/hard\libc_nano.a(lib_a-errno.o)
                0x08003844                __errno
 .text.__libc_init_array
                0x08003850       0x48 c:/ac6/systemworkbench/plugins/fr.ac6.mcu.externaltools.arm-none.win32_1.16.0.201807130628/tools/compiler/bin/../lib/gcc/arm-none-eabi/7.2.1/../../../../arm-none-eabi/lib/thumb/v7e-m/fpv4-sp/hard\libc_nano.a(lib_a-init.o)
                0x08003850                __libc_init_array
 .text.memset   0x08003898       0x10 c:/ac6/systemworkbench/plugins/fr.ac6.mcu.externaltools.arm-none.win32_1.16.0.201807130628/tools/compiler/bin/../lib/gcc/arm-none-eabi/7.2.1/../../../../arm-none-eabi/lib/thumb/v7e-m/fpv4-sp/hard\libc_nano.a(lib_a-memset.o)
                0x08003898                memset
 .text._free_r  0x080038a8       0x9c c:/ac6/systemworkbench/plugins/fr.ac6.mcu.externaltools.arm-none.win32_1.16.0.201807130628/tools/compiler/bin/../lib/gcc/arm-none-eabi/7.2.1/../../../../arm-none-eabi/lib/thumb/v7e-m/fpv4-sp/hard\libc_nano.a(lib_a-nano-freer.o)
                0x080038a8                _free_r
 .text._malloc_r
                0x08003944       0xb4 c:/ac6/systemworkbench/plugins/fr.ac6.mcu.externaltools.arm-none.win32_1.16.0.201807130628/tools/compiler/bin/../lib/gcc/arm-none-eabi/7.2.1/../../../../arm-none-eabi/lib/thumb/v7e-m/fpv4-sp/hard\libc_nano.a(lib_a-nano-mallocr.o)
                0x08003944                _malloc_r
 .text._sbrk_r  0x080039f8       0x20 c:/ac6/systemworkbench/plugins/fr.ac6.mcu.externaltools.arm-none.win32_1.16.0.201807130628/tools/compiler/bin/../lib/gcc/arm-none-eabi/7.2.1/../../../../arm-none-eabi/lib/thumb/v7e-m/fpv4-sp/hard\libc_nano.a(lib_a-sbrkr.o)
                0x080039f8                _sbrk_r
 .text.sprintf  0x08003a18       0x40 c:/ac6/systemworkbench/plugins/fr.ac6.mcu.externaltools.arm-none.win32_1.16.0.201807130628/tools/compiler/bin/../lib/gcc/arm-none-eabi/7.2.1/../../../../arm-none-eabi/lib/thumb/v7e-m/fpv4-sp/hard\libc_nano.a(lib_a-sprintf.o)
                0x08003a18                siprintf
                0x08003a18                sprintf
 .text.strcpy   0x08003a58       0x10 c:/ac6/systemworkbench/plugins/fr.ac6.mcu.externaltools.arm-none.win32_1.16.0.201807130628/tools/compiler/bin/../lib/gcc/arm-none-eabi/7.2.1/../../../../arm-none-eabi/lib/thumb/v7e-m/fpv4-sp/hard\libc_nano.a(lib_a-strcpy.o)
                0x08003a58                strcpy
 .text.strncat  0x08003a68       0x28 c:/ac6/systemworkbench/plugins/fr.ac6.mcu.externaltools.arm-none.win32_1.16.0.201807130628/tools/compiler/bin/../lib/gcc/arm-none-eabi/7.2.1/../../../../arm-none-eabi/lib/thumb/v7e-m/fpv4-sp/hard\libc_nano.a(lib_a-strncat.o)
                0x08003a68                strncat
 .text._strtol_l.isra.0
                0x08003a90       0xf6 c:/ac6/systemworkbench/plugins/fr.ac6.mcu.externaltools.arm-none.win32_1.16.0.201807130628/tools/compiler/bin/../lib/gcc/arm-none-eabi/7.2.1/../../../../arm-none-eabi/lib/thumb/v7e-m/fpv4-sp/hard\libc_nano.a(lib_a-strtol.o)
 *fill*         0x08003b86        0x2 
 .text.strtol   0x08003b88       0x2c c:/ac6/systemworkbench/plugins/fr.ac6.mcu.externaltools.arm-none.win32_1.16.0.201807130628/tools/compiler/bin/../lib/gcc/arm-none-eabi/7.2.1/../../../../arm-none-eabi/lib/thumb/v7e-m/fpv4-sp/hard\libc_nano.a(lib_a-strtol.o)
                0x08003b88                strtol
 .text.__locale_ctype_ptr_l
                0x08003bb4        0x6 c:/ac6/systemworkbench/plugins/fr.ac6.mcu.externaltools.arm-none.win32_1.16.0.201807130628/tools/compiler/bin/../lib/gcc/arm-none-eabi/7.2.1/../../../../arm-none-eabi/lib/thumb/v7e-m/fpv4-sp/hard\libc_nano.a(lib_a-locale.o)
                0x08003bb4                __locale_ctype_ptr_l
 .text.__ascii_mbtowc
                0x08003bba       0x24 c:/ac6/systemworkbench/plugins/fr.ac6.mcu.externaltools.arm-none.win32_1.16.0.201807130628/tools/compiler/bin/../lib/gcc/arm-none-eabi/7.2.1/../../../../arm-none-eabi/lib/thumb/v7e-m/fpv4-sp/hard\libc_nano.a(lib_a-mbtowc_r.o)
                0x08003bba                __ascii_mbtowc
 .text.__malloc_lock
                0x08003bde        0x2 c:/ac6/systemworkbench/plugins/fr.ac6.mcu.externaltools.arm-none.win32_1.16.0.201807130628/tools/compiler/bin/../lib/gcc/arm-none-eabi/7.2.1/../../../../arm-none-eabi/lib/thumb/v7e-m/fpv4-sp/hard\libc_nano.a(lib_a-mlock.o)
                0x08003bde                __malloc_lock
 .text.__malloc_unlock
                0x08003be0        0x2 c:/ac6/systemworkbench/plugins/fr.ac6.mcu.externaltools.arm-none.win32_1.16.0.201807130628/tools/compiler/bin/../lib/gcc/arm-none-eabi/7.2.1/../../../../arm-none-eabi/lib/thumb/v7e-m/fpv4-sp/hard\libc_nano.a(lib_a-mlock.o)
                0x08003be0                __malloc_unlock
 .text.__ssputs_r
                0x08003be2       0xb4 c:/ac6/systemworkbench/plugins/fr.ac6.mcu.externaltools.arm-none.win32_1.16.0.201807130628/tools/compiler/bin/../lib/gcc/arm-none-eabi/7.2.1/../../../../arm-none-eabi/lib/thumb/v7e-m/fpv4-sp/hard\libc_nano.a(lib_a-nano-svfprintf.o)
                0x08003be2                __ssputs_r
 *fill*         0x08003c96        0x2 
 .text._svfprintf_r
                0x08003c98      0x1ec c:/ac6/systemworkbench/plugins/fr.ac6.mcu.externaltools.arm-none.win32_1.16.0.201807130628/tools/compiler/bin/../lib/gcc/arm-none-eabi/7.2.1/../../../../arm-none-eabi/lib/thumb/v7e-m/fpv4-sp/hard\libc_nano.a(lib_a-nano-svfprintf.o)
                0x08003c98                _svfiprintf_r
                0x08003c98                _svfprintf_r
 .text._printf_common
                0x08003e84       0xea c:/ac6/systemworkbench/plugins/fr.ac6.mcu.externaltools.arm-none.win32_1.16.0.201807130628/tools/compiler/bin/../lib/gcc/arm-none-eabi/7.2.1/../../../../arm-none-eabi/lib/thumb/v7e-m/fpv4-sp/hard\libc_nano.a(lib_a-nano-vfprintf_i.o)
                0x08003e84                _printf_common
 *fill*         0x08003f6e        0x2 
 .text._printf_i
                0x08003f70      0x224 c:/ac6/systemworkbench/plugins/fr.ac6.mcu.externaltools.arm-none.win32_1.16.0.201807130628/tools/compiler/bin/../lib/gcc/arm-none-eabi/7.2.1/../../../../arm-none-eabi/lib/thumb/v7e-m/fpv4-sp/hard\libc_nano.a(lib_a-nano-vfprintf_i.o)
                0x08003f70                _printf_i
 .text.__ascii_wctomb
                0x08004194       0x1a c:/ac6/systemworkbench/plugins/fr.ac6.mcu.externaltools.arm-none.win32_1.16.0.201807130628/tools/compiler/bin/../lib/gcc/arm-none-eabi/7.2.1/../../../../arm-none-eabi/lib/thumb/v7e-m/fpv4-sp/hard\libc_nano.a(lib_a-wctomb_r.o)
                0x08004194                __ascii_wctomb
 .text.memcpy   0x080041ae       0x16 c:/ac6/systemworkbench/plugins/fr.ac6.mcu.externaltools.arm-none.win32_1.16.0.201807130628/tools/compiler/bin/../lib/gcc/arm-none-eabi/7.2.1/../../../../arm-none-eabi/lib/thumb/v7e-m/fpv4-sp/hard\libc_nano.a(lib_a-memcpy-stub.o)
                0x080041ae                memcpy
 .text.memmove  0x080041c4       0x32 c:/ac6/systemworkbench/plugins/fr.ac6.mcu.externaltools.arm-none.win32_1.16.0.201807130628/tools/compiler/bin/../lib/gcc/arm-none-eabi/7.2.1/../../../../arm-none-eabi/lib/thumb/v7e-m/fpv4-sp/hard\libc_nano.a(lib_a-memmove.o)
                0x080041c4                memmove
 .text._realloc_r
                0x080041f6       0x4c c:/ac6/systemworkbench/plugins/fr.ac6.mcu.externaltools.arm-none.win32_1.16.0.201807130628/tools/compiler/bin/../lib/gcc/arm-none-eabi/7.2.1/../../../../arm-none-eabi/lib/thumb/v7e-m/fpv4-sp/hard\libc_nano.a(lib_a-nano-reallocr.o)
                0x080041f6                _realloc_r
 .text._malloc_usable_size_r
                0x08004242       0x10 c:/ac6/systemworkbench/plugins/fr.ac6.mcu.externaltools.arm-none.win32_1.16.0.201807130628/tools/compiler/bin/../lib/gcc/arm-none-eabi/7.2.1/../../../../arm-none-eabi/lib/thumb/v7e-m/fpv4-sp/hard\libc_nano.a(lib_a-nano-msizer.o)
                0x08004242                _malloc_usable_size_r
 *(.glue_7)
 .glue_7        0x08004252        0x0 linker stubs
 *(.glue_7t)
 .glue_7t       0x08004252        0x0 linker stubs
 *(.eh_frame)
 *fill*         0x08004252        0x2 
 .eh_frame      0x08004254        0x0 c:/ac6/systemworkbench/plugins/fr.ac6.mcu.externaltools.arm-none.win32_1.16.0.201807130628/tools/compiler/bin/../lib/gcc/arm-none-eabi/7.2.1/thumb/v7e-m/fpv4-sp/hard/crtbegin.o
 *(.init)
 .init          0x08004254        0x4 c:/ac6/systemworkbench/plugins/fr.ac6.mcu.externaltools.arm-none.win32_1.16.0.201807130628/tools/compiler/bin/../lib/gcc/arm-none-eabi/7.2.1/thumb/v7e-m/fpv4-sp/hard/crti.o
                0x08004254                _init
 .init          0x08004258        0x8 c:/ac6/systemworkbench/plugins/fr.ac6.mcu.externaltools.arm-none.win32_1.16.0.201807130628/tools/compiler/bin/../lib/gcc/arm-none-eabi/7.2.1/thumb/v7e-m/fpv4-sp/hard/crtn.o
 *(.fini)
 .fini          0x08004260        0x4 c:/ac6/systemworkbench/plugins/fr.ac6.mcu.externaltools.arm-none.win32_1.16.0.201807130628/tools/compiler/bin/../lib/gcc/arm-none-eabi/7.2.1/thumb/v7e-m/fpv4-sp/hard/crti.o
                0x08004260                _fini
 .fini          0x08004264        0x8 c:/ac6/systemworkbench/plugins/fr.ac6.mcu.externaltools.arm-none.win32_1.16.0.201807130628/tools/compiler/bin/../lib/gcc/arm-none-eabi/7.2.1/thumb/v7e-m/fpv4-sp/hard/crtn.o
                0x0800426c                . = ALIGN (0x4)
                0x0800426c                _etext = .

.vfp11_veneer   0x0800426c        0x0
 .vfp11_veneer  0x0800426c        0x0 linker stubs

.v4_bx          0x0800426c        0x0
 .v4_bx         0x0800426c        0x0 linker stubs

.iplt           0x0800426c        0x0
 .iplt          0x0800426c        0x0 c:/ac6/systemworkbench/plugins/fr.ac6.mcu.externaltools.arm-none.win32_1.16.0.201807130628/tools/compiler/bin/../lib/gcc/arm-none-eabi/7.2.1/thumb/v7e-m/fpv4-sp/hard/crtbegin.o

.rodata         0x0800426c      0x2a0
                0x0800426c                . = ALIGN (0x4)
 *(.rodata)
 .rodata        0x0800426c       0x40 Application/User/KeyPad_4x4/src/KeyPad_4x4.o
 .rodata        0x080042ac        0x4 Application/User/Lcd_driver/src/tm_stm32_hd44780.o
 .rodata        0x080042b0       0x18 Drivers/CMSIS/system_stm32f4xx.o
                0x080042b0                AHBPrescTable
                0x080042c0                APBPrescTable
 *(.rodata*)
 .rodata.str1.4
                0x080042c8       0x38 Application/User/KeyPad_4x4/src/KeyPad_4x4.o
 .rodata.str1.4
                0x08004300       0x15 Application/User/Rtc/src/rtc.o
 *fill*         0x08004315        0x3 
 .rodata.str1.4
                0x08004318       0x14 Application/User/Timeout/src/timeout.o
 .rodata.str1.4
                0x0800432c       0x96 Application/User/UART/src/uart.o
 *fill*         0x080043c2        0x2 
 .rodata.str1.4
                0x080043c4        0x8 Application/User/main.o
                                  0xb (size before relaxing)
 .rodata._setlocale_r.str1.1
                0x080043cc        0x8 c:/ac6/systemworkbench/plugins/fr.ac6.mcu.externaltools.arm-none.win32_1.16.0.201807130628/tools/compiler/bin/../lib/gcc/arm-none-eabi/7.2.1/../../../../arm-none-eabi/lib/thumb/v7e-m/fpv4-sp/hard\libc_nano.a(lib_a-locale.o)
                                  0x9 (size before relaxing)
 .rodata.str1.1
                0x080043d4        0x2 c:/ac6/systemworkbench/plugins/fr.ac6.mcu.externaltools.arm-none.win32_1.16.0.201807130628/tools/compiler/bin/../lib/gcc/arm-none-eabi/7.2.1/../../../../arm-none-eabi/lib/thumb/v7e-m/fpv4-sp/hard\libc_nano.a(lib_a-locale.o)
 .rodata._svfprintf_r.str1.1
                0x080043d6       0x11 c:/ac6/systemworkbench/plugins/fr.ac6.mcu.externaltools.arm-none.win32_1.16.0.201807130628/tools/compiler/bin/../lib/gcc/arm-none-eabi/7.2.1/../../../../arm-none-eabi/lib/thumb/v7e-m/fpv4-sp/hard\libc_nano.a(lib_a-nano-svfprintf.o)
 .rodata._printf_i.str1.1
                0x080043e7       0x22 c:/ac6/systemworkbench/plugins/fr.ac6.mcu.externaltools.arm-none.win32_1.16.0.201807130628/tools/compiler/bin/../lib/gcc/arm-none-eabi/7.2.1/../../../../arm-none-eabi/lib/thumb/v7e-m/fpv4-sp/hard\libc_nano.a(lib_a-nano-vfprintf_i.o)
 .rodata._ctype_
                0x08004409      0x101 c:/ac6/systemworkbench/plugins/fr.ac6.mcu.externaltools.arm-none.win32_1.16.0.201807130628/tools/compiler/bin/../lib/gcc/arm-none-eabi/7.2.1/../../../../arm-none-eabi/lib/thumb/v7e-m/fpv4-sp/hard\libc_nano.a(lib_a-ctype_.o)
                0x08004409                _ctype_
                0x0800450c                . = ALIGN (0x4)
 *fill*         0x0800450a        0x2 

.ARM.extab
 *(.ARM.extab* .gnu.linkonce.armextab.*)

.ARM            0x0800450c        0x8
                0x0800450c                __exidx_start = .
 *(.ARM.exidx*)
 .ARM.exidx     0x0800450c        0x8 c:/ac6/systemworkbench/plugins/fr.ac6.mcu.externaltools.arm-none.win32_1.16.0.201807130628/tools/compiler/bin/../lib/gcc/arm-none-eabi/7.2.1/thumb/v7e-m/fpv4-sp/hard\libgcc.a(_udivmoddi4.o)
                0x08004514                __exidx_end = .

.rel.dyn        0x08004514        0x0
 .rel.iplt      0x08004514        0x0 c:/ac6/systemworkbench/plugins/fr.ac6.mcu.externaltools.arm-none.win32_1.16.0.201807130628/tools/compiler/bin/../lib/gcc/arm-none-eabi/7.2.1/thumb/v7e-m/fpv4-sp/hard/crtbegin.o

.preinit_array  0x08004514        0x0
                0x08004514                PROVIDE (__preinit_array_start, .)
 *(.preinit_array*)
                0x08004514                PROVIDE (__preinit_array_end, .)

.init_array     0x08004514        0x4
                0x08004514                PROVIDE (__init_array_start, .)
 *(SORT_BY_NAME(.init_array.*))
 *(.init_array*)
 .init_array    0x08004514        0x4 c:/ac6/systemworkbench/plugins/fr.ac6.mcu.externaltools.arm-none.win32_1.16.0.201807130628/tools/compiler/bin/../lib/gcc/arm-none-eabi/7.2.1/thumb/v7e-m/fpv4-sp/hard/crtbegin.o
                0x08004518                PROVIDE (__init_array_end, .)

.fini_array     0x08004518        0x4
                [!provide]                PROVIDE (__fini_array_start, .)
 *(SORT_BY_NAME(.fini_array.*))
 *(.fini_array*)
 .fini_array    0x08004518        0x4 c:/ac6/systemworkbench/plugins/fr.ac6.mcu.externaltools.arm-none.win32_1.16.0.201807130628/tools/compiler/bin/../lib/gcc/arm-none-eabi/7.2.1/thumb/v7e-m/fpv4-sp/hard/crtbegin.o
                [!provide]                PROVIDE (__fini_array_end, .)
                0x0800451c                _sidata = LOADADDR (.data)

.data           0x20000000      0x1e4 load address 0x0800451c
                0x20000000                . = ALIGN (0x4)
                0x20000000                _sdata = .
 *(.data)
 .data          0x20000000        0x8 Application/User/main.o
                0x20000000                uart_rx_circBuff
 .data          0x20000008        0x4 Drivers/CMSIS/system_stm32f4xx.o
                0x20000008                SystemCoreClock
 .data          0x2000000c        0x8 Drivers/STM32F4xx_HAL_Driver/stm32f4xx_hal.o
                0x2000000c                uwTickFreq
                0x20000010                uwTickPrio
 *(.data*)
 .data._impure_ptr
                0x20000014        0x4 c:/ac6/systemworkbench/plugins/fr.ac6.mcu.externaltools.arm-none.win32_1.16.0.201807130628/tools/compiler/bin/../lib/gcc/arm-none-eabi/7.2.1/../../../../arm-none-eabi/lib/thumb/v7e-m/fpv4-sp/hard\libc_nano.a(lib_a-impure.o)
                0x20000014                _impure_ptr
 .data.impure_data
                0x20000018       0x60 c:/ac6/systemworkbench/plugins/fr.ac6.mcu.externaltools.arm-none.win32_1.16.0.201807130628/tools/compiler/bin/../lib/gcc/arm-none-eabi/7.2.1/../../../../arm-none-eabi/lib/thumb/v7e-m/fpv4-sp/hard\libc_nano.a(lib_a-impure.o)
 .data.__global_locale
                0x20000078      0x16c c:/ac6/systemworkbench/plugins/fr.ac6.mcu.externaltools.arm-none.win32_1.16.0.201807130628/tools/compiler/bin/../lib/gcc/arm-none-eabi/7.2.1/../../../../arm-none-eabi/lib/thumb/v7e-m/fpv4-sp/hard\libc_nano.a(lib_a-locale.o)
                0x20000078                __global_locale
                0x200001e4                . = ALIGN (0x4)
                0x200001e4                _edata = .

.igot.plt       0x200001e4        0x0 load address 0x08004700
 .igot.plt      0x200001e4        0x0 c:/ac6/systemworkbench/plugins/fr.ac6.mcu.externaltools.arm-none.win32_1.16.0.201807130628/tools/compiler/bin/../lib/gcc/arm-none-eabi/7.2.1/thumb/v7e-m/fpv4-sp/hard/crtbegin.o
                0x200001e4                . = ALIGN (0x4)

.bss            0x200001e4      0x294 load address 0x08004700
                0x200001e4                _sbss = .
                0x200001e4                __bss_start__ = _sbss
 *(.bss)
 .bss           0x200001e4       0x1c c:/ac6/systemworkbench/plugins/fr.ac6.mcu.externaltools.arm-none.win32_1.16.0.201807130628/tools/compiler/bin/../lib/gcc/arm-none-eabi/7.2.1/thumb/v7e-m/fpv4-sp/hard/crtbegin.o
 .bss           0x20000200        0x8 Application/SW4STM32/syscalls.o
                0x20000204                __env
 .bss           0x20000208       0x20 Application/User/Lcd_driver/src/tm_stm32_delay.o
                0x20000220                TM_Time
                0x20000224                TM_Time2
 .bss           0x20000228       0x1a Application/User/Lcd_driver/src/tm_stm32_gpio.o
 *fill*         0x20000242        0x2 
 .bss           0x20000244        0x7 Application/User/Lcd_driver/src/tm_stm32_hd44780.o
 *fill*         0x2000024b        0x1 
 .bss           0x2000024c       0x3e Application/User/main.o
                0x2000024c                log_circ_buff
 *(.bss*)
 *fill*         0x2000028a        0x2 
 .bss.__malloc_free_list
                0x2000028c        0x4 c:/ac6/systemworkbench/plugins/fr.ac6.mcu.externaltools.arm-none.win32_1.16.0.201807130628/tools/compiler/bin/../lib/gcc/arm-none-eabi/7.2.1/../../../../arm-none-eabi/lib/thumb/v7e-m/fpv4-sp/hard\libc_nano.a(lib_a-nano-mallocr.o)
                0x2000028c                __malloc_free_list
 .bss.__malloc_sbrk_start
                0x20000290        0x4 c:/ac6/systemworkbench/plugins/fr.ac6.mcu.externaltools.arm-none.win32_1.16.0.201807130628/tools/compiler/bin/../lib/gcc/arm-none-eabi/7.2.1/../../../../arm-none-eabi/lib/thumb/v7e-m/fpv4-sp/hard\libc_nano.a(lib_a-nano-mallocr.o)
                0x20000290                __malloc_sbrk_start
 *(COMMON)
 COMMON         0x20000294       0xb2 Application/User/Circular_buffer/src/circular_buffer.o
                0x20000294                sw_flag
                0x200002a4                Key_char
                0x200002a5                uart_set_date_flag
                0x200002a6                Data_recived_temp
                0x200002a8                uart_log_str
                0x200002b4                lock
                0x200002b8                sTime
                0x200002cc                timeout_char_flag
                0x200002cd                number_char
                0x200002ce                k
                0x200002cf                uart_set_pass
                0x200002d0                buffer2
                0x200002e0                uart_set_change_pass_flag
                0x200002e4                buffer_temp
                0x200002ea                buffer_count
                0x200002eb                uart_data_flag
                0x200002ec                buffer
                0x200002f2                uart_new_pass
                0x200002f4                sDate
                0x200002f8                uart_empty_flag
                0x200002fc                hrtc
                0x2000031c                uart_new_line_flag
                0x20000320                buffer_do_lcd
                0x20000328                sw
                0x20000338                flag_char
                0x20000339                lock_open_flag
                0x2000033a                uart_string_tosend_count
                0x2000033c                code
                0x20000342                number_of_bad_code
                0x20000343                uart_set_time_flag
                0x20000344                uart_send_log
                0x20000345                uart_send_log_flag
 *fill*         0x20000346        0x2 
 COMMON         0x20000348      0x12b Application/User/main.o
                0x20000348                huart1
                0x20000388                htim11
                0x200003c4                htim6
                0x20000400                htim9
                0x2000043c                keyPad_struct
                0x2000046c                uart_rxBuff
 *fill*         0x20000473        0x1 
 COMMON         0x20000474        0x4 c:/ac6/systemworkbench/plugins/fr.ac6.mcu.externaltools.arm-none.win32_1.16.0.201807130628/tools/compiler/bin/../lib/gcc/arm-none-eabi/7.2.1/../../../../arm-none-eabi/lib/thumb/v7e-m/fpv4-sp/hard\libc_nano.a(lib_a-reent.o)
                0x20000474                errno
                0x20000478                . = ALIGN (0x4)
                0x20000478                _ebss = .
                0x20000478                __bss_end__ = _ebss

._user_heap_stack
                0x20000478      0x600 load address 0x08004700
                0x20000478                . = ALIGN (0x8)
                0x20000478                PROVIDE (end, .)
                [!provide]                PROVIDE (_end, .)
                0x20000678                . = (. + _Min_Heap_Size)
 *fill*         0x20000478      0x200 
                0x20000a78                . = (. + _Min_Stack_Size)
 *fill*         0x20000678      0x400 
                0x20000a78                . = ALIGN (0x8)

/DISCARD/
 libc.a(*)
 libm.a(*)
 libgcc.a(*)

.ARM.attributes
                0x00000000       0x30
 *(.ARM.attributes)
 .ARM.attributes
                0x00000000       0x22 c:/ac6/systemworkbench/plugins/fr.ac6.mcu.externaltools.arm-none.win32_1.16.0.201807130628/tools/compiler/bin/../lib/gcc/arm-none-eabi/7.2.1/thumb/v7e-m/fpv4-sp/hard/crti.o
 .ARM.attributes
                0x00000022       0x34 c:/ac6/systemworkbench/plugins/fr.ac6.mcu.externaltools.arm-none.win32_1.16.0.201807130628/tools/compiler/bin/../lib/gcc/arm-none-eabi/7.2.1/thumb/v7e-m/fpv4-sp/hard/crtbegin.o
 .ARM.attributes
                0x00000056       0x21 Application/SW4STM32/startup_stm32f410rx.o
 .ARM.attributes
                0x00000077       0x39 Application/SW4STM32/syscalls.o
 .ARM.attributes
                0x000000b0       0x39 Application/User/Circular_buffer/src/circular_buffer.o
 .ARM.attributes
                0x000000e9       0x39 Application/User/KeyPad_4x4/src/KeyPad_4x4.o
 .ARM.attributes
                0x00000122       0x39 Application/User/Lcd_driver/src/tm_stm32_delay.o
 .ARM.attributes
                0x0000015b       0x39 Application/User/Lcd_driver/src/tm_stm32_gpio.o
 .ARM.attributes
                0x00000194       0x39 Application/User/Lcd_driver/src/tm_stm32_hd44780.o
 .ARM.attributes
                0x000001cd       0x39 Application/User/Rtc/src/rtc.o
 .ARM.attributes
                0x00000206       0x39 Application/User/Timeout/src/timeout.o
 .ARM.attributes
                0x0000023f       0x39 Application/User/UART/src/uart.o
 .ARM.attributes
                0x00000278       0x39 Application/User/main.o
 .ARM.attributes
                0x000002b1       0x39 Application/User/stm32f4xx_hal_msp.o
 .ARM.attributes
                0x000002ea       0x39 Application/User/stm32f4xx_it.o
 .ARM.attributes
                0x00000323       0x39 Drivers/CMSIS/system_stm32f4xx.o
 .ARM.attributes
                0x0000035c       0x39 Drivers/STM32F4xx_HAL_Driver/stm32f4xx_hal.o
 .ARM.attributes
                0x00000395       0x39 Drivers/STM32F4xx_HAL_Driver/stm32f4xx_hal_cortex.o
 .ARM.attributes
                0x000003ce       0x39 Drivers/STM32F4xx_HAL_Driver/stm32f4xx_hal_dma.o
 .ARM.attributes
                0x00000407       0x39 Drivers/STM32F4xx_HAL_Driver/stm32f4xx_hal_gpio.o
 .ARM.attributes
                0x00000440       0x39 Drivers/STM32F4xx_HAL_Driver/stm32f4xx_hal_rcc.o
 .ARM.attributes
                0x00000479       0x39 Drivers/STM32F4xx_HAL_Driver/stm32f4xx_hal_rcc_ex.o
 .ARM.attributes
                0x000004b2       0x39 Drivers/STM32F4xx_HAL_Driver/stm32f4xx_hal_rtc.o
 .ARM.attributes
                0x000004eb       0x39 Drivers/STM32F4xx_HAL_Driver/stm32f4xx_hal_tim.o
 .ARM.attributes
                0x00000524       0x39 Drivers/STM32F4xx_HAL_Driver/stm32f4xx_hal_tim_ex.o
 .ARM.attributes
                0x0000055d       0x39 Drivers/STM32F4xx_HAL_Driver/stm32f4xx_hal_uart.o
 .ARM.attributes
                0x00000596       0x22 c:/ac6/systemworkbench/plugins/fr.ac6.mcu.externaltools.arm-none.win32_1.16.0.201807130628/tools/compiler/bin/../lib/gcc/arm-none-eabi/7.2.1/thumb/v7e-m/fpv4-sp/hard\libgcc.a(_aeabi_uldivmod.o)
 .ARM.attributes
                0x000005b8       0x34 c:/ac6/systemworkbench/plugins/fr.ac6.mcu.externaltools.arm-none.win32_1.16.0.201807130628/tools/compiler/bin/../lib/gcc/arm-none-eabi/7.2.1/thumb/v7e-m/fpv4-sp/hard\libgcc.a(_udivmoddi4.o)
 .ARM.attributes
                0x000005ec       0x22 c:/ac6/systemworkbench/plugins/fr.ac6.mcu.externaltools.arm-none.win32_1.16.0.201807130628/tools/compiler/bin/../lib/gcc/arm-none-eabi/7.2.1/thumb/v7e-m/fpv4-sp/hard\libgcc.a(_dvmd_tls.o)
 .ARM.attributes
                0x0000060e       0x34 c:/ac6/systemworkbench/plugins/fr.ac6.mcu.externaltools.arm-none.win32_1.16.0.201807130628/tools/compiler/bin/../lib/gcc/arm-none-eabi/7.2.1/../../../../arm-none-eabi/lib/thumb/v7e-m/fpv4-sp/hard\libc_nano.a(lib_a-atoi.o)
 .ARM.attributes
                0x00000642       0x34 c:/ac6/systemworkbench/plugins/fr.ac6.mcu.externaltools.arm-none.win32_1.16.0.201807130628/tools/compiler/bin/../lib/gcc/arm-none-eabi/7.2.1/../../../../arm-none-eabi/lib/thumb/v7e-m/fpv4-sp/hard\libc_nano.a(lib_a-errno.o)
 .ARM.attributes
                0x00000676       0x34 c:/ac6/systemworkbench/plugins/fr.ac6.mcu.externaltools.arm-none.win32_1.16.0.201807130628/tools/compiler/bin/../lib/gcc/arm-none-eabi/7.2.1/../../../../arm-none-eabi/lib/thumb/v7e-m/fpv4-sp/hard\libc_nano.a(lib_a-impure.o)
 .ARM.attributes
                0x000006aa       0x34 c:/ac6/systemworkbench/plugins/fr.ac6.mcu.externaltools.arm-none.win32_1.16.0.201807130628/tools/compiler/bin/../lib/gcc/arm-none-eabi/7.2.1/../../../../arm-none-eabi/lib/thumb/v7e-m/fpv4-sp/hard\libc_nano.a(lib_a-init.o)
 .ARM.attributes
                0x000006de       0x34 c:/ac6/systemworkbench/plugins/fr.ac6.mcu.externaltools.arm-none.win32_1.16.0.201807130628/tools/compiler/bin/../lib/gcc/arm-none-eabi/7.2.1/../../../../arm-none-eabi/lib/thumb/v7e-m/fpv4-sp/hard\libc_nano.a(lib_a-memset.o)
 .ARM.attributes
                0x00000712       0x34 c:/ac6/systemworkbench/plugins/fr.ac6.mcu.externaltools.arm-none.win32_1.16.0.201807130628/tools/compiler/bin/../lib/gcc/arm-none-eabi/7.2.1/../../../../arm-none-eabi/lib/thumb/v7e-m/fpv4-sp/hard\libc_nano.a(lib_a-nano-freer.o)
 .ARM.attributes
                0x00000746       0x34 c:/ac6/systemworkbench/plugins/fr.ac6.mcu.externaltools.arm-none.win32_1.16.0.201807130628/tools/compiler/bin/../lib/gcc/arm-none-eabi/7.2.1/../../../../arm-none-eabi/lib/thumb/v7e-m/fpv4-sp/hard\libc_nano.a(lib_a-nano-mallocr.o)
 .ARM.attributes
                0x0000077a       0x34 c:/ac6/systemworkbench/plugins/fr.ac6.mcu.externaltools.arm-none.win32_1.16.0.201807130628/tools/compiler/bin/../lib/gcc/arm-none-eabi/7.2.1/../../../../arm-none-eabi/lib/thumb/v7e-m/fpv4-sp/hard\libc_nano.a(lib_a-sbrkr.o)
 .ARM.attributes
                0x000007ae       0x34 c:/ac6/systemworkbench/plugins/fr.ac6.mcu.externaltools.arm-none.win32_1.16.0.201807130628/tools/compiler/bin/../lib/gcc/arm-none-eabi/7.2.1/../../../../arm-none-eabi/lib/thumb/v7e-m/fpv4-sp/hard\libc_nano.a(lib_a-sprintf.o)
 .ARM.attributes
                0x000007e2       0x20 c:/ac6/systemworkbench/plugins/fr.ac6.mcu.externaltools.arm-none.win32_1.16.0.201807130628/tools/compiler/bin/../lib/gcc/arm-none-eabi/7.2.1/../../../../arm-none-eabi/lib/thumb/v7e-m/fpv4-sp/hard\libc_nano.a(lib_a-strcmp.o)
 .ARM.attributes
                0x00000802       0x34 c:/ac6/systemworkbench/plugins/fr.ac6.mcu.externaltools.arm-none.win32_1.16.0.201807130628/tools/compiler/bin/../lib/gcc/arm-none-eabi/7.2.1/../../../../arm-none-eabi/lib/thumb/v7e-m/fpv4-sp/hard\libc_nano.a(lib_a-strcpy.o)
 .ARM.attributes
                0x00000836       0x1b c:/ac6/systemworkbench/plugins/fr.ac6.mcu.externaltools.arm-none.win32_1.16.0.201807130628/tools/compiler/bin/../lib/gcc/arm-none-eabi/7.2.1/../../../../arm-none-eabi/lib/thumb/v7e-m/fpv4-sp/hard\libc_nano.a(lib_a-strlen.o)
 .ARM.attributes
                0x00000851       0x34 c:/ac6/systemworkbench/plugins/fr.ac6.mcu.externaltools.arm-none.win32_1.16.0.201807130628/tools/compiler/bin/../lib/gcc/arm-none-eabi/7.2.1/../../../../arm-none-eabi/lib/thumb/v7e-m/fpv4-sp/hard\libc_nano.a(lib_a-strncat.o)
 .ARM.attributes
                0x00000885       0x34 c:/ac6/systemworkbench/plugins/fr.ac6.mcu.externaltools.arm-none.win32_1.16.0.201807130628/tools/compiler/bin/../lib/gcc/arm-none-eabi/7.2.1/../../../../arm-none-eabi/lib/thumb/v7e-m/fpv4-sp/hard\libc_nano.a(lib_a-strtol.o)
 .ARM.attributes
                0x000008b9       0x34 c:/ac6/systemworkbench/plugins/fr.ac6.mcu.externaltools.arm-none.win32_1.16.0.201807130628/tools/compiler/bin/../lib/gcc/arm-none-eabi/7.2.1/../../../../arm-none-eabi/lib/thumb/v7e-m/fpv4-sp/hard\libc_nano.a(lib_a-locale.o)
 .ARM.attributes
                0x000008ed       0x34 c:/ac6/systemworkbench/plugins/fr.ac6.mcu.externaltools.arm-none.win32_1.16.0.201807130628/tools/compiler/bin/../lib/gcc/arm-none-eabi/7.2.1/../../../../arm-none-eabi/lib/thumb/v7e-m/fpv4-sp/hard\libc_nano.a(lib_a-mbtowc_r.o)
 .ARM.attributes
                0x00000921       0x34 c:/ac6/systemworkbench/plugins/fr.ac6.mcu.externaltools.arm-none.win32_1.16.0.201807130628/tools/compiler/bin/../lib/gcc/arm-none-eabi/7.2.1/../../../../arm-none-eabi/lib/thumb/v7e-m/fpv4-sp/hard\libc_nano.a(lib_a-mlock.o)
 .ARM.attributes
                0x00000955       0x34 c:/ac6/systemworkbench/plugins/fr.ac6.mcu.externaltools.arm-none.win32_1.16.0.201807130628/tools/compiler/bin/../lib/gcc/arm-none-eabi/7.2.1/../../../../arm-none-eabi/lib/thumb/v7e-m/fpv4-sp/hard\libc_nano.a(lib_a-nano-svfprintf.o)
 .ARM.attributes
                0x00000989       0x34 c:/ac6/systemworkbench/plugins/fr.ac6.mcu.externaltools.arm-none.win32_1.16.0.201807130628/tools/compiler/bin/../lib/gcc/arm-none-eabi/7.2.1/../../../../arm-none-eabi/lib/thumb/v7e-m/fpv4-sp/hard\libc_nano.a(lib_a-nano-vfprintf_i.o)
 .ARM.attributes
                0x000009bd       0x34 c:/ac6/systemworkbench/plugins/fr.ac6.mcu.externaltools.arm-none.win32_1.16.0.201807130628/tools/compiler/bin/../lib/gcc/arm-none-eabi/7.2.1/../../../../arm-none-eabi/lib/thumb/v7e-m/fpv4-sp/hard\libc_nano.a(lib_a-reent.o)
 .ARM.attributes
                0x000009f1       0x34 c:/ac6/systemworkbench/plugins/fr.ac6.mcu.externaltools.arm-none.win32_1.16.0.201807130628/tools/compiler/bin/../lib/gcc/arm-none-eabi/7.2.1/../../../../arm-none-eabi/lib/thumb/v7e-m/fpv4-sp/hard\libc_nano.a(lib_a-wctomb_r.o)
 .ARM.attributes
                0x00000a25       0x34 c:/ac6/systemworkbench/plugins/fr.ac6.mcu.externaltools.arm-none.win32_1.16.0.201807130628/tools/compiler/bin/../lib/gcc/arm-none-eabi/7.2.1/../../../../arm-none-eabi/lib/thumb/v7e-m/fpv4-sp/hard\libc_nano.a(lib_a-ctype_.o)
 .ARM.attributes
                0x00000a59       0x20 c:/ac6/systemworkbench/plugins/fr.ac6.mcu.externaltools.arm-none.win32_1.16.0.201807130628/tools/compiler/bin/../lib/gcc/arm-none-eabi/7.2.1/../../../../arm-none-eabi/lib/thumb/v7e-m/fpv4-sp/hard\libc_nano.a(lib_a-memchr.o)
 .ARM.attributes
                0x00000a79       0x34 c:/ac6/systemworkbench/plugins/fr.ac6.mcu.externaltools.arm-none.win32_1.16.0.201807130628/tools/compiler/bin/../lib/gcc/arm-none-eabi/7.2.1/../../../../arm-none-eabi/lib/thumb/v7e-m/fpv4-sp/hard\libc_nano.a(lib_a-memcpy-stub.o)
 .ARM.attributes
                0x00000aad       0x34 c:/ac6/systemworkbench/plugins/fr.ac6.mcu.externaltools.arm-none.win32_1.16.0.201807130628/tools/compiler/bin/../lib/gcc/arm-none-eabi/7.2.1/../../../../arm-none-eabi/lib/thumb/v7e-m/fpv4-sp/hard\libc_nano.a(lib_a-memmove.o)
 .ARM.attributes
                0x00000ae1       0x34 c:/ac6/systemworkbench/plugins/fr.ac6.mcu.externaltools.arm-none.win32_1.16.0.201807130628/tools/compiler/bin/../lib/gcc/arm-none-eabi/7.2.1/../../../../arm-none-eabi/lib/thumb/v7e-m/fpv4-sp/hard\libc_nano.a(lib_a-nano-reallocr.o)
 .ARM.attributes
                0x00000b15       0x34 c:/ac6/systemworkbench/plugins/fr.ac6.mcu.externaltools.arm-none.win32_1.16.0.201807130628/tools/compiler/bin/../lib/gcc/arm-none-eabi/7.2.1/../../../../arm-none-eabi/lib/thumb/v7e-m/fpv4-sp/hard\libc_nano.a(lib_a-nano-msizer.o)
 .ARM.attributes
                0x00000b49       0x22 c:/ac6/systemworkbench/plugins/fr.ac6.mcu.externaltools.arm-none.win32_1.16.0.201807130628/tools/compiler/bin/../lib/gcc/arm-none-eabi/7.2.1/thumb/v7e-m/fpv4-sp/hard/crtn.o
OUTPUT(Project.elf elf32-littlearm)

.debug_line     0x00000000     0xfe6c
 .debug_line    0x00000000       0xab Application/SW4STM32/startup_stm32f410rx.o
 .debug_line    0x000000ab      0x601 Application/SW4STM32/syscalls.o
 .debug_line    0x000006ac      0x9f3 Application/User/Circular_buffer/src/circular_buffer.o
 .debug_line    0x0000109f      0xa32 Application/User/KeyPad_4x4/src/KeyPad_4x4.o
 .debug_line    0x00001ad1      0xa0a Application/User/Lcd_driver/src/tm_stm32_delay.o
 .debug_line    0x000024db      0xa25 Application/User/Lcd_driver/src/tm_stm32_gpio.o
 .debug_line    0x00002f00      0xb04 Application/User/Lcd_driver/src/tm_stm32_hd44780.o
 .debug_line    0x00003a04      0x955 Application/User/Rtc/src/rtc.o
 .debug_line    0x00004359      0x949 Application/User/Timeout/src/timeout.o
 .debug_line    0x00004ca2      0x9aa Application/User/UART/src/uart.o
 .debug_line    0x0000564c      0xd18 Application/User/main.o
 .debug_line    0x00006364      0x8f4 Application/User/stm32f4xx_hal_msp.o
 .debug_line    0x00006c58      0x8a4 Application/User/stm32f4xx_it.o
 .debug_line    0x000074fc      0x855 Drivers/CMSIS/system_stm32f4xx.o
 .debug_line    0x00007d51      0xa0c Drivers/STM32F4xx_HAL_Driver/stm32f4xx_hal.o
 .debug_line    0x0000875d      0xa69 Drivers/STM32F4xx_HAL_Driver/stm32f4xx_hal_cortex.o
 .debug_line    0x000091c6      0xb54 Drivers/STM32F4xx_HAL_Driver/stm32f4xx_hal_dma.o
 .debug_line    0x00009d1a      0x97e Drivers/STM32F4xx_HAL_Driver/stm32f4xx_hal_gpio.o
 .debug_line    0x0000a698      0xaa7 Drivers/STM32F4xx_HAL_Driver/stm32f4xx_hal_rcc.o
 .debug_line    0x0000b13f      0xa47 Drivers/STM32F4xx_HAL_Driver/stm32f4xx_hal_rcc_ex.o
 .debug_line    0x0000bb86      0xbeb Drivers/STM32F4xx_HAL_Driver/stm32f4xx_hal_rtc.o
 .debug_line    0x0000c771     0x17d9 Drivers/STM32F4xx_HAL_Driver/stm32f4xx_hal_tim.o
 .debug_line    0x0000df4a      0xde9 Drivers/STM32F4xx_HAL_Driver/stm32f4xx_hal_tim_ex.o
 .debug_line    0x0000ed33     0x1139 Drivers/STM32F4xx_HAL_Driver/stm32f4xx_hal_uart.o

.debug_info     0x00000000    0x21452
 .debug_info    0x00000000       0x22 Application/SW4STM32/startup_stm32f410rx.o
 .debug_info    0x00000022      0xfd3 Application/SW4STM32/syscalls.o
 .debug_info    0x00000ff5     0x1283 Application/User/Circular_buffer/src/circular_buffer.o
 .debug_info    0x00002278     0x1dbb Application/User/KeyPad_4x4/src/KeyPad_4x4.o
 .debug_info    0x00004033      0xfb0 Application/User/Lcd_driver/src/tm_stm32_delay.o
 .debug_info    0x00004fe3     0x1194 Application/User/Lcd_driver/src/tm_stm32_gpio.o
 .debug_info    0x00006177     0x1429 Application/User/Lcd_driver/src/tm_stm32_hd44780.o
 .debug_info    0x000075a0     0x166b Application/User/Rtc/src/rtc.o
 .debug_info    0x00008c0b     0x189a Application/User/Timeout/src/timeout.o
 .debug_info    0x0000a4a5     0x1cc0 Application/User/UART/src/uart.o
 .debug_info    0x0000c165     0x26eb Application/User/main.o
 .debug_info    0x0000e850     0x1ad0 Application/User/stm32f4xx_hal_msp.o
 .debug_info    0x00010320     0x1105 Application/User/stm32f4xx_it.o
 .debug_info    0x00011425      0xd12 Drivers/CMSIS/system_stm32f4xx.o
 .debug_info    0x00012137     0x110e Drivers/STM32F4xx_HAL_Driver/stm32f4xx_hal.o
 .debug_info    0x00013245     0x16a7 Drivers/STM32F4xx_HAL_Driver/stm32f4xx_hal_cortex.o
 .debug_info    0x000148ec     0x1274 Drivers/STM32F4xx_HAL_Driver/stm32f4xx_hal_dma.o
 .debug_info    0x00015b60      0xf96 Drivers/STM32F4xx_HAL_Driver/stm32f4xx_hal_gpio.o
 .debug_info    0x00016af6     0x1250 Drivers/STM32F4xx_HAL_Driver/stm32f4xx_hal_rcc.o
 .debug_info    0x00017d46     0x1002 Drivers/STM32F4xx_HAL_Driver/stm32f4xx_hal_rcc_ex.o
 .debug_info    0x00018d48     0x1651 Drivers/STM32F4xx_HAL_Driver/stm32f4xx_hal_rtc.o
 .debug_info    0x0001a399     0x3688 Drivers/STM32F4xx_HAL_Driver/stm32f4xx_hal_tim.o
 .debug_info    0x0001da21     0x1b1e Drivers/STM32F4xx_HAL_Driver/stm32f4xx_hal_tim_ex.o
 .debug_info    0x0001f53f     0x1f13 Drivers/STM32F4xx_HAL_Driver/stm32f4xx_hal_uart.o

.debug_abbrev   0x00000000     0x4292
 .debug_abbrev  0x00000000       0x12 Application/SW4STM32/startup_stm32f410rx.o
 .debug_abbrev  0x00000012      0x2d4 Application/SW4STM32/syscalls.o
 .debug_abbrev  0x000002e6      0x2c5 Application/User/Circular_buffer/src/circular_buffer.o
 .debug_abbrev  0x000005ab      0x2f5 Application/User/KeyPad_4x4/src/KeyPad_4x4.o
 .debug_abbrev  0x000008a0      0x375 Application/User/Lcd_driver/src/tm_stm32_delay.o
 .debug_abbrev  0x00000c15      0x2b9 Application/User/Lcd_driver/src/tm_stm32_gpio.o
 .debug_abbrev  0x00000ece      0x337 Application/User/Lcd_driver/src/tm_stm32_hd44780.o
 .debug_abbrev  0x00001205      0x2d6 Application/User/Rtc/src/rtc.o
 .debug_abbrev  0x000014db      0x29a Application/User/Timeout/src/timeout.o
 .debug_abbrev  0x00001775      0x2e6 Application/User/UART/src/uart.o
 .debug_abbrev  0x00001a5b      0x354 Application/User/main.o
 .debug_abbrev  0x00001daf      0x2ac Application/User/stm32f4xx_hal_msp.o
 .debug_abbrev  0x0000205b      0x232 Application/User/stm32f4xx_it.o
 .debug_abbrev  0x0000228d      0x205 Drivers/CMSIS/system_stm32f4xx.o
 .debug_abbrev  0x00002492      0x2e5 Drivers/STM32F4xx_HAL_Driver/stm32f4xx_hal.o
 .debug_abbrev  0x00002777      0x3d6 Drivers/STM32F4xx_HAL_Driver/stm32f4xx_hal_cortex.o
 .debug_abbrev  0x00002b4d      0x31b Drivers/STM32F4xx_HAL_Driver/stm32f4xx_hal_dma.o
 .debug_abbrev  0x00002e68      0x2a7 Drivers/STM32F4xx_HAL_Driver/stm32f4xx_hal_gpio.o
 .debug_abbrev  0x0000310f      0x333 Drivers/STM32F4xx_HAL_Driver/stm32f4xx_hal_rcc.o
 .debug_abbrev  0x00003442      0x284 Drivers/STM32F4xx_HAL_Driver/stm32f4xx_hal_rcc_ex.o
 .debug_abbrev  0x000036c6      0x2c8 Drivers/STM32F4xx_HAL_Driver/stm32f4xx_hal_rtc.o
 .debug_abbrev  0x0000398e      0x2e0 Drivers/STM32F4xx_HAL_Driver/stm32f4xx_hal_tim.o
 .debug_abbrev  0x00003c6e      0x2e0 Drivers/STM32F4xx_HAL_Driver/stm32f4xx_hal_tim_ex.o
 .debug_abbrev  0x00003f4e      0x344 Drivers/STM32F4xx_HAL_Driver/stm32f4xx_hal_uart.o

.debug_aranges  0x00000000      0xf98
 .debug_aranges
                0x00000000       0x28 Application/SW4STM32/startup_stm32f410rx.o
 .debug_aranges
                0x00000028       0xb0 Application/SW4STM32/syscalls.o
 .debug_aranges
                0x000000d8       0x58 Application/User/Circular_buffer/src/circular_buffer.o
 .debug_aranges
                0x00000130       0x48 Application/User/KeyPad_4x4/src/KeyPad_4x4.o
 .debug_aranges
                0x00000178       0x78 Application/User/Lcd_driver/src/tm_stm32_delay.o
 .debug_aranges
                0x000001f0       0x98 Application/User/Lcd_driver/src/tm_stm32_gpio.o
 .debug_aranges
                0x00000288       0xa8 Application/User/Lcd_driver/src/tm_stm32_hd44780.o
 .debug_aranges
                0x00000330       0x30 Application/User/Rtc/src/rtc.o
 .debug_aranges
                0x00000360       0x40 Application/User/Timeout/src/timeout.o
 .debug_aranges
                0x000003a0       0x30 Application/User/UART/src/uart.o
 .debug_aranges
                0x000003d0       0x88 Application/User/main.o
 .debug_aranges
                0x00000458       0x50 Application/User/stm32f4xx_hal_msp.o
 .debug_aranges
                0x000004a8       0x50 Application/User/stm32f4xx_it.o
 .debug_aranges
                0x000004f8       0x28 Drivers/CMSIS/system_stm32f4xx.o
 .debug_aranges
                0x00000520       0xe0 Drivers/STM32F4xx_HAL_Driver/stm32f4xx_hal.o
 .debug_aranges
                0x00000600       0xa8 Drivers/STM32F4xx_HAL_Driver/stm32f4xx_hal_cortex.o
 .debug_aranges
                0x000006a8       0x90 Drivers/STM32F4xx_HAL_Driver/stm32f4xx_hal_dma.o
 .debug_aranges
                0x00000738       0x58 Drivers/STM32F4xx_HAL_Driver/stm32f4xx_hal_gpio.o
 .debug_aranges
                0x00000790       0x88 Drivers/STM32F4xx_HAL_Driver/stm32f4xx_hal_rcc.o
 .debug_aranges
                0x00000818       0x50 Drivers/STM32F4xx_HAL_Driver/stm32f4xx_hal_rcc_ex.o
 .debug_aranges
                0x00000868       0xb8 Drivers/STM32F4xx_HAL_Driver/stm32f4xx_hal_rtc.o
 .debug_aranges
                0x00000920      0x368 Drivers/STM32F4xx_HAL_Driver/stm32f4xx_hal_tim.o
 .debug_aranges
                0x00000c88      0x140 Drivers/STM32F4xx_HAL_Driver/stm32f4xx_hal_tim_ex.o
 .debug_aranges
                0x00000dc8      0x1d0 Drivers/STM32F4xx_HAL_Driver/stm32f4xx_hal_uart.o

.debug_str      0x00000000    0x818f5
 .debug_str     0x00000000       0xa1 Application/SW4STM32/startup_stm32f410rx.o
 .debug_str     0x000000a1     0x849f Application/SW4STM32/syscalls.o
                               0x873f (size before relaxing)
 .debug_str     0x00008540    0x74180 Application/User/Circular_buffer/src/circular_buffer.o
                              0x7b7b0 (size before relaxing)
 .debug_str     0x0007c6c0      0x6f3 Application/User/KeyPad_4x4/src/KeyPad_4x4.o
                              0x7be3f (size before relaxing)
 .debug_str     0x0007cdb3      0x4e5 Application/User/Lcd_driver/src/tm_stm32_delay.o
                              0x7b7a8 (size before relaxing)
 .debug_str     0x0007d298      0x868 Application/User/Lcd_driver/src/tm_stm32_gpio.o
                              0x7bb60 (size before relaxing)
 .debug_str     0x0007db00      0x616 Application/User/Lcd_driver/src/tm_stm32_hd44780.o
                              0x7c137 (size before relaxing)
 .debug_str     0x0007e116       0xaa Application/User/Rtc/src/rtc.o
                              0x7b790 (size before relaxing)
 .debug_str     0x0007e1c0      0x223 Application/User/Timeout/src/timeout.o
                              0x7bcea (size before relaxing)
 .debug_str     0x0007e3e3       0x76 Application/User/UART/src/uart.o
                              0x7bd58 (size before relaxing)
 .debug_str     0x0007e459      0x4dd Application/User/main.o
                              0x7cd81 (size before relaxing)
 .debug_str     0x0007e936      0x47d Application/User/stm32f4xx_hal_msp.o
                              0x7c042 (size before relaxing)
 .debug_str     0x0007edb3      0x102 Application/User/stm32f4xx_it.o
                              0x7b99c (size before relaxing)
 .debug_str     0x0007eeb5       0xea Drivers/CMSIS/system_stm32f4xx.o
                              0x7b315 (size before relaxing)
 .debug_str     0x0007ef9f      0x5d1 Drivers/STM32F4xx_HAL_Driver/stm32f4xx_hal.o
                              0x7bcf6 (size before relaxing)
 .debug_str     0x0007f570      0x35e Drivers/STM32F4xx_HAL_Driver/stm32f4xx_hal_cortex.o
                              0x7ba55 (size before relaxing)
 .debug_str     0x0007f8ce      0x348 Drivers/STM32F4xx_HAL_Driver/stm32f4xx_hal_dma.o
                              0x7b758 (size before relaxing)
 .debug_str     0x0007fc16      0x1e2 Drivers/STM32F4xx_HAL_Driver/stm32f4xx_hal_gpio.o
                              0x7b55f (size before relaxing)
 .debug_str     0x0007fdf8      0x23f Drivers/STM32F4xx_HAL_Driver/stm32f4xx_hal_rcc.o
                              0x7b728 (size before relaxing)
 .debug_str     0x00080037      0x102 Drivers/STM32F4xx_HAL_Driver/stm32f4xx_hal_rcc_ex.o
                              0x7b557 (size before relaxing)
 .debug_str     0x00080139      0x20c Drivers/STM32F4xx_HAL_Driver/stm32f4xx_hal_rtc.o
                              0x7b70e (size before relaxing)
 .debug_str     0x00080345      0xc2e Drivers/STM32F4xx_HAL_Driver/stm32f4xx_hal_tim.o
                              0x7c37e (size before relaxing)
 .debug_str     0x00080f73      0x4af Drivers/STM32F4xx_HAL_Driver/stm32f4xx_hal_tim_ex.o
                              0x7bc3e (size before relaxing)
 .debug_str     0x00081422      0x4d3 Drivers/STM32F4xx_HAL_Driver/stm32f4xx_hal_uart.o
                              0x7bbbb (size before relaxing)

.debug_ranges   0x00000000      0xf10
 .debug_ranges  0x00000000       0x20 Application/SW4STM32/startup_stm32f410rx.o
 .debug_ranges  0x00000020       0xa0 Application/SW4STM32/syscalls.o
 .debug_ranges  0x000000c0       0x48 Application/User/Circular_buffer/src/circular_buffer.o
 .debug_ranges  0x00000108       0x50 Application/User/KeyPad_4x4/src/KeyPad_4x4.o
 .debug_ranges  0x00000158       0x68 Application/User/Lcd_driver/src/tm_stm32_delay.o
 .debug_ranges  0x000001c0       0x88 Application/User/Lcd_driver/src/tm_stm32_gpio.o
 .debug_ranges  0x00000248       0x98 Application/User/Lcd_driver/src/tm_stm32_hd44780.o
 .debug_ranges  0x000002e0       0x20 Application/User/Rtc/src/rtc.o
 .debug_ranges  0x00000300       0x30 Application/User/Timeout/src/timeout.o
 .debug_ranges  0x00000330       0x68 Application/User/UART/src/uart.o
 .debug_ranges  0x00000398       0x78 Application/User/main.o
 .debug_ranges  0x00000410       0x40 Application/User/stm32f4xx_hal_msp.o
 .debug_ranges  0x00000450       0x40 Application/User/stm32f4xx_it.o
 .debug_ranges  0x00000490       0x18 Drivers/CMSIS/system_stm32f4xx.o
 .debug_ranges  0x000004a8       0xd0 Drivers/STM32F4xx_HAL_Driver/stm32f4xx_hal.o
 .debug_ranges  0x00000578       0xf8 Drivers/STM32F4xx_HAL_Driver/stm32f4xx_hal_cortex.o
 .debug_ranges  0x00000670       0x80 Drivers/STM32F4xx_HAL_Driver/stm32f4xx_hal_dma.o
 .debug_ranges  0x000006f0       0x48 Drivers/STM32F4xx_HAL_Driver/stm32f4xx_hal_gpio.o
 .debug_ranges  0x00000738       0x90 Drivers/STM32F4xx_HAL_Driver/stm32f4xx_hal_rcc.o
 .debug_ranges  0x000007c8       0x58 Drivers/STM32F4xx_HAL_Driver/stm32f4xx_hal_rcc_ex.o
 .debug_ranges  0x00000820       0xa8 Drivers/STM32F4xx_HAL_Driver/stm32f4xx_hal_rtc.o
 .debug_ranges  0x000008c8      0x358 Drivers/STM32F4xx_HAL_Driver/stm32f4xx_hal_tim.o
 .debug_ranges  0x00000c20      0x130 Drivers/STM32F4xx_HAL_Driver/stm32f4xx_hal_tim_ex.o
 .debug_ranges  0x00000d50      0x1c0 Drivers/STM32F4xx_HAL_Driver/stm32f4xx_hal_uart.o

.debug_loc      0x00000000     0x9f08
 .debug_loc     0x00000000      0x3af Application/SW4STM32/syscalls.o
 .debug_loc     0x000003af      0x1d3 Application/User/Circular_buffer/src/circular_buffer.o
 .debug_loc     0x00000582      0x262 Application/User/KeyPad_4x4/src/KeyPad_4x4.o
 .debug_loc     0x000007e4      0x1fe Application/User/Lcd_driver/src/tm_stm32_delay.o
 .debug_loc     0x000009e2      0x561 Application/User/Lcd_driver/src/tm_stm32_gpio.o
 .debug_loc     0x00000f43      0x376 Application/User/Lcd_driver/src/tm_stm32_hd44780.o
 .debug_loc     0x000012b9      0x148 Application/User/Rtc/src/rtc.o
 .debug_loc     0x00001401       0xdc Application/User/Timeout/src/timeout.o
 .debug_loc     0x000014dd      0x231 Application/User/UART/src/uart.o
 .debug_loc     0x0000170e       0x55 Application/User/main.o
 .debug_loc     0x00001763      0x14c Application/User/stm32f4xx_hal_msp.o
 .debug_loc     0x000018af      0x13e Drivers/CMSIS/system_stm32f4xx.o
 .debug_loc     0x000019ed       0xfd Drivers/STM32F4xx_HAL_Driver/stm32f4xx_hal.o
 .debug_loc     0x00001aea      0x5ce Drivers/STM32F4xx_HAL_Driver/stm32f4xx_hal_cortex.o
 .debug_loc     0x000020b8      0xb4e Drivers/STM32F4xx_HAL_Driver/stm32f4xx_hal_dma.o
 .debug_loc     0x00002c06      0x471 Drivers/STM32F4xx_HAL_Driver/stm32f4xx_hal_gpio.o
 .debug_loc     0x00003077      0x3f1 Drivers/STM32F4xx_HAL_Driver/stm32f4xx_hal_rcc.o
 .debug_loc     0x00003468      0x45a Drivers/STM32F4xx_HAL_Driver/stm32f4xx_hal_rcc_ex.o
 .debug_loc     0x000038c2      0xb59 Drivers/STM32F4xx_HAL_Driver/stm32f4xx_hal_rtc.o
 .debug_loc     0x0000441b     0x3664 Drivers/STM32F4xx_HAL_Driver/stm32f4xx_hal_tim.o
 .debug_loc     0x00007a7f      0xefe Drivers/STM32F4xx_HAL_Driver/stm32f4xx_hal_tim_ex.o
 .debug_loc     0x0000897d     0x158b Drivers/STM32F4xx_HAL_Driver/stm32f4xx_hal_uart.o

.debug_macro    0x00000000    0x18606
 .debug_macro   0x00000000      0x243 Application/SW4STM32/syscalls.o
 .debug_macro   0x00000243      0xa60 Application/SW4STM32/syscalls.o
 .debug_macro   0x00000ca3       0x22 Application/SW4STM32/syscalls.o
 .debug_macro   0x00000cc5       0x52 Application/SW4STM32/syscalls.o
 .debug_macro   0x00000d17       0x17 Application/SW4STM32/syscalls.o
 .debug_macro   0x00000d2e       0x8d Application/SW4STM32/syscalls.o
 .debug_macro   0x00000dbb       0x35 Application/SW4STM32/syscalls.o
 .debug_macro   0x00000df0       0x9c Application/SW4STM32/syscalls.o
 .debug_macro   0x00000e8c       0x57 Application/SW4STM32/syscalls.o
 .debug_macro   0x00000ee3      0x174 Application/SW4STM32/syscalls.o
 .debug_macro   0x00001057      0x330 Application/SW4STM32/syscalls.o
 .debug_macro   0x00001387       0x58 Application/SW4STM32/syscalls.o
 .debug_macro   0x000013df       0x1f Application/SW4STM32/syscalls.o
 .debug_macro   0x000013fe       0x43 Application/SW4STM32/syscalls.o
 .debug_macro   0x00001441       0x20 Application/SW4STM32/syscalls.o
 .debug_macro   0x00001461      0x18e Application/SW4STM32/syscalls.o
 .debug_macro   0x000015ef       0x10 Application/SW4STM32/syscalls.o
 .debug_macro   0x000015ff       0x35 Application/SW4STM32/syscalls.o
 .debug_macro   0x00001634       0x10 Application/SW4STM32/syscalls.o
 .debug_macro   0x00001644       0x10 Application/SW4STM32/syscalls.o
 .debug_macro   0x00001654       0x10 Application/SW4STM32/syscalls.o
 .debug_macro   0x00001664       0x6a Application/SW4STM32/syscalls.o
 .debug_macro   0x000016ce       0x1c Application/SW4STM32/syscalls.o
 .debug_macro   0x000016ea       0x52 Application/SW4STM32/syscalls.o
 .debug_macro   0x0000173c       0x40 Application/SW4STM32/syscalls.o
 .debug_macro   0x0000177c       0x10 Application/SW4STM32/syscalls.o
 .debug_macro   0x0000178c       0x40 Application/SW4STM32/syscalls.o
 .debug_macro   0x000017cc       0xd7 Application/SW4STM32/syscalls.o
 .debug_macro   0x000018a3       0x1c Application/SW4STM32/syscalls.o
 .debug_macro   0x000018bf       0x3d Application/SW4STM32/syscalls.o
 .debug_macro   0x000018fc       0x35 Application/SW4STM32/syscalls.o
 .debug_macro   0x00001931      0x122 Application/SW4STM32/syscalls.o
 .debug_macro   0x00001a53       0x16 Application/SW4STM32/syscalls.o
 .debug_macro   0x00001a69       0x16 Application/SW4STM32/syscalls.o
 .debug_macro   0x00001a7f       0x29 Application/SW4STM32/syscalls.o
 .debug_macro   0x00001aa8       0x10 Application/SW4STM32/syscalls.o
 .debug_macro   0x00001ab8      0x241 Application/SW4STM32/syscalls.o
 .debug_macro   0x00001cf9       0x1c Application/SW4STM32/syscalls.o
 .debug_macro   0x00001d15       0x10 Application/SW4STM32/syscalls.o
 .debug_macro   0x00001d25       0x10 Application/SW4STM32/syscalls.o
 .debug_macro   0x00001d35       0x16 Application/SW4STM32/syscalls.o
 .debug_macro   0x00001d4b      0x16f Application/SW4STM32/syscalls.o
 .debug_macro   0x00001eba      0x189 Application/SW4STM32/syscalls.o
 .debug_macro   0x00002043       0x16 Application/SW4STM32/syscalls.o
 .debug_macro   0x00002059       0x88 Application/SW4STM32/syscalls.o
 .debug_macro   0x000020e1      0x35d Application/User/Circular_buffer/src/circular_buffer.o
 .debug_macro   0x0000243e      0x18c Application/User/Circular_buffer/src/circular_buffer.o
 .debug_macro   0x000025ca       0x32 Application/User/Circular_buffer/src/circular_buffer.o
 .debug_macro   0x000025fc       0x28 Application/User/Circular_buffer/src/circular_buffer.o
 .debug_macro   0x00002624       0x87 Application/User/Circular_buffer/src/circular_buffer.o
 .debug_macro   0x000026ab       0x51 Application/User/Circular_buffer/src/circular_buffer.o
 .debug_macro   0x000026fc       0xef Application/User/Circular_buffer/src/circular_buffer.o
 .debug_macro   0x000027eb      0x1df Application/User/Circular_buffer/src/circular_buffer.o
 .debug_macro   0x000029ca       0x35 Application/User/Circular_buffer/src/circular_buffer.o
 .debug_macro   0x000029ff       0x50 Application/User/Circular_buffer/src/circular_buffer.o
 .debug_macro   0x00002a4f      0xe66 Application/User/Circular_buffer/src/circular_buffer.o
 .debug_macro   0x000038b5     0x9c5e Application/User/Circular_buffer/src/circular_buffer.o
 .debug_macro   0x0000d513       0x43 Application/User/Circular_buffer/src/circular_buffer.o
 .debug_macro   0x0000d556     0x3535 Application/User/Circular_buffer/src/circular_buffer.o
 .debug_macro   0x00010a8b       0x58 Application/User/Circular_buffer/src/circular_buffer.o
 .debug_macro   0x00010ae3       0x16 Application/User/Circular_buffer/src/circular_buffer.o
 .debug_macro   0x00010af9       0x97 Application/User/Circular_buffer/src/circular_buffer.o
 .debug_macro   0x00010b90       0xfd Application/User/Circular_buffer/src/circular_buffer.o
 .debug_macro   0x00010c8d       0x50 Application/User/Circular_buffer/src/circular_buffer.o
 .debug_macro   0x00010cdd      0x39f Application/User/Circular_buffer/src/circular_buffer.o
 .debug_macro   0x0001107c      0xa02 Application/User/Circular_buffer/src/circular_buffer.o
 .debug_macro   0x00011a7e      0x11e Application/User/Circular_buffer/src/circular_buffer.o
 .debug_macro   0x00011b9c       0xc0 Application/User/Circular_buffer/src/circular_buffer.o
 .debug_macro   0x00011c5c       0x27 Application/User/Circular_buffer/src/circular_buffer.o
 .debug_macro   0x00011c83      0x287 Application/User/Circular_buffer/src/circular_buffer.o
 .debug_macro   0x00011f0a       0x5f Application/User/Circular_buffer/src/circular_buffer.o
 .debug_macro   0x00011f69      0x23a Application/User/Circular_buffer/src/circular_buffer.o
 .debug_macro   0x000121a3      0x13a Application/User/Circular_buffer/src/circular_buffer.o
 .debug_macro   0x000122dd      0x225 Application/User/Circular_buffer/src/circular_buffer.o
 .debug_macro   0x00012502       0x2e Application/User/Circular_buffer/src/circular_buffer.o
 .debug_macro   0x00012530      0x11e Application/User/Circular_buffer/src/circular_buffer.o
 .debug_macro   0x0001264e       0x91 Application/User/Circular_buffer/src/circular_buffer.o
 .debug_macro   0x000126df       0x89 Application/User/Circular_buffer/src/circular_buffer.o
 .debug_macro   0x00012768      0x31a Application/User/Circular_buffer/src/circular_buffer.o
 .debug_macro   0x00012a82      0x409 Application/User/Circular_buffer/src/circular_buffer.o
 .debug_macro   0x00012e8b       0xe4 Application/User/Circular_buffer/src/circular_buffer.o
 .debug_macro   0x00012f6f      0x6e0 Application/User/Circular_buffer/src/circular_buffer.o
 .debug_macro   0x0001364f       0x75 Application/User/Circular_buffer/src/circular_buffer.o
 .debug_macro   0x000136c4      0x14d Application/User/Circular_buffer/src/circular_buffer.o
 .debug_macro   0x00013811      0x287 Application/User/Circular_buffer/src/circular_buffer.o
 .debug_macro   0x00013a98      0x13b Application/User/Circular_buffer/src/circular_buffer.o
 .debug_macro   0x00013bd3       0x22 Application/User/Circular_buffer/src/circular_buffer.o
 .debug_macro   0x00013bf5       0x2e Application/User/Circular_buffer/src/circular_buffer.o
 .debug_macro   0x00013c23      0x366 Application/User/KeyPad_4x4/src/KeyPad_4x4.o
 .debug_macro   0x00013f89       0x76 Application/User/KeyPad_4x4/src/KeyPad_4x4.o
 .debug_macro   0x00013fff      0x37c Application/User/Lcd_driver/src/tm_stm32_delay.o
 .debug_macro   0x0001437b       0x52 Application/User/Lcd_driver/src/tm_stm32_delay.o
 .debug_macro   0x000143cd       0x32 Application/User/Lcd_driver/src/tm_stm32_delay.o
 .debug_macro   0x000143ff      0x348 Application/User/Lcd_driver/src/tm_stm32_gpio.o
 .debug_macro   0x00014747       0xad Application/User/Lcd_driver/src/tm_stm32_gpio.o
 .debug_macro   0x000147f4      0x449 Application/User/Lcd_driver/src/tm_stm32_hd44780.o
 .debug_macro   0x00014c3d       0xb3 Application/User/Lcd_driver/src/tm_stm32_hd44780.o
 .debug_macro   0x00014cf0      0x35d Application/User/Rtc/src/rtc.o
 .debug_macro   0x0001504d      0x35d Application/User/Timeout/src/timeout.o
 .debug_macro   0x000153aa      0x35d Application/User/UART/src/uart.o
 .debug_macro   0x00015707      0x416 Application/User/main.o
 .debug_macro   0x00015b1d       0x70 Application/User/main.o
 .debug_macro   0x00015b8d       0x16 Application/User/main.o
 .debug_macro   0x00015ba3      0x33f Application/User/stm32f4xx_hal_msp.o
 .debug_macro   0x00015ee2      0x349 Application/User/stm32f4xx_it.o
 .debug_macro   0x0001622b      0x336 Drivers/CMSIS/system_stm32f4xx.o
 .debug_macro   0x00016561      0x390 Drivers/STM32F4xx_HAL_Driver/stm32f4xx_hal.o
 .debug_macro   0x000168f1      0x330 Drivers/STM32F4xx_HAL_Driver/stm32f4xx_hal_cortex.o
 .debug_macro   0x00016c21      0x337 Drivers/STM32F4xx_HAL_Driver/stm32f4xx_hal_dma.o
 .debug_macro   0x00016f58      0x368 Drivers/STM32F4xx_HAL_Driver/stm32f4xx_hal_gpio.o
 .debug_macro   0x000172c0      0x354 Drivers/STM32F4xx_HAL_Driver/stm32f4xx_hal_rcc.o
 .debug_macro   0x00017614      0x330 Drivers/STM32F4xx_HAL_Driver/stm32f4xx_hal_rcc_ex.o
 .debug_macro   0x00017944      0x331 Drivers/STM32F4xx_HAL_Driver/stm32f4xx_hal_rtc.o
 .debug_macro   0x00017c75      0x330 Drivers/STM32F4xx_HAL_Driver/stm32f4xx_hal_tim.o
 .debug_macro   0x00017fa5      0x330 Drivers/STM32F4xx_HAL_Driver/stm32f4xx_hal_tim_ex.o
 .debug_macro   0x000182d5      0x331 Drivers/STM32F4xx_HAL_Driver/stm32f4xx_hal_uart.o

.comment        0x00000000       0x7e
 .comment       0x00000000       0x7e Application/SW4STM32/syscalls.o
                                 0x7f (size before relaxing)
 .comment       0x0000007e       0x7f Application/User/Circular_buffer/src/circular_buffer.o
 .comment       0x0000007e       0x7f Application/User/KeyPad_4x4/src/KeyPad_4x4.o
 .comment       0x0000007e       0x7f Application/User/Lcd_driver/src/tm_stm32_delay.o
 .comment       0x0000007e       0x7f Application/User/Lcd_driver/src/tm_stm32_gpio.o
 .comment       0x0000007e       0x7f Application/User/Lcd_driver/src/tm_stm32_hd44780.o
 .comment       0x0000007e       0x7f Application/User/Rtc/src/rtc.o
 .comment       0x0000007e       0x7f Application/User/Timeout/src/timeout.o
 .comment       0x0000007e       0x7f Application/User/UART/src/uart.o
 .comment       0x0000007e       0x7f Application/User/main.o
 .comment       0x0000007e       0x7f Application/User/stm32f4xx_hal_msp.o
 .comment       0x0000007e       0x7f Application/User/stm32f4xx_it.o
 .comment       0x0000007e       0x7f Drivers/CMSIS/system_stm32f4xx.o
 .comment       0x0000007e       0x7f Drivers/STM32F4xx_HAL_Driver/stm32f4xx_hal.o
 .comment       0x0000007e       0x7f Drivers/STM32F4xx_HAL_Driver/stm32f4xx_hal_cortex.o
 .comment       0x0000007e       0x7f Drivers/STM32F4xx_HAL_Driver/stm32f4xx_hal_dma.o
 .comment       0x0000007e       0x7f Drivers/STM32F4xx_HAL_Driver/stm32f4xx_hal_gpio.o
 .comment       0x0000007e       0x7f Drivers/STM32F4xx_HAL_Driver/stm32f4xx_hal_rcc.o
 .comment       0x0000007e       0x7f Drivers/STM32F4xx_HAL_Driver/stm32f4xx_hal_rcc_ex.o
 .comment       0x0000007e       0x7f Drivers/STM32F4xx_HAL_Driver/stm32f4xx_hal_rtc.o
 .comment       0x0000007e       0x7f Drivers/STM32F4xx_HAL_Driver/stm32f4xx_hal_tim.o
 .comment       0x0000007e       0x7f Drivers/STM32F4xx_HAL_Driver/stm32f4xx_hal_tim_ex.o
 .comment       0x0000007e       0x7f Drivers/STM32F4xx_HAL_Driver/stm32f4xx_hal_uart.o

.debug_frame    0x00000000     0x2e94
 .debug_frame   0x00000000      0x1a8 Application/SW4STM32/syscalls.o
 .debug_frame   0x000001a8       0xb8 Application/User/Circular_buffer/src/circular_buffer.o
 .debug_frame   0x00000260       0xa4 Application/User/KeyPad_4x4/src/KeyPad_4x4.o
 .debug_frame   0x00000304      0x104 Application/User/Lcd_driver/src/tm_stm32_delay.o
 .debug_frame   0x00000408      0x204 Application/User/Lcd_driver/src/tm_stm32_gpio.o
 .debug_frame   0x0000060c      0x1e4 Application/User/Lcd_driver/src/tm_stm32_hd44780.o
 .debug_frame   0x000007f0       0x78 Application/User/Rtc/src/rtc.o
 .debug_frame   0x00000868       0x84 Application/User/Timeout/src/timeout.o
 .debug_frame   0x000008ec       0x64 Application/User/UART/src/uart.o
 .debug_frame   0x00000950      0x188 Application/User/main.o
 .debug_frame   0x00000ad8       0xc4 Application/User/stm32f4xx_hal_msp.o
 .debug_frame   0x00000b9c       0xa8 Application/User/stm32f4xx_it.o
 .debug_frame   0x00000c44       0x30 Drivers/CMSIS/system_stm32f4xx.o
 .debug_frame   0x00000c74      0x1cc Drivers/STM32F4xx_HAL_Driver/stm32f4xx_hal.o
 .debug_frame   0x00000e40      0x15c Drivers/STM32F4xx_HAL_Driver/stm32f4xx_hal_cortex.o
 .debug_frame   0x00000f9c      0x188 Drivers/STM32F4xx_HAL_Driver/stm32f4xx_hal_dma.o
 .debug_frame   0x00001124       0xd8 Drivers/STM32F4xx_HAL_Driver/stm32f4xx_hal_gpio.o
 .debug_frame   0x000011fc      0x184 Drivers/STM32F4xx_HAL_Driver/stm32f4xx_hal_rcc.o
 .debug_frame   0x00001380       0xb8 Drivers/STM32F4xx_HAL_Driver/stm32f4xx_hal_rcc_ex.o
 .debug_frame   0x00001438      0x20c Drivers/STM32F4xx_HAL_Driver/stm32f4xx_hal_rtc.o
 .debug_frame   0x00001644      0x9e0 Drivers/STM32F4xx_HAL_Driver/stm32f4xx_hal_tim.o
 .debug_frame   0x00002024      0x384 Drivers/STM32F4xx_HAL_Driver/stm32f4xx_hal_tim_ex.o
 .debug_frame   0x000023a8      0x4f0 Drivers/STM32F4xx_HAL_Driver/stm32f4xx_hal_uart.o
 .debug_frame   0x00002898       0x2c c:/ac6/systemworkbench/plugins/fr.ac6.mcu.externaltools.arm-none.win32_1.16.0.201807130628/tools/compiler/bin/../lib/gcc/arm-none-eabi/7.2.1/thumb/v7e-m/fpv4-sp/hard\libgcc.a(_aeabi_uldivmod.o)
 .debug_frame   0x000028c4       0x34 c:/ac6/systemworkbench/plugins/fr.ac6.mcu.externaltools.arm-none.win32_1.16.0.201807130628/tools/compiler/bin/../lib/gcc/arm-none-eabi/7.2.1/thumb/v7e-m/fpv4-sp/hard\libgcc.a(_udivmoddi4.o)
 .debug_frame   0x000028f8       0x30 c:/ac6/systemworkbench/plugins/fr.ac6.mcu.externaltools.arm-none.win32_1.16.0.201807130628/tools/compiler/bin/../lib/gcc/arm-none-eabi/7.2.1/../../../../arm-none-eabi/lib/thumb/v7e-m/fpv4-sp/hard\libc_nano.a(lib_a-atoi.o)
 .debug_frame   0x00002928       0x20 c:/ac6/systemworkbench/plugins/fr.ac6.mcu.externaltools.arm-none.win32_1.16.0.201807130628/tools/compiler/bin/../lib/gcc/arm-none-eabi/7.2.1/../../../../arm-none-eabi/lib/thumb/v7e-m/fpv4-sp/hard\libc_nano.a(lib_a-errno.o)
 .debug_frame   0x00002948       0x2c c:/ac6/systemworkbench/plugins/fr.ac6.mcu.externaltools.arm-none.win32_1.16.0.201807130628/tools/compiler/bin/../lib/gcc/arm-none-eabi/7.2.1/../../../../arm-none-eabi/lib/thumb/v7e-m/fpv4-sp/hard\libc_nano.a(lib_a-init.o)
 .debug_frame   0x00002974       0x20 c:/ac6/systemworkbench/plugins/fr.ac6.mcu.externaltools.arm-none.win32_1.16.0.201807130628/tools/compiler/bin/../lib/gcc/arm-none-eabi/7.2.1/../../../../arm-none-eabi/lib/thumb/v7e-m/fpv4-sp/hard\libc_nano.a(lib_a-memset.o)